 parser

 Timestamp is 34ba8d60 (Mon Jan 12 16:38:40 1998)

 Preferred load address is 00400000

 Start         Length     Name                   Class
 0001:00000000 0000c376H .text                   CODE
 0002:00000000 000004bfH .rdata                  DATA
 0002:000004bf 00000000H .edata                  DATA
 0003:00000000 00000004H .CRT$XCA                DATA
 0003:00000004 00000004H .CRT$XCZ                DATA
 0003:00000008 00000004H .CRT$XIA                DATA
 0003:0000000c 00000008H .CRT$XIC                DATA
 0003:00000014 00000004H .CRT$XIZ                DATA
 0003:00000018 00000004H .CRT$XPA                DATA
 0003:0000001c 00000004H .CRT$XPX                DATA
 0003:00000020 00000004H .CRT$XPZ                DATA
 0003:00000024 00000004H .CRT$XTA                DATA
 0003:00000028 00000004H .CRT$XTZ                DATA
 0003:00000030 00005c90H .data                   DATA
 0003:00005cc0 00001584H .bss                    DATA
 0004:00000000 00000014H .idata$2                DATA
 0004:00000014 00000014H .idata$3                DATA
 0004:00000028 000000c0H .idata$4                DATA
 0004:000000e8 000000c0H .idata$5                DATA
 0004:000001a8 00000346H .idata$6                DATA

  Address         Publics by Value              Rva+Base   Lib:Object

 0001:00000000       _ERROR_func1               00401000 f par_pars.obj
 0001:00000050       _ERROR_func2               00401050 f par_pars.obj
 0001:00000060       _main                      00401060 f par_pars.obj
 0001:00000490       _par_read_input            00401490 f par_pars.obj
 0001:000004d0       _par_print_output          004014d0 f par_pars.obj
 0001:000004f0       _par_initialize_variables  004014f0 f par_pars.obj
 0001:00000520       _par_process_input         00401520 f par_pars.obj
 0001:00000fc0       _par_match_rule            00401fc0 f par_pars.obj
 0001:000014d0       _par_delete_string         004024d0 f par_pars.obj
 0001:00001580       _par_replace_string        00402580 f par_pars.obj
 0001:000016f0       _par_insert_string         004026f0 f par_pars.obj
 0001:00001820       _par_insert_string_after   00402820 f par_pars.obj
 0001:000018c0       _par_insert_string_before  004028c0 f par_pars.obj
 0001:000019e0       _par_save_string           004029e0 f par_pars.obj
 0001:00001a40       _par_dom_dict_search       00402a40 f par_pars.obj
 0001:00001bc0       _par_look_ahead_dictionary 00402bc0 f par_pars.obj
 0001:00001c30       _par_search_for_word       00402c30 f par_pars.obj
 0001:00001e50       _par_check_word_string     00402e50 f par_pars.obj
 0001:00001ef0       _par_status_string         00402ef0 f par_pars.obj
 0001:00001f50       _par_build_string_from_rule 00402f50 f par_pars.obj
 0001:00002170       _par_match_string          00403170 f par_pars.obj
 0001:00002380       _par_copy_string_data      00403380 f par_pars.obj
 0001:000023f0       _par_convert_number        004033f0 f par_pars.obj
 0001:00002420       _par_convert_number_new2   00403420 f par_pars.obj
 0001:00002450       _par_get_int_length        00403450 f par_pars.obj
 0001:00002490       _par_look_ahead            00403490 f par_pars.obj
 0001:000026b0       _par_copy_word_to_output   004036b0 f par_pars.obj
 0001:000027a0       _par_skip_white_space      004037a0 f par_pars.obj
 0001:000028e0       _par_print_rule_error      004038e0 f par_pars.obj
 0001:00002950       _par_match_standard        00403950 f par_pars.obj
 0001:00002d20       _par_match_digits          00403d20 f par_pars.obj
 0001:00003040       _par_match_sets_with_ranges 00404040 f par_pars.obj
 0001:000032e0       _par_match_set             004042e0 f par_pars.obj
 0001:000034c0       _fprintf                   004044c0 f LIBC:fprintf.obj
 0001:00003500       ___initstdio               00404500 f LIBC:_file.obj
 0001:000035c0       ___endstdio                004045c0 f LIBC:_file.obj
 0001:000035e0       _clock                     004045e0 f LIBC:clock.obj
 0001:00003630       ___inittime                00404630 f LIBC:clock.obj
 0001:00003640       __fpmath                   00404640 f LIBC:fpinit.obj
 0001:00003660       __fpclear                  00404660 f LIBC:fpinit.obj
 0001:00003670       __cfltcvt_init             00404670 f LIBC:fpinit.obj
 0001:000036b0       ___setfflag                004046b0 f LIBC:fpinit.obj
 0001:000036c0       __alloca_probe             004046c0   LIBC:chkstk.obj
 0001:000036c0       __chkstk                   004046c0   LIBC:chkstk.obj
 0001:000036f0       _fgets                     004046f0 f LIBC:fgets.obj
 0001:00003770       _printf                    00404770 f LIBC:printf.obj
 0001:000037b0       __stricmp                  004047b0 f LIBC:stricmp.obj
 0001:000037b0       __strcmpi                  004047b0 f LIBC:stricmp.obj
 0001:00003840       _atol                      00404840 f LIBC:atox.obj
 0001:000038e0       _atoi                      004048e0 f LIBC:atox.obj
 0001:000038f0       __atoi64                   004048f0 f LIBC:atox.obj
 0001:000039c0       _mainCRTStartup            004049c0 f LIBC:crt0.obj
 0001:00003ae0       __amsg_exit                00404ae0 f LIBC:crt0.obj
 0001:00003b10       __stbuf                    00404b10 f LIBC:_sftbuf.obj
 0001:00003bb0       __ftbuf                    00404bb0 f LIBC:_sftbuf.obj
 0001:00003c10       __output                   00404c10 f LIBC:output.obj
 0001:000046d0       __ioinit                   004056d0 f LIBC:ioinit.obj
 0001:000048d0       __ioterm                   004058d0 f LIBC:ioinit.obj
 0001:00004900       _calloc                    00405900 f LIBC:calloc.obj
 0001:000049a0       __fcloseall                004059a0 f LIBC:closeall.obj
 0001:00004a10       __cinit                    00405a10 f LIBC:crt0dat.obj
 0001:00004a40       _exit                      00405a40 f LIBC:crt0dat.obj
 0001:00004a60       __exit                     00405a60 f LIBC:crt0dat.obj
 0001:00004a80       __cexit                    00405a80 f LIBC:crt0dat.obj
 0001:00004a90       __c_exit                   00405a90 f LIBC:crt0dat.obj
 0001:00004b70       _fflush                    00405b70 f LIBC:fflush.obj
 0001:00004bc0       __flush                    00405bc0 f LIBC:fflush.obj
 0001:00004c30       __flushall                 00405c30 f LIBC:fflush.obj
 0001:00004cc0       __ftime                    00405cc0 f LIBC:ftime.obj
 0001:00004d80       __setdefaultprecision      00405d80 f LIBC:fp8.obj
 0001:00004da0       __ms_p5_test_fdiv          00405da0 f LIBC:testfdiv.obj
 0001:00004df0       __ms_p5_mp_test_fdiv       00405df0 f LIBC:testfdiv.obj
 0001:00004e20       __forcdecpt                00405e20 f LIBC:cvt.obj
 0001:00004e80       __cropzeros                00405e80 f LIBC:cvt.obj
 0001:00004ef0       __positive                 00405ef0 f LIBC:cvt.obj
 0001:00004f10       __fassign                  00405f10 f LIBC:cvt.obj
 0001:00004f70       __cftoe                    00405f70 f LIBC:cvt.obj
 0001:000050b0       __cftof                    004060b0 f LIBC:cvt.obj
 0001:000051b0       __cftog                    004061b0 f LIBC:cvt.obj
 0001:000052c0       __cfltcvt                  004062c0 f LIBC:cvt.obj
 0001:00005360       __filbuf                   00406360 f LIBC:_filbuf.obj
 0001:00005450       __tolower                  00406450 f LIBC:tolower.obj
 0001:00005460       _tolower                   00406460 f LIBC:tolower.obj
 0001:00005560       __isctype                  00406560 f LIBC:isctype.obj
 0001:00005600       __allmul                   00406600 f LIBC:llmul.obj
 0001:00005640       __XcptFilter               00406640 f LIBC:winxfltr.obj
 0001:000057d0       __setenvp                  004067d0 f LIBC:stdenvp.obj
 0001:000058c0       __setargv                  004068c0 f LIBC:stdargv.obj
 0001:00005b70       ___crtGetEnvironmentStringsW 00406b70 f LIBC:aw_env.obj
 0001:00005d70       ___crtGetEnvironmentStringsA 00406d70 f LIBC:aw_env.obj
 0001:00005ed0       __setmbcp                  00406ed0 f LIBC:mbctype.obj
 0001:000061a0       __getmbcp                  004071a0 f LIBC:mbctype.obj
 0001:000061b0       ___initmbctable            004071b0 f LIBC:mbctype.obj
 0001:000061c0       __heap_init                004071c0 f LIBC:heapinit.obj
 0001:00006200       __heap_term                00407200 f LIBC:heapinit.obj
 0001:00006240       __global_unwind2           00407240 f LIBC:exsup.obj
 0001:00006282       __local_unwind2            00407282 f LIBC:exsup.obj
 0001:000062da       __NLG_Return2              004072da   LIBC:exsup.obj
 0001:000062ea       __abnormal_termination     004072ea f LIBC:exsup.obj
 0001:0000630d       __NLG_Notify1              0040730d f LIBC:exsup.obj
 0001:00006316       __NLG_Notify               00407316 f LIBC:exsup.obj
 0001:00006329       __NLG_Dispatch             00407329   LIBC:exsup.obj
 0001:00006338       __except_handler3          00407338 f LIBC:exsup3.obj
 0001:000063f5       __seh_longjmp_unwind@4     004073f5 f LIBC:exsup3.obj
 0001:00006410       __FF_MSGBANNER             00407410 f LIBC:crt0msg.obj
 0001:00006450       __NMSG_WRITE               00407450 f LIBC:crt0msg.obj
 0001:00006630       __GET_RTERRMSG             00407630 f LIBC:crt0msg.obj
 0001:00006660       _malloc                    00407660 f LIBC:malloc.obj
 0001:00006680       __nh_malloc                00407680 f LIBC:malloc.obj
 0001:000066d0       __heap_alloc               004076d0 f LIBC:malloc.obj
 0001:00006710       __isatty                   00407710 f LIBC:isatty.obj
 0001:00006740       _wctomb                    00407740 f LIBC:wctomb.obj
 0001:000067c0       __aulldiv                  004077c0 f LIBC:ulldiv.obj
 0001:00006830       __aullrem                  00407830 f LIBC:ullrem.obj
 0001:000068b0       __flsbuf                   004078b0 f LIBC:_flsbuf.obj
 0001:000069e0       _free                      004079e0 f LIBC:free.obj
 0001:00006a30       ?_set_new_handler@@YAP6AHI@ZP6AHI@Z@Z 00407a30 f LIBC:handler.obj
 0001:00006a40       ?_query_new_handler@@YAP6AHI@ZXZ 00407a40 f LIBC:handler.obj
 0001:00006a50       __callnewh                 00407a50 f LIBC:handler.obj
 0001:00006a70       __get_sbh_threshold        00407a70 f LIBC:sbheap.obj
 0001:00006a80       __set_sbh_threshold        00407a80 f LIBC:sbheap.obj
 0001:00006aa0       ___sbh_new_region          00407aa0 f LIBC:sbheap.obj
 0001:00006c10       ___sbh_release_region      00407c10 f LIBC:sbheap.obj
 0001:00006c70       ___sbh_decommit_pages      00407c70 f LIBC:sbheap.obj
 0001:00006d40       ___sbh_find_block          00407d40 f LIBC:sbheap.obj
 0001:00006da0       ___sbh_free_block          00407da0 f LIBC:sbheap.obj
 0001:00006e00       ___sbh_alloc_block         00407e00 f LIBC:sbheap.obj
 0001:00007040       ___sbh_alloc_block_from_page 00408040 f LIBC:sbheap.obj
 0001:000071c0       ___sbh_resize_block        004081c0 f LIBC:sbheap.obj
 0001:00007290       ___sbh_heap_check          00408290 f LIBC:sbheap.obj
 0001:00007460       _fclose                    00408460 f LIBC:fclose.obj
 0001:000074e0       __commit                   004084e0 f LIBC:commit.obj
 0001:00007540       __write                    00408540 f LIBC:write.obj
 0001:00007760       _mktime                    00408760 f LIBC:mktime.obj
 0001:00007770       __mkgmtime                 00408770 f LIBC:mktime.obj
 0001:000079c0       ___tzset                   004089c0 f LIBC:tzset.obj
 0001:000079e0       __tzset                    004089e0 f LIBC:tzset.obj
 0001:00007c90       __isindst                  00408c90 f LIBC:tzset.obj
 0001:000080a0       __statusfp                 004090a0 f LIBC:ieee87.obj
 0001:000080c0       __clearfp                  004090c0 f LIBC:ieee87.obj
 0001:000080e0       __control87                004090e0 f LIBC:ieee87.obj
 0001:00008120       __controlfp                00409120 f LIBC:ieee87.obj
 0001:00008140       __fpreset                  00409140 f LIBC:ieee87.obj
 0001:000082e0       __ZeroTail                 004092e0 f LIBC:intrncvt.obj
 0001:00008350       __IncMan                   00409350 f LIBC:intrncvt.obj
 0001:000083c0       __RoundMan                 004093c0 f LIBC:intrncvt.obj
 0001:00008460       __CopyMan                  00409460 f LIBC:intrncvt.obj
 0001:00008480       __FillZeroMan              00409480 f LIBC:intrncvt.obj
 0001:00008490       __IsZeroMan                00409490 f LIBC:intrncvt.obj
 0001:000084b0       __ShrMan                   004094b0 f LIBC:intrncvt.obj
 0001:00008570       __ld12cvt                  00409570 f LIBC:intrncvt.obj
 0001:00008740       __ld12tod                  00409740 f LIBC:intrncvt.obj
 0001:00008760       __ld12tof                  00409760 f LIBC:intrncvt.obj
 0001:00008780       __ld12told                 00409780 f LIBC:intrncvt.obj
 0001:00008800       __atodbl                   00409800 f LIBC:intrncvt.obj
 0001:00008840       __atoldbl                  00409840 f LIBC:intrncvt.obj
 0001:00008880       __atoflt                   00409880 f LIBC:intrncvt.obj
 0001:000088c0       __fptostr                  004098c0 f LIBC:_fptostr.obj
 0001:00008960       __fltout                   00409960 f LIBC:cfout.obj
 0001:000089e0       ___dtold                   004099e0 f LIBC:cfout.obj
 0001:00008aa0       _memmove                   00409aa0 f LIBC:memmove.obj
 0001:00008de0       __fptrap                   00409de0 f LIBC:crt0fp.obj
 0001:00008df0       __read                     00409df0 f LIBC:read.obj
 0001:00009050       __getbuf                   0040a050 f LIBC:_getbuf.obj
 0001:000090b0       ___crtLCMapStringW         0040a0b0 f LIBC:aw_map.obj
 0001:00009300       ___crtLCMapStringA         0040a300 f LIBC:aw_map.obj
 0001:00009550       ___crtGetStringTypeW       0040a550 f LIBC:aw_str.obj
 0001:000096e0       ___crtGetStringTypeA       0040a6e0 f LIBC:aw_str.obj
 0001:00009810       _wcslen                    0040a810 f LIBC:wcslen.obj
 0001:00009830       ___crtMessageBoxA          0040a830 f LIBC:crtmbox.obj
 0001:000098c0       _strncpy                   0040a8c0 f LIBC:strncpy.obj
 0001:000099c0       __lseek                    0040a9c0 f LIBC:lseek.obj
 0001:00009a80       __close                    0040aa80 f LIBC:close.obj
 0001:00009b60       __freebuf                  0040ab60 f LIBC:_freebuf.obj
 0001:00009ba0       __alloc_osfhnd             0040aba0 f LIBC:osfinfo.obj
 0001:00009c60       __set_osfhnd               0040ac60 f LIBC:osfinfo.obj
 0001:00009d10       __free_osfhnd              0040ad10 f LIBC:osfinfo.obj
 0001:00009db0       __get_osfhandle            0040adb0 f LIBC:osfinfo.obj
 0001:00009e00       __open_osfhandle           0040ae00 f LIBC:osfinfo.obj
 0001:00009ea0       __dosmaperr                0040aea0 f LIBC:dosmap.obj
 0001:00009f10       _gmtime                    0040af10 f LIBC:gmtime.obj
 0001:0000a070       _localtime                 0040b070 f LIBC:localtim.obj
 0001:0000a260       _wcstombs                  0040b260 f LIBC:wcstombs.obj
 0001:0000a490       _getenv                    0040b490 f LIBC:getenv.obj
 0001:0000a520       ___addl                    0040b520 f LIBC:mantold.obj
 0001:0000a550       ___add_12                  0040b550 f LIBC:mantold.obj
 0001:0000a5c0       ___shl_12                  0040b5c0 f LIBC:mantold.obj
 0001:0000a5f0       ___shr_12                  0040b5f0 f LIBC:mantold.obj
 0001:0000a620       ___mtold12                 0040b620 f LIBC:mantold.obj
 0001:0000a720       ___strgtold12              0040b720 f LIBC:strgtold.obj
 0001:0000aeb0       ___STRINGTOLD              0040beb0 f LIBC:strgtold.obj
 0001:0000af00       _$I10_OUTPUT               0040bf00 f LIBC:x10fout.obj
 0001:0000b290       __mbsnbicoll               0040c290 f LIBC:mbsnbico.obj
 0001:0000b2d0       ___wtomb_environ           0040c2d0 f LIBC:wtombenv.obj
 0001:0000b350       ___ld12mul                 0040c350 f LIBC:tenpow.obj
 0001:0000b610       ___multtenpow12            0040c610 f LIBC:tenpow.obj
 0001:0000b6a0       ___crtCompareStringW       0040c6a0 f LIBC:aw_cmp.obj
 0001:0000b8f0       ___crtCompareStringA       0040c8f0 f LIBC:aw_cmp.obj
 0001:0000bbf0       ___crtsetenv               0040cbf0 f LIBC:setenv.obj
 0001:0000bef0       _realloc                   0040cef0 f LIBC:realloc.obj
 0001:0000c090       __mbschr                   0040d090 f LIBC:mbschr.obj
 0001:0000c140       __strdup                   0040d140 f LIBC:strdup.obj
 0001:0000c1a0       _strchr                    0040d1a0 f LIBC:strchr.obj
 0001:0000c1a6       ___from_strstr_to_strchr   0040d1a6   LIBC:strchr.obj
 0001:0000c25c       _GetCommandLineA@0         0040d25c f kernel32:KERNEL32.dll
 0001:0000c262       _GetVersion@0              0040d262 f kernel32:KERNEL32.dll
 0001:0000c268       _SetHandleCount@4          0040d268 f kernel32:KERNEL32.dll
 0001:0000c26e       _GetStdHandle@4            0040d26e f kernel32:KERNEL32.dll
 0001:0000c274       _GetFileType@4             0040d274 f kernel32:KERNEL32.dll
 0001:0000c27a       _GetStartupInfoA@4         0040d27a f kernel32:KERNEL32.dll
 0001:0000c280       _HeapAlloc@12              0040d280 f kernel32:KERNEL32.dll
 0001:0000c286       _ExitProcess@4             0040d286 f kernel32:KERNEL32.dll
 0001:0000c28c       _TerminateProcess@8        0040d28c f kernel32:KERNEL32.dll
 0001:0000c292       _GetCurrentProcess@0       0040d292 f kernel32:KERNEL32.dll
 0001:0000c298       _GetLocalTime@4            0040d298 f kernel32:KERNEL32.dll
 0001:0000c29e       _GetProcAddress@8          0040d29e f kernel32:KERNEL32.dll
 0001:0000c2a4       _GetModuleHandleA@4        0040d2a4 f kernel32:KERNEL32.dll
 0001:0000c2aa       _UnhandledExceptionFilter@4 0040d2aa f kernel32:KERNEL32.dll
 0001:0000c2b0       _GetModuleFileNameA@12     0040d2b0 f kernel32:KERNEL32.dll
 0001:0000c2b6       _FreeEnvironmentStringsA@4 0040d2b6 f kernel32:KERNEL32.dll
 0001:0000c2bc       _MultiByteToWideChar@24    0040d2bc f kernel32:KERNEL32.dll
 0001:0000c2c2       _FreeEnvironmentStringsW@4 0040d2c2 f kernel32:KERNEL32.dll
 0001:0000c2c8       _GetEnvironmentStrings@0   0040d2c8 f kernel32:KERNEL32.dll
 0001:0000c2ce       _GetEnvironmentStringsW@0  0040d2ce f kernel32:KERNEL32.dll
 0001:0000c2d4       _WideCharToMultiByte@32    0040d2d4 f kernel32:KERNEL32.dll
 0001:0000c2da       _GetCPInfo@8               0040d2da f kernel32:KERNEL32.dll
 0001:0000c2e0       _GetACP@0                  0040d2e0 f kernel32:KERNEL32.dll
 0001:0000c2e6       _GetOEMCP@0                0040d2e6 f kernel32:KERNEL32.dll
 0001:0000c2ec       _HeapDestroy@4             0040d2ec f kernel32:KERNEL32.dll
 0001:0000c2f2       _HeapCreate@12             0040d2f2 f kernel32:KERNEL32.dll
 0001:0000c2f8       _VirtualFree@12            0040d2f8 f kernel32:KERNEL32.dll
 0001:0000c2fe       _RtlUnwind@16              0040d2fe f kernel32:KERNEL32.dll
 0001:0000c304       _WriteFile@20              0040d304 f kernel32:KERNEL32.dll
 0001:0000c30a       _HeapFree@12               0040d30a f kernel32:KERNEL32.dll
 0001:0000c310       _VirtualAlloc@16           0040d310 f kernel32:KERNEL32.dll
 0001:0000c316       _GetLastError@0            0040d316 f kernel32:KERNEL32.dll
 0001:0000c31c       _FlushFileBuffers@4        0040d31c f kernel32:KERNEL32.dll
 0001:0000c322       _GetTimeZoneInformation@4  0040d322 f kernel32:KERNEL32.dll
 0001:0000c328       _ReadFile@20               0040d328 f kernel32:KERNEL32.dll
 0001:0000c32e       _LCMapStringA@24           0040d32e f kernel32:KERNEL32.dll
 0001:0000c334       _LCMapStringW@24           0040d334 f kernel32:KERNEL32.dll
 0001:0000c33a       _GetStringTypeA@20         0040d33a f kernel32:KERNEL32.dll
 0001:0000c340       _GetStringTypeW@16         0040d340 f kernel32:KERNEL32.dll
 0001:0000c346       _LoadLibraryA@4            0040d346 f kernel32:KERNEL32.dll
 0001:0000c34c       _SetFilePointer@16         0040d34c f kernel32:KERNEL32.dll
 0001:0000c352       _CloseHandle@4             0040d352 f kernel32:KERNEL32.dll
 0001:0000c358       _SetStdHandle@8            0040d358 f kernel32:KERNEL32.dll
 0001:0000c35e       _CompareStringA@24         0040d35e f kernel32:KERNEL32.dll
 0001:0000c364       _CompareStringW@24         0040d364 f kernel32:KERNEL32.dll
 0001:0000c36a       _SetEnvironmentVariableA@8 0040d36a f kernel32:KERNEL32.dll
 0001:0000c370       _HeapReAlloc@16            0040d370 f kernel32:KERNEL32.dll
 0002:00000070       ___lookuptable             0040e070   LIBC:output.obj
 0002:000000cc       ??_C@_1O@POHA@?$AA?$CI?$AAn?$AAu?$AAl?$AAl?$AA?$CJ?$AA?$AA@ 0040e0cc   LIBC:output.obj
 0002:000000dc       ??_C@_06ONKE@?$CInull?$CJ?$AA@ 0040e0dc   LIBC:output.obj
 0002:000000f0       ??_C@_0BK@JEGK@IsProcessorFeaturePresent?$AA@ 0040e0f0   LIBC:testfdiv.obj
 0002:0000010c       ??_C@_08OBID@KERNEL32?$AA@ 0040e10c   LIBC:testfdiv.obj
 0002:00000120       ??_C@_05OFLO@e?$CL000?$AA@ 0040e120   LIBC:cvt.obj
 0002:00000128       ??_C@_0P@GGKG@runtime?5error?5?$AA@ 0040e128   LIBC:crt0msg.obj
 0002:00000138       ??_C@_02PIMC@?$AN?6?$AA@   0040e138   LIBC:crt0msg.obj
 0002:0000013c       ??_C@_0O@DELO@TLOSS?5error?$AN?6?$AA@ 0040e13c   LIBC:crt0msg.obj
 0002:0000014c       ??_C@_0N@OMLL@SING?5error?$AN?6?$AA@ 0040e14c   LIBC:crt0msg.obj
 0002:0000015c       ??_C@_0P@OJAK@DOMAIN?5error?$AN?6?$AA@ 0040e15c   LIBC:crt0msg.obj
 0002:0000016c       ??_C@_0CF@EANP@R6028?$AN?6?9?5unable?5to?5initialize?5he@ 0040e16c   LIBC:crt0msg.obj
 0002:00000194       ??_C@_0DF@ECGN@R6027?$AN?6?9?5not?5enough?5space?5for?5lo@ 0040e194   LIBC:crt0msg.obj
 0002:000001cc       ??_C@_0DF@FKAC@R6026?$AN?6?9?5not?5enough?5space?5for?5st@ 0040e1cc   LIBC:crt0msg.obj
 0002:00000204       ??_C@_0CG@DPMN@R6025?$AN?6?9?5pure?5virtual?5function?5c@ 0040e204   LIBC:crt0msg.obj
 0002:0000022c       ??_C@_0DF@CKIP@R6024?$AN?6?9?5not?5enough?5space?5for?5_o@ 0040e22c   LIBC:crt0msg.obj
 0002:00000264       ??_C@_0CJ@GGOE@R6019?$AN?6?9?5unable?5to?5open?5console?5@ 0040e264   LIBC:crt0msg.obj
 0002:00000290       ??_C@_0CB@LBOB@R6018?$AN?6?9?5unexpected?5heap?5error?$AN?6@ 0040e290   LIBC:crt0msg.obj
 0002:000002b4       ??_C@_0CN@FPEG@R6017?$AN?6?9?5unexpected?5multithread?5@ 0040e2b4   LIBC:crt0msg.obj
 0002:000002e4       ??_C@_0CM@OBIC@R6016?$AN?6?9?5not?5enough?5space?5for?5th@ 0040e2e4   LIBC:crt0msg.obj
 0002:00000310       ??_C@_0CB@HPAL@?$AN?6abnormal?5program?5termination?$AN?6@ 0040e310   LIBC:crt0msg.obj
 0002:00000334       ??_C@_0CM@JOOB@R6009?$AN?6?9?5not?5enough?5space?5for?5en@ 0040e334   LIBC:crt0msg.obj
 0002:00000360       ??_C@_0CK@OIBL@R6008?$AN?6?9?5not?5enough?5space?5for?5ar@ 0040e360   LIBC:crt0msg.obj
 0002:0000038c       ??_C@_0CF@LKPB@R6002?$AN?6?9?5floating?5point?5not?5load@ 0040e38c   LIBC:crt0msg.obj
 0002:000003b4       ??_C@_0CF@JPDF@Microsoft?5Visual?5C?$CL?$CL?5Runtime?5Lib@ 0040e3b4   LIBC:crt0msg.obj
 0002:000003dc       ??_C@_02JJJH@?6?6?$AA@     0040e3dc   LIBC:crt0msg.obj
 0002:000003e0       ??_C@_0BK@DEOK@Runtime?5Error?$CB?6?6Program?3?5?$AA@ 0040e3e0   LIBC:crt0msg.obj
 0002:000003fc       ??_C@_03NAME@?4?4?4?$AA@   0040e3fc   LIBC:crt0msg.obj
 0002:00000400       ??_C@_0BH@NNCD@?$DMprogram?5name?5unknown?$DO?$AA@ 0040e400   LIBC:crt0msg.obj
 0002:00000418       ___dnames                  0040e418   LIBC:timeset.obj
 0002:00000430       ___mnames                  0040e430   LIBC:timeset.obj
 0002:00000458       ??_C@_02JHIA@TZ?$AA@       0040e458   LIBC:tzset.obj
 0002:0000045c       ??_C@_01A@?$AA?$AA@        0040e45c   LIBC:aw_map.obj
 0002:00000460       ??_C@_13A@?$AA?$AA?$AA?$AA@ 0040e460   LIBC:aw_map.obj
 0002:00000464       ??_C@_0BD@NJFP@GetLastActivePopup?$AA@ 0040e464   LIBC:crtmbox.obj
 0002:00000478       ??_C@_0BA@GILI@GetActiveWindow?$AA@ 0040e478   LIBC:crtmbox.obj
 0002:00000488       ??_C@_0M@PKCK@MessageBoxA?$AA@ 0040e488   LIBC:crtmbox.obj
 0002:00000494       ??_C@_0L@HKL@user32?4dll?$AA@ 0040e494   LIBC:crtmbox.obj
 0002:000004a0       ??_C@_06PAPI@1?$CDQNAN?$AA@ 0040e4a0   LIBC:x10fout.obj
 0002:000004a8       ??_C@_05BGNL@1?$CDINF?$AA@ 0040e4a8   LIBC:x10fout.obj
 0002:000004b0       ??_C@_05EDPF@1?$CDIND?$AA@ 0040e4b0   LIBC:x10fout.obj
 0002:000004b8       ??_C@_06LKFM@1?$CDSNAN?$AA@ 0040e4b8   LIBC:x10fout.obj
 0003:00000000       ___xc_a                    0040f000   LIBC:crt0init.obj
 0003:00000004       ___xc_z                    0040f004   LIBC:crt0init.obj
 0003:00000008       ___xi_a                    0040f008   LIBC:crt0init.obj
 0003:00000014       ___xi_z                    0040f014   LIBC:crt0init.obj
 0003:00000018       ___xp_a                    0040f018   LIBC:crt0init.obj
 0003:00000020       ___xp_z                    0040f020   LIBC:crt0init.obj
 0003:00000024       ___xt_a                    0040f024   LIBC:crt0init.obj
 0003:00000028       ___xt_z                    0040f028   LIBC:crt0init.obj
 0003:00000030       _parser_char_types         0040f030   par_char.obj
 0003:00000238       _par_lower                 0040f238   par_char.obj
 0003:00000338       _par_upper                 0040f338   par_char.obj
 0003:00000438       _par_illegal_cluster       0040f438   par_char.obj
 0003:000004a8       _char_type_table           0040f4a8   par_pars.obj
 0003:000004e8       _perform_action_funcs      0040f4e8   par_pars.obj
 0003:000006cc       ??_C@_0EB@PJJM@par_set_return_level?$DLtoo?5many?5le@ 0040f6cc   par_pars.obj
 0003:00000710       ??_C@_0DP@EDMP@par_get_return_level?$DLno?5place?5to@ 0040f710   par_pars.obj
 0003:00000750       _num_rule_sections         0040f750   par_test.obj
 0003:00000758       _rule_sections             0040f758   par_test.obj
 0003:00000764       _num_rules                 0040f764   par_test.obj
 0003:00000768       _rule_index_table          0040f768   par_test.obj
 0003:00000948       _rule_data_table           0040f948   par_test.obj
 0003:00001df0       _dict_point                00410df0   par_test.obj
 0003:00001e98       _dict_index_table          00410e98   par_test.obj
 0003:00002370       _dict_data_table           00411370   par_test.obj
 0003:00002ff8       __iob                      00411ff8   LIBC:_file.obj
 0003:00003278       __fltused                  00412278   LIBC:fpinit.obj
 0003:0000327c       __ldused                   0041227c   LIBC:fpinit.obj
 0003:00003280       __FPinit                   00412280   LIBC:fpinit.obj
 0003:00003284       __FPmtinit                 00412284   LIBC:fpinit.obj
 0003:00003288       __FPmtterm                 00412288   LIBC:fpinit.obj
 0003:00003290       __aexit_rtn                00412290   LIBC:crt0.obj
 0003:00003294       ___app_type                00412294   LIBC:crt0.obj
 0003:00003298       ___nullstring              00412298   LIBC:output.obj
 0003:0000329c       ___wnullstring             0041229c   LIBC:output.obj
 0003:000032a0       ___badioinfo               004122a0   LIBC:ioinit.obj
 0003:000032a8       __cfltcvt_tab              004122a8   LIBC:cmiscdat.obj
 0003:000032c0       __pctype                   004122c0   LIBC:ctype.obj
 0003:000032c4       __pwctype                  004122c4   LIBC:ctype.obj
 0003:000032c8       __ctype                    004122c8   LIBC:ctype.obj
 0003:000034cc       ___mb_cur_max              004124cc   LIBC:nlsdata1.obj
 0003:000034d0       ___decimal_point           004124d0   LIBC:nlsdata1.obj
 0003:000034d4       ___decimal_point_length    004124d4   LIBC:nlsdata1.obj
 0003:000034e0       __XcptActTab               004124e0   LIBC:winxfltr.obj
 0003:00003558       __First_FPE_Indx           00412558   LIBC:winxfltr.obj
 0003:0000355c       __Num_FPE                  0041255c   LIBC:winxfltr.obj
 0003:00003560       __XcptActTabCount          00412560   LIBC:winxfltr.obj
 0003:00003564       __fpecode                  00412564   LIBC:winxfltr.obj
 0003:00003660       __amblksiz                 00412660   LIBC:heapinit.obj
 0003:00003664       __NLG_Destination          00412664   LIBC:exsup.obj
 0003:00003710       ___small_block_heap        00412710   LIBC:sbheap.obj
 0003:00005734       ___sbh_threshold           00414734   LIBC:sbheap.obj
 0003:00005738       __timezone                 00414738   LIBC:timeset.obj
 0003:0000573c       __daylight                 0041473c   LIBC:timeset.obj
 0003:00005740       __dstbias                  00414740   LIBC:timeset.obj
 0003:000057c8       __tzname                   004147c8   LIBC:timeset.obj
 0003:00005988       __lpdays                   00414988   LIBC:days.obj
 0003:000059c0       __days                     004149c0   LIBC:days.obj
 0003:000059f8       __pow10pos                 004149f8   LIBC:constpow.obj
 0003:00005b58       __pow10neg                 00414b58   LIBC:constpow.obj
 0003:00005cc0       __cflush                   00414cc0   LIBC:_file.obj
 0003:00005cc8       ___itimeb                  00414cc8   LIBC:clock.obj
 0003:00005cd4       ___fastflag                00414cd4   LIBC:fpinit.obj
 0003:00005cd8       __adjust_fdiv              00414cd8   LIBC:fpinit.obj
 0003:00005cdc       __aenvptr                  00414cdc   LIBC:crt0.obj
 0003:00005ce0       __wenvptr                  00414ce0   LIBC:crt0.obj
 0003:00005ce4       ___error_mode              00414ce4   LIBC:crt0.obj
 0003:00005ce8       __stdbuf                   00414ce8   LIBC:_sftbuf.obj
 0003:00005cf0       _errno                     00414cf0   LIBC:crt0dat.obj
 0003:00005cf4       __doserrno                 00414cf4   LIBC:crt0dat.obj
 0003:00005cf8       __umaskval                 00414cf8   LIBC:crt0dat.obj
 0003:00005cfc       __osver                    00414cfc   LIBC:crt0dat.obj
 0003:00005d00       __winver                   00414d00   LIBC:crt0dat.obj
 0003:00005d04       __winmajor                 00414d04   LIBC:crt0dat.obj
 0003:00005d08       __winminor                 00414d08   LIBC:crt0dat.obj
 0003:00005d0c       ___argc                    00414d0c   LIBC:crt0dat.obj
 0003:00005d10       ___argv                    00414d10   LIBC:crt0dat.obj
 0003:00005d14       ___wargv                   00414d14   LIBC:crt0dat.obj
 0003:00005d18       __environ                  00414d18   LIBC:crt0dat.obj
 0003:00005d1c       ___initenv                 00414d1c   LIBC:crt0dat.obj
 0003:00005d20       __wenviron                 00414d20   LIBC:crt0dat.obj
 0003:00005d24       ___winitenv                00414d24   LIBC:crt0dat.obj
 0003:00005d28       __pgmptr                   00414d28   LIBC:crt0dat.obj
 0003:00005d2c       __wpgmptr                  00414d2c   LIBC:crt0dat.obj
 0003:00005d30       __exitflag                 00414d30   LIBC:crt0dat.obj
 0003:00005d34       __C_Termination_Done       00414d34   LIBC:crt0dat.obj
 0003:00005d38       __C_Exit_Done              00414d38   LIBC:crt0dat.obj
 0003:00005d50       ___lc_handle               00414d50   LIBC:nlsdata2.obj
 0003:00005d68       ___lc_codepage             00414d68   LIBC:nlsdata2.obj
 0003:00005d6c       __pxcptinfoptrs            00414d6c   LIBC:winxfltr.obj
 0003:00005e80       __mbctype                  00414e80   LIBC:mbctype.obj
 0003:00005f84       ___mbcodepage              00414f84   LIBC:mbctype.obj
 0003:00005f88       ___mblcid                  00414f88   LIBC:mbctype.obj
 0003:00005f90       ___mbulinfo                00414f90   LIBC:mbctype.obj
 0003:00005fa0       __adbgmsg                  00414fa0   LIBC:crt0msg.obj
 0003:00005fa4       ?_pnhHeap@@3P6AHI@ZA       00414fa4   LIBC:handler.obj
 0003:00005fa8       __newmode                  00414fa8   LIBC:_newmode.obj
 0003:000060f0       _Ksd_t                     004150f0   <common>
 0003:000060fc       _pKsd_t                    004150fc   <common>
 0003:00006100       __crtheap                  00415100   <common>
 0003:00006104       ___onexitend               00415104   <common>
 0003:00006108       ___onexitbegin             00415108   <common>
 0003:00006120       ___pioinfo                 00415120   <common>
 0003:00006220       __nhandle                  00415220   <common>
 0003:00006224       __acmdln                   00415224   <common>
 0003:00006228       ___piob                    00415228   <common>
 0003:00006240       __bufin                    00415240   <common>
 0003:00007240       __nstream                  00416240   <common>
 0004:00000000       __IMPORT_DESCRIPTOR_KERNEL32 00417000   kernel32:KERNEL32.dll
 0004:00000014       __NULL_IMPORT_DESCRIPTOR   00417014   kernel32:KERNEL32.dll
 0004:000000e8       __imp__HeapDestroy@4       004170e8   kernel32:KERNEL32.dll
 0004:000000ec       __imp__GetVersion@0        004170ec   kernel32:KERNEL32.dll
 0004:000000f0       __imp__SetHandleCount@4    004170f0   kernel32:KERNEL32.dll
 0004:000000f4       __imp__GetStdHandle@4      004170f4   kernel32:KERNEL32.dll
 0004:000000f8       __imp__GetFileType@4       004170f8   kernel32:KERNEL32.dll
 0004:000000fc       __imp__GetStartupInfoA@4   004170fc   kernel32:KERNEL32.dll
 0004:00000100       __imp__HeapAlloc@12        00417100   kernel32:KERNEL32.dll
 0004:00000104       __imp__ExitProcess@4       00417104   kernel32:KERNEL32.dll
 0004:00000108       __imp__TerminateProcess@8  00417108   kernel32:KERNEL32.dll
 0004:0000010c       __imp__GetCurrentProcess@0 0041710c   kernel32:KERNEL32.dll
 0004:00000110       __imp__GetLocalTime@4      00417110   kernel32:KERNEL32.dll
 0004:00000114       __imp__GetProcAddress@8    00417114   kernel32:KERNEL32.dll
 0004:00000118       __imp__GetModuleHandleA@4  00417118   kernel32:KERNEL32.dll
 0004:0000011c       __imp__UnhandledExceptionFilter@4 0041711c   kernel32:KERNEL32.dll
 0004:00000120       __imp__GetModuleFileNameA@12 00417120   kernel32:KERNEL32.dll
 0004:00000124       __imp__FreeEnvironmentStringsA@4 00417124   kernel32:KERNEL32.dll
 0004:00000128       __imp__MultiByteToWideChar@24 00417128   kernel32:KERNEL32.dll
 0004:0000012c       __imp__FreeEnvironmentStringsW@4 0041712c   kernel32:KERNEL32.dll
 0004:00000130       __imp__GetEnvironmentStrings@0 00417130   kernel32:KERNEL32.dll
 0004:00000134       __imp__GetEnvironmentStringsW@0 00417134   kernel32:KERNEL32.dll
 0004:00000138       __imp__WideCharToMultiByte@32 00417138   kernel32:KERNEL32.dll
 0004:0000013c       __imp__GetCPInfo@8         0041713c   kernel32:KERNEL32.dll
 0004:00000140       __imp__GetACP@0            00417140   kernel32:KERNEL32.dll
 0004:00000144       __imp__GetOEMCP@0          00417144   kernel32:KERNEL32.dll
 0004:00000148       __imp__GetCommandLineA@0   00417148   kernel32:KERNEL32.dll
 0004:0000014c       __imp__HeapCreate@12       0041714c   kernel32:KERNEL32.dll
 0004:00000150       __imp__VirtualFree@12      00417150   kernel32:KERNEL32.dll
 0004:00000154       __imp__RtlUnwind@16        00417154   kernel32:KERNEL32.dll
 0004:00000158       __imp__WriteFile@20        00417158   kernel32:KERNEL32.dll
 0004:0000015c       __imp__HeapFree@12         0041715c   kernel32:KERNEL32.dll
 0004:00000160       __imp__VirtualAlloc@16     00417160   kernel32:KERNEL32.dll
 0004:00000164       __imp__GetLastError@0      00417164   kernel32:KERNEL32.dll
 0004:00000168       __imp__FlushFileBuffers@4  00417168   kernel32:KERNEL32.dll
 0004:0000016c       __imp__GetTimeZoneInformation@4 0041716c   kernel32:KERNEL32.dll
 0004:00000170       __imp__ReadFile@20         00417170   kernel32:KERNEL32.dll
 0004:00000174       __imp__LCMapStringA@24     00417174   kernel32:KERNEL32.dll
 0004:00000178       __imp__LCMapStringW@24     00417178   kernel32:KERNEL32.dll
 0004:0000017c       __imp__GetStringTypeA@20   0041717c   kernel32:KERNEL32.dll
 0004:00000180       __imp__GetStringTypeW@16   00417180   kernel32:KERNEL32.dll
 0004:00000184       __imp__LoadLibraryA@4      00417184   kernel32:KERNEL32.dll
 0004:00000188       __imp__SetFilePointer@16   00417188   kernel32:KERNEL32.dll
 0004:0000018c       __imp__CloseHandle@4       0041718c   kernel32:KERNEL32.dll
 0004:00000190       __imp__SetStdHandle@8      00417190   kernel32:KERNEL32.dll
 0004:00000194       __imp__CompareStringA@24   00417194   kernel32:KERNEL32.dll
 0004:00000198       __imp__CompareStringW@24   00417198   kernel32:KERNEL32.dll
 0004:0000019c       __imp__SetEnvironmentVariableA@8 0041719c   kernel32:KERNEL32.dll
 0004:000001a0       __imp__HeapReAlloc@16      004171a0   kernel32:KERNEL32.dll
 0004:000001a4       \177KERNEL32_NULL_THUNK_DATA 004171a4   kernel32:KERNEL32.dll

 entry point at        0001:000039c0

 Static symbols

 0001:0000be00       _findenv                   0040ce00 f LIBC:setenv.obj
 0001:0000be80       _copy_environ              0040ce80 f LIBC:setenv.obj
 0001:0000b8b0       _wcsncnt                   0040c8b0 f LIBC:aw_cmp.obj
 0001:0000bbc0       _strncnt                   0040cbc0 f LIBC:aw_cmp.obj
 0001:0000a450       _wcsncnt                   0040b450 f LIBC:wcstombs.obj
 0001:000092c0       _wcsncnt                   0040a2c0 f LIBC:aw_map.obj
 0001:00009520       _strncnt                   0040a520 f LIBC:aw_map.obj
 0001:00008170       __abstract_cw              00409170 f LIBC:ieee87.obj
 0001:00008210       __hw_cw                    00409210 f LIBC:ieee87.obj
 0001:000082a0       __abstract_sw              004092a0 f LIBC:ieee87.obj
 0001:00007f00       _cvtdate                   00408f00 f LIBC:tzset.obj
 0001:00007780       __make_time_t              00408780 f LIBC:mktime.obj
 0001:00006260       __unwind_handler           00407260 f LIBC:exsup.obj
 0001:000060c0       _getSystemCP               004070c0 f LIBC:mbctype.obj
 0001:00006110       _CPtoLCID                  00407110 f LIBC:mbctype.obj
 0001:00006170       _setSBCS                   00407170 f LIBC:mbctype.obj
 0001:00005960       _parse_cmdline             00406960 f LIBC:stdargv.obj
 0001:00005780       _xcptlookup                00406780 f LIBC:winxfltr.obj
 0001:00005260       __cftoe_g                  00406260 f LIBC:cvt.obj
 0001:00005290       __cftof_g                  00406290 f LIBC:cvt.obj
 0001:00005330       __shift                    00406330 f LIBC:cvt.obj
 0001:00004c40       _flsall                    00405c40 f LIBC:fflush.obj
 0001:00004aa0       _doexit                    00405aa0 f LIBC:crt0dat.obj
 0001:00004b50       __initterm                 00405b50 f LIBC:crt0dat.obj
 0001:000045a0       _write_char                004055a0 f LIBC:output.obj
 0001:000045f0       _write_multi_char          004055f0 f LIBC:output.obj
 0001:00004630       _write_string              00405630 f LIBC:output.obj
 0001:00004670       _get_int_arg               00405670 f LIBC:output.obj
 0001:00004690       _get_int64_arg             00405690 f LIBC:output.obj
 0001:000046b0       _get_short_arg             004056b0 f LIBC:output.obj

FIXUPS: 45e9 4d fffffeee 1f 13 6b e fffffefa 15 c 6dd 34 fffffe1d b f 5
FIXUPS: 4a47 19 8 5 5 1d c 13 10 2c a fffffd65 49 44 23 4d 20 fffffea7
FIXUPS: 4827 ffffff51 19 10 ffffff88 ffffff18 5 a 109d 9b 156 fffff452
FIXUPS: 4d83 b9 23 6e e 2b 26 8b 88 1aa 1c 16 1d 13 88 12 ac 21 1b 2f 1f
FIXUPS: 5443 40 145 47 44 fffff4c8 50 16d2 15 2a 2b 3c 1d 1d 32 fffffac6
FIXUPS: 5d8b ffffff3a 9f fffffe17 b 1d 4c 44 3f 1a fffffd9a 12 12 20 1d
FIXUPS: 5a97 7b 12 fffffea4 1d ffffff5a 42 fffffd5c 172b 25 55 fffffa7f
FIXUPS: 6915 10 1c fffffec8 1a 2a 10 44 fffffda8 ffffff8a fffffed1 76 fffffe7c
FIXUPS: 63b1 fffffa79 1e de 27 53 15 2f 114 26 22 17 2f 3a 30 1806 17 ffffff02
FIXUPS: 791c 2b 3f 1f fffffcc7 33 15 37 fffffd42 18 d8 ae fffffdc8 d 11
FIXUPS: 73e0 25 fffffe4f ffffff86 fffffd03 27 b6 41 83 135 fffffa56 bc
FIXUPS: 6d23 2d 1c7a 40 a8 15 6b 14 41 29 34 38 4c 10f c6 20 fffff90b 10
FIXUPS: 8931 19 31 1e fffffc1f e5 fffffe6b ffffff7b b c 23 fffff860 cd
FIXUPS: 7e4a 3b 169 19ac fffff9f4 18 6b 12 1a1 15 1c 11 20 26 e 11 12 1a
FIXUPS: 96b6 32 68 20 51 5a 12 2e 12 2e 12 fffff800 21 20 19 29 1a 19c1
FIXUPS: ab20 fffffed9 46 fffffbd8 3b 55 13 9 bf 38 15 fffff94c 78 54 53
FIXUPS: a243 d 4c d c2 7a 81 d 13 7b d fffffb53 fffffe66 ff fffffe1d fffffb8b
FIXUPS: bd57 178 14 fffff67f 16 1b 1b b4 9 e 9 1d 52 fffffdb7 48 fffffdee
FIXUPS: b3f3 fffffc8c 24 18 25 14 b fffffb03 22c 21 28 fffffcfe ffffff44
FIXUPS: aad2 c d 1d14 31 d 2e 9 ef 1e 180 48 4e d fffff8c2 6c 53 163 fffffc77
FIXUPS: c325 ffffff91 fffffe1b 1c 6d 1e 34 d 12 d fffff6dc c5 9f f3 62
FIXUPS: bc68 ffff82e6 287 1da e8 8cc1 ffffff4e fffffe5f 19 44 2f 13 40
FIXUPS: d03f 2a fffffb9c 36 22 20 26 2c 2a 2a 28 4c 3c 48 92 12 12 fffff83f
FIXUPS: c72e 83 ffff5e23 160 12d a3 1de 63 68 5d 63 63 44 213 d 93 1ed
FIXUPS: 31d5 171 27d 22 ad 25a 12 12 d 11 10 1a3 b9 b5 23b 9 41 ffffd192
FIXUPS: 10fe 8 12 10 6c 104 ff 57 10 10 12 13 19 22 33 3a ea 109 c7 4f
FIXUPS: 1969 43b 8f 51 4a b9 16f f6 35 3a e3
