 dectalk

 Timestamp is 3eea15ea (Fri Jun 13 14:20:26 2003)

 Preferred load address is 1c000000

 Start         Length     Name                   Class
 0001:00000000 00027446H .text                   CODE
 0002:00000000 00000198H .idata$5                DATA
 0002:00000198 00000050H .rdata                  DATA
 0002:000001e8 00000078H .idata$2                DATA
 0002:00000260 00000014H .idata$3                DATA
 0002:00000274 00000198H .idata$4                DATA
 0002:0000040c 0000062eH .idata$6                DATA
 0002:00000a40 000006f8H .edata                  DATA
 0003:00000000 00041b00H .data                   DATA
 0003:00041b00 000003c4H .bss                    DATA

  Address         Publics by Value              Rva+Base     Lib:Object

 0001:00000000       _cm_cmd_match_comm         1c001000 f   cm_cmd.obj
 0001:00000230       _cm_cmd_do_command         1c001230 f   cm_cmd.obj
 0001:000002c0       _cm_cmd_build_param        1c0012c0 f   cm_cmd.obj
 0001:00000870       _cm_cmd_reset_comm         1c001870 f   cm_cmd.obj
 0001:000008f0       _cm_cmd_error_comm         1c0018f0 f   cm_cmd.obj
 0001:00000a70       _cm_cmd_phoneme            1c001a70 f   cm_copt.obj
 0001:00000b40       _cm_cmd_log                1c001b40 f   cm_copt.obj
 0001:00000d10       _OpenLogFile               1c001d10 f   cm_copt.obj
 0001:00000db0       _CloseLogFile              1c001db0 f   cm_copt.obj
 0001:00000e50       _cm_cmd_break              1c001e50 f   cm_copt.obj
 0001:00000ed0       _cm_cmd_say                1c001ed0 f   cm_copt.obj
 0001:00000fa0       _cm_cmd_error              1c001fa0 f   cm_copt.obj
 0001:00001030       _cm_cmd_pause              1c002030 f   cm_copt.obj
 0001:000010b0       _cm_cmd_resume             1c0020b0 f   cm_copt.obj
 0001:000010e0       _cm_cmd_flush              1c0020e0 f   cm_copt.obj
 0001:00001200       _cm_cmd_sync               1c002200 f   cm_copt.obj
 0001:00001280       _cm_cmd_enable             1c002280 f   cm_copt.obj
 0001:00001300       _cm_cmd_punct              1c002300 f   cm_copt.obj
 0001:00001390       _cm_cmd_skip               1c002390 f   cm_copt.obj
 0001:00001440       _cm_cmd_timeout            1c002440 f   cm_copt.obj
 0001:00001470       _cm_cmd_cpu_rate           1c002470 f   cm_copt.obj
 0001:00001480       _cm_cmd_setv               1c002480 f   cm_copt.obj
 0001:000014b0       _cm_cmd_loadv              1c0024b0 f   cm_copt.obj
 0001:00001560       _cm_cmd_code_page          1c002560 f   cm_copt.obj
 0001:00001570       _cm_cmd_vs                 1c002570 f   cm_copt.obj
 0001:00001590       _cm_cmd_volume             1c002590 f   cm_copt.obj
 0001:00001700       _cm_cmd_language           1c002700 f   cm_copt.obj
 0001:00001840       _cm_cmd_remove             1c002840 f   cm_copt.obj
 0001:00001890       _cm_cmd_mode               1c002890 f   cm_copt.obj
 0001:00001a00       _cm_cmd_pronounce          1c002a00 f   cm_copt.obj
 0001:00001aa0       _cm_cmd_rate               1c002aa0 f   cm_copt.obj
 0001:00001ae0       _cm_cmd_name               1c002ae0 f   cm_copt.obj
 0001:00001b60       _cm_cmd_latin              1c002b60 f   cm_copt.obj
 0001:00001ba0       _cm_cmd_comma              1c002ba0 f   cm_copt.obj
 0001:00001be0       _cm_cmd_period             1c002be0 f   cm_copt.obj
 0001:00001c20       _cm_cmd_mark               1c002c20 f   cm_copt.obj
 0001:00001e40       _cm_cmd_define             1c002e40 f   cm_copt.obj
 0001:00001f00       _cm_cmd_plang              1c002f00 f   cm_copt.obj
 0001:00002040       _cm_cmd_stress             1c003040 f   cm_copt.obj
 0001:00002070       _cm_cmd_tone               1c003070 f   cm_copt.obj
 0001:00002110       _cm_cmd_dial               1c003110 f   cm_copt.obj
 0001:000023b0       _cm_cmd_digitized          1c0033b0 f   cm_copt.obj
 0001:000023c0       _cm_cmd_debug              1c0033c0 f   cm_copt.obj
 0001:000023f0       _cm_cmd_gender             1c0033f0 f   cm_copt.obj
 0001:00002460       _cmd_main@4                1c003460 f   cm_main.obj
 0001:00002500       _cm_pars_loop              1c003500 f   cm_pars.obj
 0001:00002850       _cm_pars_proc_char         1c003850 f   cm_pars.obj
 0001:000029e0       _cm_pars_new_state         1c0039e0 f   cm_pars.obj
 0001:00002a80       _cm_pars_getseq            1c003a80 f   cm_pars.obj
 0001:00002ed0       _cm_phon_match             1c003ed0 f   cm_phon.obj
 0001:000033b0       _cm_text_get_word          1c0043b0 f   cm_text.obj
 0001:00003470       _cm_text_getclause         1c004470 f   cm_text.obj
 0001:000047f0       _cm_util_initialize        1c0057f0 f   cm_util.obj
 0001:00004960       _cm_util_flush_init        1c005960 f   cm_util.obj
 0001:00004a30       _cm_util_init_type         1c005a30 f   cm_util.obj
 0001:00004a50       _cm_util_dtpc_tones        1c005a50 f   cm_util.obj
 0001:00004ad0       _cm_util_dtpc_tones_reset  1c005ad0 f   cm_util.obj
 0001:00004ae0       _cm_util_type_out          1c005ae0 f   cm_util.obj
 0001:00004b70       _cm_util_string_match      1c005b70 f   cm_util.obj
 0001:00004bf0       _cm_util_write_pipe        1c005bf0 f   cm_util.obj
 0001:00004c60       _cmd_init                  1c005c60 f   Cmd_init.obj
 0001:00004cc0       _FreeCMDThreadMemory       1c005cc0 f   Cmd_init.obj
 0001:00004d10       _cm_cmd_play               1c005d10 f   cmd_wav.obj
 0001:00005200       _encryptString             1c006200 f   CRYPT2.OBJ
 0001:00005370       _decryptString             1c006370 f   CRYPT2.OBJ
 0001:00005510       _sixencode24               1c006510 f   CRYPT2.OBJ
 0001:00005550       _sixdecode24               1c006550 f   CRYPT2.OBJ
 0001:000055b0       _trand                     1c0065b0 f   CRYPT2.OBJ
 0001:000055e0       _rot24                     1c0065e0 f   CRYPT2.OBJ
 0001:00005610       _unrot24                   1c006610 f   CRYPT2.OBJ
 0001:00005640       _rot32                     1c006640 f   CRYPT2.OBJ
 0001:00005660       _WINstart_thread           1c006660 f   dbgwins.obj
 0001:00005670       _WINprintf                 1c006670 f   dbgwins.obj
 0001:00005680       _WINprint                  1c006680 f   dbgwins.obj
 0001:00005690       _unload_dictionary         1c006690 f   loaddict.obj
 0001:000056d0       _load_dictionary           1c0066d0 f   loaddict.obj
 0001:00005960       _ls_dict_blook             1c006960 f   ls_dict.obj
 0001:00005be0       _ls_dict_find_word         1c006be0 f   ls_dict.obj
 0001:00005f50       _ls_dict_dlook             1c006f50 f   ls_dict.obj
 0001:00006220       _ls_dict_where_to_look     1c007220 f   ls_dict.obj
 0001:00006300       _ls_dict_ufind_word        1c007300 f   ls_dict.obj
 0001:00006370       _ls_dict_user_dict_look    1c007370 f   ls_dict.obj
 0001:00006440       _ls_dict_where_to_ulook    1c007440 f   ls_dict.obj
 0001:000064a0       _DictionaryHit             1c0074a0 f   ls_dict.obj
 0001:000066c0       _DumpDictionary            1c0076c0 f   ls_dict.obj
 0001:00006850       _UserDictionaryHit         1c007850 f   ls_dict.obj
 0001:00006a80       _DumpUserDictionary        1c007a80 f   ls_dict.obj
 0001:00006ba0       _UserDictionaryHead        1c007ba0 f   ls_dict.obj
 0001:00006bb0       _GetUserEntrySize          1c007bb0 f   ls_dict.obj
 0001:00006bf0       _AddUserEntry              1c007bf0 f   ls_dict.obj
 0001:00006fc0       _DeleteUserEntry           1c007fc0 f   ls_dict.obj
 0001:00007110       _ChangeUserPhoneme         1c008110 f   ls_dict.obj
 0001:000071a0       _GetNumUserEntries         1c0081a0 f   ls_dict.obj
 0001:000071b0       _GetUserEntry              1c0081b0 f   ls_dict.obj
 0001:000072a0       _SaveUserDictionary        1c0082a0 f   ls_dict.obj
 0001:00007380       _ls_homo_homo              1c008380 f   ls_homo.obj
 0001:00007620       _ls_math_do_math           1c008620 f   ls_math.obj
 0001:00007670       _ls_math_flush_ascky       1c008670 f   ls_math.obj
 0001:000076d0       _ls_proc_do_sign           1c0086d0 f   ls_proc.obj
 0001:00007780       _ls_proc_do_part_number    1c008780 f   ls_proc.obj
 0001:000078d0       _ls_proc_is_a_part         1c0088d0 f   ls_proc.obj
 0001:00007900       _ls_proc_do_2_digits       1c008900 f   ls_proc.obj
 0001:00007990       _ls_proc_do_3_digits       1c008990 f   ls_proc.obj
 0001:00007a10       _ls_proc_do_4_digits       1c008a10 f   ls_proc.obj
 0001:00007ad0       _ls_proc_do_digit_group    1c008ad0 f   ls_proc.obj
 0001:00007c00       _ls_proc_do_number         1c008c00 f   ls_proc.obj
 0001:000082c0       _ls_proc_non_zero          1c0092c0 f   ls_proc.obj
 0001:000082f0       _ls_proc_is_date           1c0092f0 f   ls_proc.obj
 0001:00008480       _ls_proc_do_date           1c009480 f   ls_proc.obj
 0001:00008630       _ls_proc_is_frac           1c009630 f   ls_proc.obj
 0001:000086f0       _ls_proc_do_frac           1c0096f0 f   ls_proc.obj
 0001:000087d0       _ls_proc_is_time           1c0097d0 f   ls_proc.obj
 0001:000088e0       _ls_proc_is_am_pm          1c0098e0 f   ls_proc.obj
 0001:00008930       _ls_proc_do_time           1c009930 f   ls_proc.obj
 0001:00008a20       _ls_spel_say_it            1c009a20 f   ls_spel.obj
 0001:00008ad0       _ls_spel_spell             1c009ad0 f   ls_spel.obj
 0001:00008bb0       _ls_spel_spell_speed       1c009bb0 f   ls_spel.obj
 0001:00008c20       _ls_suff_suffix_find       1c009c20 f   ls_suff.obj
 0001:00008f00       _ls_suff_append_pron       1c009f00 f   ls_suff.obj
 0001:00008f70       _ls_suff_print_fc          1c009f70 f   ls_suff.obj
 0001:00009170       _ls_adju_cluster           1c00a170 f   lsa_adju.obj
 0001:000092c0       _ls_adju_allo2             1c00a2c0 f   lsa_adju.obj
 0001:000096b0       _ls_adju_sylables          1c00a6b0 f   lsa_adju.obj
 0001:000098a0       _ls_adju_is_cons           1c00a8a0 f   lsa_adju.obj
 0001:000098c0       _ls_adju_is_voc            1c00a8c0 f   lsa_adju.obj
 0001:000098e0       _ls_adju_stress            1c00a8e0 f   lsa_adju.obj
 0001:00009d30       _ls_adju_unstressed        1c00ad30 f   lsa_adju.obj
 0001:00009d70       _ls_adju_suffixscan        1c00ad70 f   lsa_adju.obj
 0001:00009e20       _ls_adju_prefixscan        1c00ae20 f   lsa_adju.obj
 0001:00009ff0       _ls_adju_bestdefault       1c00aff0 f   lsa_adju.obj
 0001:0000a090       _ls_adju_best2syl          1c00b090 f   lsa_adju.obj
 0001:0000a120       _ls_adju_final_fixes       1c00b120 f   lsa_adju.obj
 0001:0000a250       _ls_adju_allo1             1c00b250 f   lsa_adju.obj
 0001:0000a320       _ls_adju_delgemphone       1c00b320 f   lsa_adju.obj
 0001:0000a360       _ls_adju_is_obs            1c00b360 f   lsa_adju.obj
 0001:0000a380       _ls_adju_ins_phone         1c00b380 f   lsa_adju.obj
 0001:0000a3e0       _ls_adju_del_phone         1c00b3e0 f   lsa_adju.obj
 0001:0000a400       _ls_rule_lts               1c00b400 f   lsa_rule.obj
 0001:0000a750       _ls_rule_lts_out           1c00b750 f   lsa_rule.obj
 0001:0000a810       _ls_rule_delete_geminate_pairs 1c00b810 f   lsa_rule.obj
 0001:0000a8a0       _ls_rule_add_graph         1c00b8a0 f   lsa_rule.obj
 0001:0000a980       _ls_rule_rule_match        1c00b980 f   lsa_rule.obj
 0001:0000aad0       _ls_rule_env_match         1c00bad0 f   lsa_rule.obj
 0001:0000ad00       _ls_rule_add_phone         1c00bd00 f   lsa_rule.obj
 0001:0000ad50       _ls_rule_do_lts            1c00bd50 f   lsa_rule.obj
 0001:0000ae00       _ls_rule_show_phone        1c00be00 f   lsa_rule.obj
 0001:0000ae10       _ls_rule_phone_alloc       1c00be10 f   lsa_rule.obj
 0001:0000ae40       _ls_rule_phone_free        1c00be40 f   lsa_rule.obj
 0001:0000ae60       _ls_task_main              1c00be60 f   lsa_task.obj
 0001:0000b260       _ls_task_parse_number      1c00c260 f   lsa_task.obj
 0001:0000b410       _ls_task_wlookup           1c00c410 f   lsa_task.obj
 0001:0000b4e0       _ls_task_lookahead         1c00c4e0 f   lsa_task.obj
 0001:0000b520       _ls_task_do_right_punct    1c00c520 f   lsa_task.obj
 0001:0000b7f0       _ls_task_readword          1c00c7f0 f   lsa_task.obj
 0001:0000b9d0       _ls_task_spell_word        1c00c9d0 f   lsa_task.obj
 0001:0000ba20       _ls_task_read_next_word    1c00ca20 f   lsa_task.obj
 0001:0000bac0       _ls_task_set_what_state    1c00cac0 f   lsa_task.obj
 0001:0000bb90       _ls_task_find_end_of_word  1c00cb90 f   lsa_task.obj
 0001:0000bbc0       _ls_task_spell_mode        1c00cbc0 f   lsa_task.obj
 0001:0000bc10       _ls_task_minidic_search    1c00cc10 f   lsa_task.obj
 0001:0000bc60       _ls_task_math_mode         1c00cc60 f   lsa_task.obj
 0001:0000bca0       _ls_task_dictionary_search 1c00cca0 f   lsa_task.obj
 0001:0000bdb0       _ls_task_strip_left_punctuation 1c00cdb0 f   lsa_task.obj
 0001:0000be20       _ls_task_strip_right_punctuation 1c00ce20 f   lsa_task.obj
 0001:0000bf00       _ls_task_spell_all_punct   1c00cf00 f   lsa_task.obj
 0001:0000bf60       _ls_task_dictionary_after_punct 1c00cf60 f   lsa_task.obj
 0001:0000c030       _ls_task_spell_vs_speak    1c00d030 f   lsa_task.obj
 0001:0000c0b0       _ls_task_single_letter_spell_rules 1c00d0b0 f   lsa_task.obj
 0001:0000c2c0       _ls_task_remove_case       1c00d2c0 f   lsa_task.obj
 0001:0000c2f0       _ls_task_Dr_St_process     1c00d2f0 f   lsa_task.obj
 0001:0000c470       _ls_task_set_sign_flag     1c00d470 f   lsa_task.obj
 0001:0000c510       _ls_task_currency_processing 1c00d510 f   lsa_task.obj
 0001:0000c890       _ls_task_date_processing   1c00d890 f   lsa_task.obj
 0001:0000c9a0       _ls_task_frac_processing   1c00d9a0 f   lsa_task.obj
 0001:0000c9f0       _ls_task_plain_number_processing 1c00d9f0 f   lsa_task.obj
 0001:0000cd50       _ls_task_part_number       1c00dd50 f   lsa_task.obj
 0001:0000cdf0       _ls_task_process_word      1c00ddf0 f   lsa_task.obj
 0001:0000cfb0       _ls_task_lookup_first_verbs 1c00dfb0 f   lsa_task.obj
 0001:0000d090       _lsa_util_pcmp             1c00e090 f   lsa_util.obj
 0001:0000d0d0       _lsa_util_stress_fr        1c00e0d0 f   lsa_util.obj
 0001:0000d120       _lsa_util_stress_gr        1c00e120 f   lsa_util.obj
 0001:0000d250       _lsa_util_stress_it        1c00e250 f   lsa_util.obj
 0001:0000d310       _lsa_util_stress_ja        1c00e310 f   lsa_util.obj
 0001:0000d350       _lsa_util_stress_sl        1c00e350 f   lsa_util.obj
 0001:0000d5d0       _lsa_util_stress_sp        1c00e5d0 f   lsa_util.obj
 0001:0000d770       _lsa_util_init_lang        1c00e770 f   lsa_util.obj
 0001:0000d820       _lsa_util_id_name          1c00e820 f   lsa_util.obj
 0001:0000da60       _lsa_util_print_ntype      1c00ea60 f   lsa_util.obj
 0001:0000da80       _lsa_util_force_english    1c00ea80 f   lsa_util.obj
 0001:0000dbd0       _ls_util_dump_cword        1c00ebd0 f   lsa_util.obj
 0001:0000dc40       _ls_util_dump_llp_rlp      1c00ec40 f   lsa_util.obj
 0001:0000dcb0       _ls_util_dump_lsp_endp     1c00ecb0 f   lsa_util.obj
 0001:0000dd30       _ls_util_is_dot            1c00ed30 f   lsa_util.obj
 0001:0000dd50       _ls_util_is_name           1c00ed50 f   lsa_util.obj
 0001:0000dde0       _ls_util_is_ordinal        1c00ede0 f   lsa_util.obj
 0001:0000de80       _ls_util_is_year           1c00ee80 f   lsa_util.obj
 0001:0000dee0       _ls_util_copyword          1c00eee0 f   lsa_util.obj
 0001:0000df20       _ls_util_send_phone_list   1c00ef20 f   lsa_util.obj
 0001:0000df50       _ls_util_send_phone        1c00ef50 f   lsa_util.obj
 0001:0000e040       _ls_util_is_might          1c00f040 f   lsa_util.obj
 0001:0000e090       _ls_util_is_index          1c00f090 f   lsa_util.obj
 0001:0000e0d0       _ls_util_is_white          1c00f0d0 f   lsa_util.obj
 0001:0000e110       _ls_util_read_item         1c00f110 f   lsa_util.obj
 0001:0000e160       _ls_util_next_item         1c00f160 f   lsa_util.obj
 0001:0000e450       _ls_util_write_item        1c00f450 f   lsa_util.obj
 0001:0000e490       _ls_util_lookup            1c00f490 f   lsa_util.obj
 0001:0000e5d0       _ls_util_pluralize         1c00f5d0 f   lsa_util.obj
 0001:0000e640       _ls_util_is_vowel          1c00f640 f   lsa_util.obj
 0001:0000e670       _ls_util_lts_init          1c00f670 f   lsa_util.obj
 0001:0000e6a0       _f_fprintf                 1c00f6a0 f   lsa_util.obj
 0001:0000e6d0       _ls_util_write_pipe        1c00f6d0 f   lsa_util.obj
 0001:0000ee70       _ls_util_is_aword          1c00fe70 f   lsa_util.obj
 0001:0000eeb0       _lts_main@4                1c00feb0 f   lsw_main.obj
 0001:0000f040       _IsFileAccessible          1c010040 f   lsw_main.obj
 0001:0000f060       _FindFileOnPath            1c010060 f   lsw_main.obj
 0001:0000f0b0       _FindFileInCurrentDirectory 1c0100b0 f   lsw_main.obj
 0001:0000f190       _GetDictionaryNames        1c010190 f   lsw_main.obj
 0001:0000f3d0       _LTSLibMain                1c0103d0 f   lsw_main.obj
 0001:0000f3e0       _mallocLock                1c0103e0 f   mmalloc.obj
 0001:0000f400       _reallocLock               1c010400 f   mmalloc.obj
 0001:0000f430       _freeLock                  1c010430 f   mmalloc.obj
 0001:0000f460       _OP_CreateThread           1c010460 f   opthread.obj
 0001:0000f490       _OP_GetThreadPriority      1c010490 f   opthread.obj
 0001:0000f4a0       _OP_SetThreadPriority      1c0104a0 f   opthread.obj
 0001:0000f4c0       _OP_ExitThread             1c0104c0 f   opthread.obj
 0001:0000f4d0       _OP_WaitForThreadTermination 1c0104d0 f   opthread.obj
 0001:0000f510       _OP_CreateMutex            1c010510 f   opthread.obj
 0001:0000f530       _OP_DestroyMutex           1c010530 f   opthread.obj
 0001:0000f550       _OP_LockMutex              1c010550 f   opthread.obj
 0001:0000f560       _OP_UnlockMutex            1c010560 f   opthread.obj
 0001:0000f570       _OP_CreateEvent            1c010570 f   opthread.obj
 0001:0000f590       _OP_DestroyEvent           1c010590 f   opthread.obj
 0001:0000f5a0       _OP_SetEvent               1c0105a0 f   opthread.obj
 0001:0000f5b0       _OP_ResetEvent             1c0105b0 f   opthread.obj
 0001:0000f5c0       _OP_WaitForEvent           1c0105c0 f   opthread.obj
 0001:0000f5e0       _OP_Sleep                  1c0105e0 f   opthread.obj
 0001:0000f5f0       _ThreadLock                1c0105f0 f   opthread.obj
 0001:0000f670       _ThreadUnlock              1c010670 f   opthread.obj
 0001:0000f6a0       _par_dict_lookup           1c0106a0 f   Par_dict.obj
 0001:0000f880       _par_dict_find_word        1c010880 f   Par_dict.obj
 0001:0000f940       _par_dict_ufind_word       1c010940 f   Par_dict.obj
 0001:0000f9a0       _par_dict_dlook            1c0109a0 f   Par_dict.obj
 0001:0000fa50       _par_dict_udlook           1c010a50 f   Par_dict.obj
 0001:0000faf0       _par_dict_where_to_look    1c010af0 f   Par_dict.obj
 0001:0000fb60       _par_dict_where_to_ulook   1c010b60 f   Par_dict.obj
 0001:0000fbc0       _ERROR_func1               1c010bc0 f   Par_pars.obj
 0001:0000fc10       _ERROR_func2               1c010c10 f   Par_pars.obj
 0001:0000fc20       _par_process_input         1c010c20 f   Par_pars.obj
 0001:00010810       _par_match_rule            1c011810 f   Par_pars.obj
 0001:00010d80       _par_delete_string         1c011d80 f   Par_pars.obj
 0001:00010e20       _par_replace_string        1c011e20 f   Par_pars.obj
 0001:00010fa0       _par_compound_break        1c011fa0 f   Par_pars.obj
 0001:00011060       _par_break_down_word       1c012060 f   Par_pars.obj
 0001:00011230       _par_find_word_in_dict     1c012230 f   Par_pars.obj
 0001:000112f0       _par_insert_string         1c0122f0 f   Par_pars.obj
 0001:00011540       _par_insert_string_after   1c012540 f   Par_pars.obj
 0001:000115f0       _par_insert_string_before  1c0125f0 f   Par_pars.obj
 0001:00011700       _par_save_string           1c012700 f   Par_pars.obj
 0001:00011760       _par_dom_dict_search       1c012760 f   Par_pars.obj
 0001:000118f0       _par_look_ahead_dictionary 1c0128f0 f   Par_pars.obj
 0001:00011960       _par_search_for_word       1c012960 f   Par_pars.obj
 0001:00011b60       _par_check_word_string     1c012b60 f   Par_pars.obj
 0001:00011bf0       _par_status_string         1c012bf0 f   Par_pars.obj
 0001:00011c50       _par_build_string_from_rule 1c012c50 f   Par_pars.obj
 0001:00011e70       _par_match_string          1c012e70 f   Par_pars.obj
 0001:00012050       _par_copy_string_data      1c013050 f   Par_pars.obj
 0001:000120c0       _par_convert_number        1c0130c0 f   Par_pars.obj
 0001:000120f0       _par_convert_number_new2   1c0130f0 f   Par_pars.obj
 0001:00012120       _par_get_int_length        1c013120 f   Par_pars.obj
 0001:00012160       _par_look_ahead            1c013160 f   Par_pars.obj
 0001:00012380       _par_copy_word_to_output   1c013380 f   Par_pars.obj
 0001:00012460       _par_skip_white_space      1c013460 f   Par_pars.obj
 0001:00012590       _par_print_rule_error      1c013590 f   Par_pars.obj
 0001:000125f0       _par_match_standard        1c0135f0 f   Par_pars.obj
 0001:000129d0       _par_match_digits          1c0139d0 f   Par_pars.obj
 0001:00012ce0       _par_match_sets_with_ranges 1c013ce0 f   Par_pars.obj
 0001:00012fa0       _par_match_set             1c013fa0 f   Par_pars.obj
 0001:00013180       _phalloph                  1c014180 f   ph_aloph.obj
 0001:00013b20       _prphonol                  1c014b20 f   ph_aloph.obj
 0001:00013b30       _phclause                  1c014b30 f   ph_claus.obj
 0001:00013ca0       _init_phclause             1c014ca0 f   ph_claus.obj
 0001:00013ff0       _phdraw                    1c014ff0 f   ph_draw.obj
 0001:00014450       _pht0draw                  1c015450 f   ph_drwt0.obj
 0001:00014ed0       _phinton                   1c015ed0 f   ph_inton.obj
 0001:00015860       _logscrewup                1c016860 f   ph_inton.obj
 0001:00015870       _ph_main@4                 1c016870 f   ph_main.obj
 0001:000159e0       _FreePHInstanceData        1c0169e0 f   ph_main.obj
 0001:00015a30       _phsettar                  1c016a30 f   ph_setar.obj
 0001:00017ee0       _phcluster                 1c018ee0 f   ph_sort.obj
 0001:00018060       _phsort                    1c019060 f   ph_sort.obj
 0001:00019230       _saysyllable               1c01a230 f   ph_syl.obj
 0001:000193e0       _syl_find_vowel            1c01a3e0 f   ph_syl.obj
 0001:00019540       _syl_find_cons             1c01a540 f   ph_syl.obj
 0001:000195d0       _logsyllable               1c01a5d0 f   ph_syl.obj
 0001:00019bc0       _kltask                    1c01abc0 f   ph_task.obj
 0001:0001a630       _deadstop                  1c01b630 f   ph_task.obj
 0001:0001a870       _mstofr                    1c01b870 f   ph_task.obj
 0001:0001a880       _GetCurrentPitch           1c01b880 f   ph_task.obj
 0001:0001a8b0       _GetSpeakerParams          1c01b8b0 f   ph_task.obj
 0001:0001b0c0       _SetSpeakerParams          1c01c0c0 f   ph_task.obj
 0001:0001b240       _phtiming                  1c01c240 f   ph_timng.obj
 0001:0001c0c0       _prdurs                    1c01d0c0 f   ph_timng.obj
 0001:0001c0d0       _prphdurs                  1c01d0d0 f   ph_timng.obj
 0001:0001c0e0       _setparam                  1c01d0e0 f   ph_vset.obj
 0001:0001c120       _usevoice                  1c01d120 f   ph_vset.obj
 0001:0001c190       _saveval                   1c01d190 f   ph_vset.obj
 0001:0001c1b0       _setspdef                  1c01d1b0 f   ph_vset.obj
 0001:0001c4b0       _phinit                    1c01d4b0 f   phinit.obj
 0001:0001c610       _logclaus                  1c01d610 f   phlog.obj
 0001:0001c790       _logitem                   1c01d790 f   phlog.obj
 0001:0001ca30       _dologphoneme              1c01da30 f   phlog.obj
 0001:0001cd70       _create_pipe               1c01dd70 f   PIPE.OBJ
 0001:0001cef0       _write_pipe                1c01def0 f   PIPE.OBJ
 0001:0001d420       _read_pipe                 1c01e420 f   PIPE.OBJ
 0001:0001d980       _pause_pipe                1c01e980 f   PIPE.OBJ
 0001:0001d9b0       _resume_pipe               1c01e9b0 f   PIPE.OBJ
 0001:0001d9e0       _exit_pipe                 1c01e9e0 f   PIPE.OBJ
 0001:0001da10       _reset_pipe                1c01ea10 f   PIPE.OBJ
 0001:0001da50       _destroy_pipe              1c01ea50 f   PIPE.OBJ
 0001:0001da90       _pipe_count                1c01ea90 f   PIPE.OBJ
 0001:0001dac0       _LockPipe                  1c01eac0 f   PIPE.OBJ
 0001:0001dad0       _UnlockPipe                1c01ead0 f   PIPE.OBJ
 0001:0001dae0       _SWFlushPipe               1c01eae0 f   PIPE.OBJ
 0001:0001db30       _PA_CreatePlayHandle       1c01eb30 f   playaud.obj
 0001:0001db80       _PA_CreatePlayHandleEx     1c01eb80 f   playaud.obj
 0001:0001e160       _PA_DestroyPlayHandle      1c01f160 f   playaud.obj
 0001:0001e1a0       _PA_DestroyPlayHandleEx    1c01f1a0 f   playaud.obj
 0001:0001e3e0       _PA_Queue                  1c01f3e0 f   playaud.obj
 0001:0001e5a0       _PA_Reset                  1c01f5a0 f   playaud.obj
 0001:0001e650       _PA_Pause                  1c01f650 f   playaud.obj
 0001:0001e670       _PA_Resume                 1c01f670 f   playaud.obj
 0001:0001e6c0       _PA_GetFormat              1c01f6c0 f   playaud.obj
 0001:0001e6e0       _PA_SetFormat              1c01f6e0 f   playaud.obj
 0001:0001e750       _PA_GetVolume              1c01f750 f   playaud.obj
 0001:0001e770       _PA_SetVolume              1c01f770 f   playaud.obj
 0001:0001e790       _PA_SynchronizationMark    1c01f790 f   playaud.obj
 0001:0001e7b0       _PA_GetPosition            1c01f7b0 f   playaud.obj
 0001:0001e830       _PA_Status                 1c01f830 f   playaud.obj
 0001:0001e9c0       _PA_WaitForPlayToComplete  1c01f9c0 f   playaud.obj
 0001:0001ebf0       _TimerThreadMain           1c01fbf0 f   playaud.obj
 0001:0001f020       _PlayAudioThreadMain       1c020020 f   playaud.obj
 0001:00020430       _WaveOutCallbackRoutine@20 1c021430 f   playaud.obj
 0001:00020480       _PA_DoSync                 1c021480 f   playaud.obj
 0001:000204c0       _PA_GetBytesPerSecond      1c0214c0 f   playaud.obj
 0001:000204d0       _PlayTones                 1c0214d0 f   PLAYTONE.OBJ
 0001:00020850       _save_index                1c021850 f   SERVICES.OBJ
 0001:000208f0       _check_index               1c0218f0 f   SERVICES.OBJ
 0001:000209f0       _adjust_index              1c0219f0 f   SERVICES.OBJ
 0001:00020a50       _adjust_allo               1c021a50 f   SERVICES.OBJ
 0001:00020aa0       _set_index_allo            1c021aa0 f   SERVICES.OBJ
 0001:00020af0       _free_index                1c021af0 f   SERVICES.OBJ
 0001:00020b40       _send_index                1c021b40 f   SERVICES.OBJ
 0001:00020b50       _start_flush               1c021b50 f   SERVICES.OBJ
 0001:00020b60       _reset_spc                 1c021b60 f   SERVICES.OBJ
 0001:00020b70       _default_lang              1c021b70 f   SERVICES.OBJ
 0001:00020c50       _flush_done                1c021c50 f   SERVICES.OBJ
 0001:00020c70       _kernel_disable            1c021c70 f   SERVICES.OBJ
 0001:00020c80       _kernel_enable             1c021c80 f   SERVICES.OBJ
 0001:00020c90       _wait_semaphore            1c021c90 f   SERVICES.OBJ
 0001:00020ca0       _signal_semaphore          1c021ca0 f   SERVICES.OBJ
 0001:00020cb0       _set_gpio                  1c021cb0 f   SERVICES.OBJ
 0001:00020cc0       _clr_gpio                  1c021cc0 f   SERVICES.OBJ
 0001:00020cd0       _sleep                     1c021cd0 f   SERVICES.OBJ
 0001:00020ce0       _putseq                    1c021ce0 f   SERVICES.OBJ
 0001:00020cf0       _EncodeDectalkVolume       1c021cf0 f   SERVICES.OBJ
 0001:00020d10       _DecodeDectalkVolume       1c021d10 f   SERVICES.OBJ
 0001:00020d70       _StereoVolumeControl       1c021d70 f   SERVICES.OBJ
 0001:00020e50       _SetStereoVolume           1c021e50 f   SERVICES.OBJ
 0001:00020ea0       _spcget                    1c021ea0 f   SPC.OBJ
 0001:00020f40       _spcwrite                  1c021f40 f   SPC.OBJ
 0001:00020f90       _spcfree                   1c021f90 f   SPC.OBJ
 0001:00020fa0       _sync_main@4               1c021fa0 f   SYNC.OBJ
 0001:00021380       _LibMain@12                1c022380 f   ttsapi.obj
 0001:00021390       _AddLicenseRef             1c022390 f   ttsapi.obj
 0001:000215e0       _ReleaseLicenseRef         1c0225e0 f   ttsapi.obj
 0001:00021620       _TextToSpeechStartupEx     1c022620 f   ttsapi.obj
 0001:00021cc0       _TextToSpeechStartup       1c022cc0 f   ttsapi.obj
 0001:00021cf0       _DefaultTTSCallbackRoutine 1c022cf0 f   ttsapi.obj
 0001:00021df0       _TextToSpeechShutdown      1c022df0 f   ttsapi.obj
 0001:000222d0       _TextToSpeechSpeak         1c0232d0 f   ttsapi.obj
 0001:00022310       _TextToSpeechSpeakEx       1c023310 f   ttsapi.obj
 0001:00022430       _TextToSpeechPause         1c023430 f   ttsapi.obj
 0001:00022460       _TextToSpeechResume        1c023460 f   ttsapi.obj
 0001:00022490       _TextToSpeechOpenWaveOutFile 1c023490 f   ttsapi.obj
 0001:00022640       _TextToSpeechCloseWaveOutFile 1c023640 f   ttsapi.obj
 0001:00022770       _TextToSpeechGetStatus     1c023770 f   ttsapi.obj
 0001:000228d0       _TextToSpeechReset         1c0238d0 f   ttsapi.obj
 0001:00022f50       _TextToSpeechSync          1c023f50 f   ttsapi.obj
 0001:00023050       _TextToSpeechGetRate       1c024050 f   ttsapi.obj
 0001:00023090       _TextToSpeechSetRate       1c024090 f   ttsapi.obj
 0001:000230d0       _TextToSpeechGetSpeaker    1c0240d0 f   ttsapi.obj
 0001:00023110       _TextToSpeechSetSpeaker    1c024110 f   ttsapi.obj
 0001:00023150       _TextToSpeechGetLanguage   1c024150 f   ttsapi.obj
 0001:00023180       _TextToSpeechSetLanguage   1c024180 f   ttsapi.obj
 0001:000231b0       _TextToSpeechGetCaps       1c0241b0 f   ttsapi.obj
 0001:00023210       _TextToSpeechLoadUserDictionary 1c024210 f   ttsapi.obj
 0001:00023270       _TextToSpeechUnloadUserDictionary 1c024270 f   ttsapi.obj
 0001:000232b0       _TextToSpeechOpenInMemory  1c0242b0 f   ttsapi.obj
 0001:000233e0       _TextToSpeechCloseInMemory 1c0243e0 f   ttsapi.obj
 0001:00023490       _TextToSpeechAddBuffer     1c024490 f   ttsapi.obj
 0001:00023510       _TextToSpeechReturnBuffer  1c024510 f   ttsapi.obj
 0001:00023570       _TextToSpeechOpenLogFile   1c024570 f   ttsapi.obj
 0001:00023680       _TextToSpeechCloseLogFile  1c024680 f   ttsapi.obj
 0001:00023740       _QueueToMemory             1c024740 f   ttsapi.obj
 0001:000239f0       _SendBuffer                1c0249f0 f   ttsapi.obj
 0001:00023ad0       _ReturnRemainingBuffers    1c024ad0 f   ttsapi.obj
 0001:00023be0       _PutIndexMarkInBuffer      1c024be0 f   ttsapi.obj
 0001:00023c90       _PutPhonemeInBuffer        1c024c90 f   ttsapi.obj
 0001:00024080       _TextToSpeechErrorHandler  1c025080 f   ttsapi.obj
 0001:000240b0       _WriteAudioToFile          1c0250b0 f   ttsapi.obj
 0001:000241d0       _WaitForLtsFlush           1c0251d0 f   ttsapi.obj
 0001:00024700       _PlayAudioCallbackRoutine  1c025700 f   ttsapi.obj
 0001:000247b0       _Report_TTS_Status         1c0257b0 f   ttsapi.obj
 0001:00024820       _DrainPipes                1c025820 f   ttsapi.obj
 0001:00024860       _TextToSpeechVersion       1c025860 f   ttsapi.obj
 0001:000248a0       _TextToSpeechControlPanel  1c0258a0 f   ttsapi.obj
 0001:000248b0       _TextToSpeechGetLastError  1c0258b0 f   ttsapi.obj
 0001:000248c0       _TextToSpeechTyping        1c0258c0 f   ttsapi.obj
 0001:00024980       _TextToSpeechReserved1     1c025980 f   ttsapi.obj
 0001:00024b10       _TextToSpeechReserved2     1c025b10 f   ttsapi.obj
 0001:00024b20       _TextToSpeechVersionEx     1c025b20 f   ttsapi.obj
 0001:00024bb0       _TextToSpeechStartLang     1c025bb0 f   ttsapi.obj
 0001:00024bc0       _TextToSpeechCloseLang     1c025bc0 f   ttsapi.obj
 0001:00024bd0       _TextToSpeechSelectLang    1c025bd0 f   ttsapi.obj
 0001:00024be0       _TextToSpeechGetFeatures   1c025be0 f   ttsapi.obj
 0001:00024bf0       _TextToSpeechEnumLangs     1c025bf0 f   ttsapi.obj
 0001:00024cb0       _TextToSpeechReserved3     1c025cb0 f   ttsapi.obj
 0001:00024e10       _TextToSpeechGetSpeakerParams 1c025e10 f   ttsapi.obj
 0001:00024e40       _TextToSpeechSetSpeakerParams 1c025e40 f   ttsapi.obj
 0001:00024e60       _TextToSpeechDictionaryHit 1c025e60 f   ttsapi.obj
 0001:00024e90       _TextToSpeechDumpDictionary 1c025e90 f   ttsapi.obj
 0001:00024eb0       _TextToSpeechUserDictionaryHit 1c025eb0 f   ttsapi.obj
 0001:00024ee0       _TextToSpeechDumpUserDictionary 1c025ee0 f   ttsapi.obj
 0001:00024f00       _TextToSpeechAddUserEntry  1c025f00 f   ttsapi.obj
 0001:00024f20       _TextToSpeechDeleteUserEntry 1c025f20 f   ttsapi.obj
 0001:00024f40       _TextToSpeechChangeUserPhoneme 1c025f40 f   ttsapi.obj
 0001:00024f70       _TextToSpeechSaveUserDictionary 1c025f70 f   ttsapi.obj
 0001:00024f90       _TextToSpeechConvertToPhonemes 1c025f90 f   ttsapi.obj
 0001:00025060       _TextToSpeechTuning        1c026060 f   ttsapi.obj
 0001:00025160       _PumpModeMessage           1c026160 f   ttsapi.obj
 0001:00025170       _usa_init                  1c026170 f   USA_INIT.OBJ
 0001:00025260       _d2pole_cf45               1c026260 f   vtm.obj
 0001:00025340       _d2pole_cf123              1c026340 f   vtm.obj
 0001:00025420       _d2pole_pf                 1c026420 f   vtm.obj
 0001:00025500       _speech_waveform_generator 1c026500 f   vtm.obj
 0001:00026290       _read_speaker_definition   1c027290 f   vtm.obj
 0001:00026690       _InitializeVTM             1c027690 f   vtm.obj
 0001:00026770       _SetSampleRate             1c027770 f   vtm.obj
 0001:00026840       _getmax                    1c027840 f   vtm.obj
 0001:00026860       _setzeroabc                1c027860 f   vtm.obj
 0001:000268e0       _setabc                    1c0278e0 f   vtm.obj
 0001:00026930       _vtm_main@4                1c027930 f   VTMIONT.OBJ
 0001:00027020       _OutputData                1c028020 f   VTMIONT.OBJ
 0001:000271d0       _EmptyVtmPipe              1c0281d0 f   VTMIONT.OBJ
 0001:00027360       _SendVisualNotification    1c028360 f   VTMIONT.OBJ
 0001:00027400       __strtime                  1c028400 f   MSVCRT:MSVCRT.dll
 0001:00027406       __strdate                  1c028406 f   MSVCRT:MSVCRT.dll
 0001:00027410       __alloca_probe             1c028410 f   MSVCRT:chkstk.obj
 0001:00027410       __chkstk                   1c028410 f   MSVCRT:chkstk.obj
 0001:00027440       __ftol                     1c028440 f   MSVCRT:MSVCRT.dll
 0002:00000000       __imp__RegOpenKeyExA@20    1c029000     advapi32:ADVAPI32.dll
 0002:00000004       __imp__RegQueryValueExA@24 1c029004     advapi32:ADVAPI32.dll
 0002:00000008       __imp__RegCloseKey@4       1c029008     advapi32:ADVAPI32.dll
 0002:0000000c       \177ADVAPI32_NULL_THUNK_DATA 1c02900c     advapi32:ADVAPI32.dll
 0002:00000010       __imp__InterlockedExchange@8 1c029010     kernel32:KERNEL32.dll
 0002:00000014       __imp__GlobalLock@4        1c029014     kernel32:KERNEL32.dll
 0002:00000018       __imp__IsBadReadPtr@8      1c029018     kernel32:KERNEL32.dll
 0002:0000001c       __imp__GlobalAlloc@8       1c02901c     kernel32:KERNEL32.dll
 0002:00000020       __imp__IsBadWritePtr@8     1c029020     kernel32:KERNEL32.dll
 0002:00000024       __imp__WaitForMultipleObjects@16 1c029024     kernel32:KERNEL32.dll
 0002:00000028       __imp__GetCurrentThread@0  1c029028     kernel32:KERNEL32.dll
 0002:0000002c       __imp__GetLastError@0      1c02902c     kernel32:KERNEL32.dll
 0002:00000030       __imp__MapViewOfFile@20    1c029030     kernel32:KERNEL32.dll
 0002:00000034       __imp__CreateFileMappingA@24 1c029034     kernel32:KERNEL32.dll
 0002:00000038       __imp__SetEvent@4          1c029038     kernel32:KERNEL32.dll
 0002:0000003c       __imp__GetCurrentThreadId@0 1c02903c     kernel32:KERNEL32.dll
 0002:00000040       __imp__CreateEventA@16     1c029040     kernel32:KERNEL32.dll
 0002:00000044       __imp__DeleteCriticalSection@4 1c029044     kernel32:KERNEL32.dll
 0002:00000048       __imp__InitializeCriticalSection@4 1c029048     kernel32:KERNEL32.dll
 0002:0000004c       __imp__GetExitCodeThread@8 1c02904c     kernel32:KERNEL32.dll
 0002:00000050       __imp__LeaveCriticalSection@4 1c029050     kernel32:KERNEL32.dll
 0002:00000054       __imp__EnterCriticalSection@4 1c029054     kernel32:KERNEL32.dll
 0002:00000058       __imp__Sleep@4             1c029058     kernel32:KERNEL32.dll
 0002:0000005c       __imp__GetTickCount@0      1c02905c     kernel32:KERNEL32.dll
 0002:00000060       __imp__WaitForSingleObject@8 1c029060     kernel32:KERNEL32.dll
 0002:00000064       __imp__ResetEvent@4        1c029064     kernel32:KERNEL32.dll
 0002:00000068       __imp__CloseHandle@4       1c029068     kernel32:KERNEL32.dll
 0002:0000006c       __imp__UnmapViewOfFile@4   1c02906c     kernel32:KERNEL32.dll
 0002:00000070       __imp__GlobalReAlloc@12    1c029070     kernel32:KERNEL32.dll
 0002:00000074       __imp__GlobalHandle@4      1c029074     kernel32:KERNEL32.dll
 0002:00000078       __imp__GlobalFree@4        1c029078     kernel32:KERNEL32.dll
 0002:0000007c       __imp__GlobalUnlock@4      1c02907c     kernel32:KERNEL32.dll
 0002:00000080       __imp__GetThreadPriority@4 1c029080     kernel32:KERNEL32.dll
 0002:00000084       __imp__SetThreadPriority@8 1c029084     kernel32:KERNEL32.dll
 0002:00000088       \177KERNEL32_NULL_THUNK_DATA 1c029088     kernel32:KERNEL32.dll
 0002:0000008c       __imp___strdate            1c02908c     MSVCRT:MSVCRT.dll
 0002:00000090       __imp__memmove             1c029090     MSVCRT:MSVCRT.dll
 0002:00000094       __imp__fwrite              1c029094     MSVCRT:MSVCRT.dll
 0002:00000098       __imp___access             1c029098     MSVCRT:MSVCRT.dll
 0002:0000009c       __imp___searchenv          1c02909c     MSVCRT:MSVCRT.dll
 0002:000000a0       __imp___endthreadex        1c0290a0     MSVCRT:MSVCRT.dll
 0002:000000a4       __imp___getcwd             1c0290a4     MSVCRT:MSVCRT.dll
 0002:000000a8       __imp___beginthreadex      1c0290a8     MSVCRT:MSVCRT.dll
 0002:000000ac       __imp__calloc              1c0290ac     MSVCRT:MSVCRT.dll
 0002:000000b0       __imp___stricmp            1c0290b0     MSVCRT:MSVCRT.dll
 0002:000000b4       __imp__atoi                1c0290b4     MSVCRT:MSVCRT.dll
 0002:000000b8       __imp__fseek               1c0290b8     MSVCRT:MSVCRT.dll
 0002:000000bc       __imp___ftol               1c0290bc     MSVCRT:MSVCRT.dll
 0002:000000c0       __imp__sprintf             1c0290c0     MSVCRT:MSVCRT.dll
 0002:000000c4       __imp__fopen               1c0290c4     MSVCRT:MSVCRT.dll
 0002:000000c8       __imp___strtime            1c0290c8     MSVCRT:MSVCRT.dll
 0002:000000cc       __imp__fclose              1c0290cc     MSVCRT:MSVCRT.dll
 0002:000000d0       __imp__fflush              1c0290d0     MSVCRT:MSVCRT.dll
 0002:000000d4       __imp__fprintf             1c0290d4     MSVCRT:MSVCRT.dll
 0002:000000d8       __imp__printf              1c0290d8     MSVCRT:MSVCRT.dll
 0002:000000dc       __imp__malloc              1c0290dc     MSVCRT:MSVCRT.dll
 0002:000000e0       __imp__strncmp             1c0290e0     MSVCRT:MSVCRT.dll
 0002:000000e4       __imp__free                1c0290e4     MSVCRT:MSVCRT.dll
 0002:000000e8       __imp__time                1c0290e8     MSVCRT:MSVCRT.dll
 0002:000000ec       __imp__fread               1c0290ec     MSVCRT:MSVCRT.dll
 0002:000000f0       \177MSVCRT_NULL_THUNK_DATA 1c0290f0     MSVCRT:MSVCRT.dll
 0002:000000f4       __imp__LoadIconA@8         1c0290f4     user32:USER32.dll
 0002:000000f8       __imp__RegisterClassA@4    1c0290f8     user32:USER32.dll
 0002:000000fc       __imp__CreateWindowExA@48  1c0290fc     user32:USER32.dll
 0002:00000100       __imp__SetWindowLongA@12   1c029100     user32:USER32.dll
 0002:00000104       __imp__DestroyWindow@4     1c029104     user32:USER32.dll
 0002:00000108       __imp__PostQuitMessage@4   1c029108     user32:USER32.dll
 0002:0000010c       __imp__GetWindowLongA@8    1c02910c     user32:USER32.dll
 0002:00000110       __imp__ShowWindow@8        1c029110     user32:USER32.dll
 0002:00000114       __imp__GetMessageA@16      1c029114     user32:USER32.dll
 0002:00000118       __imp__DispatchMessageA@4  1c029118     user32:USER32.dll
 0002:0000011c       __imp__SendMessageA@16     1c02911c     user32:USER32.dll
 0002:00000120       __imp__UnregisterClassA@8  1c029120     user32:USER32.dll
 0002:00000124       __imp__LoadCursorA@8       1c029124     user32:USER32.dll
 0002:00000128       __imp__RegisterWindowMessageA@4 1c029128     user32:USER32.dll
 0002:0000012c       __imp__DefWindowProcA@16   1c02912c     user32:USER32.dll
 0002:00000130       __imp__PostMessageA@16     1c029130     user32:USER32.dll
 0002:00000134       \177USER32_NULL_THUNK_DATA 1c029134     user32:USER32.dll
 0002:00000138       __imp__waveOutReset@4      1c029138     winmm:WINMM.dll
 0002:0000013c       __imp__waveOutGetPosition@12 1c02913c     winmm:WINMM.dll
 0002:00000140       __imp__waveOutClose@4      1c029140     winmm:WINMM.dll
 0002:00000144       __imp__mmioClose@8         1c029144     winmm:WINMM.dll
 0002:00000148       __imp__mmioAscend@12       1c029148     winmm:WINMM.dll
 0002:0000014c       __imp__mmioDescend@16      1c02914c     winmm:WINMM.dll
 0002:00000150       __imp__mmioOpenA@12        1c029150     winmm:WINMM.dll
 0002:00000154       __imp__waveOutGetNumDevs@0 1c029154     winmm:WINMM.dll
 0002:00000158       __imp__mmioRead@12         1c029158     winmm:WINMM.dll
 0002:0000015c       __imp__timeGetTime@0       1c02915c     winmm:WINMM.dll
 0002:00000160       __imp__waveOutGetVolume@8  1c029160     winmm:WINMM.dll
 0002:00000164       __imp__waveOutPause@4      1c029164     winmm:WINMM.dll
 0002:00000168       __imp__waveOutOpen@24      1c029168     winmm:WINMM.dll
 0002:0000016c       __imp__waveOutPrepareHeader@12 1c02916c     winmm:WINMM.dll
 0002:00000170       __imp__waveOutWrite@12     1c029170     winmm:WINMM.dll
 0002:00000174       __imp__waveOutUnprepareHeader@12 1c029174     winmm:WINMM.dll
 0002:00000178       __imp__waveOutRestart@4    1c029178     winmm:WINMM.dll
 0002:0000017c       __imp__waveOutGetID@8      1c02917c     winmm:WINMM.dll
 0002:00000180       __imp__waveOutGetDevCapsA@12 1c029180     winmm:WINMM.dll
 0002:00000184       __imp__waveOutSetVolume@8  1c029184     winmm:WINMM.dll
 0002:00000188       \177WINMM_NULL_THUNK_DATA  1c029188     winmm:WINMM.dll
 0002:0000018c       __imp__CoTaskMemFree@4     1c02918c     ole32:ole32.dll
 0002:00000190       __imp__CoTaskMemAlloc@4    1c029190     ole32:ole32.dll
 0002:00000194       \177ole32_NULL_THUNK_DATA  1c029194     ole32:ole32.dll
 0002:00000198       __real@8@4008fa00000000000000 1c029198     playaud.obj
 0002:000001a0       __real@8@3ffb851eb851eb852000 1c0291a0     playaud.obj
 0002:000001a8       __real@8@3ff8ccccccccccccd000 1c0291a8     playaud.obj
 0002:000001b0       __real@8@3ffca000000000000000 1c0291b0     PLAYTONE.OBJ
 0002:000001b8       __real@8@40098000000000000000 1c0291b8     PLAYTONE.OBJ
 0002:000001c0       __real@8@40078000000000000000 1c0291c0     PLAYTONE.OBJ
 0002:000001c8       __real@8@bff583126e978d4fe000 1c0291c8     PLAYTONE.OBJ
 0002:000001d0       __real@8@3ff683126e978d4fe000 1c0291d0     PLAYTONE.OBJ
 0002:000001d8       __real@8@00000000000000000000 1c0291d8     SYNC.OBJ
 0002:000001e0       __real@8@3fff8000000000000000 1c0291e0     vtm.obj
 0002:000001e8       __IMPORT_DESCRIPTOR_WINMM  1c0291e8     winmm:WINMM.dll
 0002:000001fc       __IMPORT_DESCRIPTOR_KERNEL32 1c0291fc     kernel32:KERNEL32.dll
 0002:00000210       __IMPORT_DESCRIPTOR_USER32 1c029210     user32:USER32.dll
 0002:00000224       __IMPORT_DESCRIPTOR_ADVAPI32 1c029224     advapi32:ADVAPI32.dll
 0002:00000238       __IMPORT_DESCRIPTOR_ole32  1c029238     ole32:ole32.dll
 0002:0000024c       __IMPORT_DESCRIPTOR_MSVCRT 1c02924c     MSVCRT:MSVCRT.dll
 0002:00000260       __NULL_IMPORT_DESCRIPTOR   1c029260     winmm:WINMM.dll
 0003:00000000       _char_types                1c02b000     cm_char.obj
 0003:00000138       _phoneme_modes             1c02b138     cm_copt.obj
 0003:00000154       _log_options               1c02b154     cm_copt.obj
 0003:00000180       _say_options               1c02b180     cm_copt.obj
 0003:0000019c       _error_options             1c02b19c     cm_copt.obj
 0003:000001b4       _flush_options             1c02b1b4     cm_copt.obj
 0003:000001cc       _punct_options             1c02b1cc     cm_copt.obj
 0003:000001e0       _skip_options              1c02b1e0     cm_copt.obj
 0003:000001fc       _volume_options            1c02b1fc     cm_copt.obj
 0003:00000228       _lang_options              1c02b228     cm_copt.obj
 0003:0000025c       _mode_options              1c02b25c     cm_copt.obj
 0003:00000290       _pronounce_options         1c02b290     cm_copt.obj
 0003:000002a0       _voice_names               1c02b2a0     cm_copt.obj
 0003:000002cc       _index_options             1c02b2cc     cm_copt.obj
 0003:000002f0       _gender_options            1c02b2f0     cm_copt.obj
 0003:00000300       _define_options            1c02b300     cm_copt.obj
 0003:00000388       _command_table             1c02b388     cm_copt.obj
 0003:000006bc       _total_commands            1c02b6bc     cm_copt.obj
 0003:00000fe4       _tlikmap                   1c02bfe4     cm_util.obj
 0003:00000ff4       _tlitone0                  1c02bff4     cm_util.obj
 0003:00001014       _tlitone1                  1c02c014     cm_util.obj
 0003:00001034       _tliproto                  1c02c034     cm_util.obj
 0003:00001048       _wMulawTable               1c02c048     cmd_wav.obj
 0003:00001248       _standard_notices          1c02c248     DECSTD97.OBJ
 0003:00001a80       _ls_fold                   1c02ca80     ls_chari.obj
 0003:00001b80       _ls_lower                  1c02cb80     ls_chari.obj
 0003:00001c80       _ls_upper                  1c02cc80     ls_chari.obj
 0003:00001d80       _ls_char_feat              1c02cd80     ls_chari.obj
 0003:000021a8       _homo_table                1c02d1a8     ls_homo.obj
 0003:00002370       _math_table                1c02d370     ls_math.obj
 0003:000023c8       _ascky_tab                 1c02d3c8     ls_math.obj
 0003:0000263c       _spell_it                  1c02d63c     ls_speli.obj
 0003:000028e0       _form_class_strings        1c02d8e0     ls_suff.obj
 0003:00002aa0       _suffix_index              1c02daa0     ls_suffi.obj
 0003:00002b0c       _suffix_table              1c02db0c     ls_suffi.obj
 0003:00004270       _lp                        1c02f270     lsa_coni.obj
 0003:00004330       _name_types                1c02f330     lsa_coni.obj
 0003:00004350       _elim_rules                1c02f350     lsa_coni.obj
 0003:00004364       _preftab                   1c02f364     lsa_coni.obj
 0003:0000444c       _lsctype                   1c02f44c     lsa_coni.obj
 0003:0000464c       _nabtab                    1c02f64c     lsa_coni.obj
 0003:00004928       _nwdtab                    1c02f928     lsa_coni.obj
 0003:00004994       _m_jan                     1c02f994     lsa_coni.obj
 0003:00004998       _m_feb                     1c02f998     lsa_coni.obj
 0003:0000499c       _m_mar                     1c02f99c     lsa_coni.obj
 0003:000049a0       _m_apr                     1c02f9a0     lsa_coni.obj
 0003:000049a4       _m_may                     1c02f9a4     lsa_coni.obj
 0003:000049a8       _m_jun                     1c02f9a8     lsa_coni.obj
 0003:000049ac       _m_jul                     1c02f9ac     lsa_coni.obj
 0003:000049b0       _m_aug                     1c02f9b0     lsa_coni.obj
 0003:000049b4       _m_sep                     1c02f9b4     lsa_coni.obj
 0003:000049b8       _m_oct                     1c02f9b8     lsa_coni.obj
 0003:000049bc       _m_nov                     1c02f9bc     lsa_coni.obj
 0003:000049c0       _m_dec                     1c02f9c0     lsa_coni.obj
 0003:000049c4       _months                    1c02f9c4     lsa_coni.obj
 0003:000049f4       _pdegree                   1c02f9f4     lsa_coni.obj
 0003:000049fc       _pminus                    1c02f9fc     lsa_coni.obj
 0003:00004a04       _pplus                     1c02fa04     lsa_coni.obj
 0003:00004a0c       _pstreet                   1c02fa0c     lsa_coni.obj
 0003:00004a14       _psaint                    1c02fa14     lsa_coni.obj
 0003:00004a1c       _pdoctor                   1c02fa1c     lsa_coni.obj
 0003:00004a24       _pdrive                    1c02fa24     lsa_coni.obj
 0003:00004a2c       _pOH                       1c02fa2c     lsa_coni.obj
 0003:00004a30       _p0                        1c02fa30     lsa_coni.obj
 0003:00004a38       _p1                        1c02fa38     lsa_coni.obj
 0003:00004a40       _p2                        1c02fa40     lsa_coni.obj
 0003:00004a44       _p3                        1c02fa44     lsa_coni.obj
 0003:00004a4c       _p4                        1c02fa4c     lsa_coni.obj
 0003:00004a50       _p5                        1c02fa50     lsa_coni.obj
 0003:00004a58       _p6                        1c02fa58     lsa_coni.obj
 0003:00004a60       _p7                        1c02fa60     lsa_coni.obj
 0003:00004a68       _p8                        1c02fa68     lsa_coni.obj
 0003:00004a6c       _p9                        1c02fa6c     lsa_coni.obj
 0003:00004a74       _up0                       1c02fa74     lsa_coni.obj
 0003:00004a7c       _up1                       1c02fa7c     lsa_coni.obj
 0003:00004a80       _up2                       1c02fa80     lsa_coni.obj
 0003:00004a84       _up3                       1c02fa84     lsa_coni.obj
 0003:00004a88       _up4                       1c02fa88     lsa_coni.obj
 0003:00004a8c       _up5                       1c02fa8c     lsa_coni.obj
 0003:00004a90       _up6                       1c02fa90     lsa_coni.obj
 0003:00004a98       _up7                       1c02fa98     lsa_coni.obj
 0003:00004aa0       _up8                       1c02faa0     lsa_coni.obj
 0003:00004aa4       _up9                       1c02faa4     lsa_coni.obj
 0003:00004aa8       _punits                    1c02faa8     lsa_coni.obj
 0003:00004ad0       _upunits                   1c02fad0     lsa_coni.obj
 0003:00004af8       _phundred                  1c02faf8     lsa_coni.obj
 0003:00004b04       _pthousand                 1c02fb04     lsa_coni.obj
 0003:00004b0c       _pmillion                  1c02fb0c     lsa_coni.obj
 0003:00004b14       _pbillion                  1c02fb14     lsa_coni.obj
 0003:00004b1c       _ptrillion                 1c02fb1c     lsa_coni.obj
 0003:00004b28       _pquadrillion              1c02fb28     lsa_coni.obj
 0003:00004b34       _p10                       1c02fb34     lsa_coni.obj
 0003:00004b3c       _p11                       1c02fb3c     lsa_coni.obj
 0003:00004b44       _p12                       1c02fb44     lsa_coni.obj
 0003:00004b4c       _p13                       1c02fb4c     lsa_coni.obj
 0003:00004b58       _p14                       1c02fb58     lsa_coni.obj
 0003:00004b64       _p15                       1c02fb64     lsa_coni.obj
 0003:00004b70       _p16                       1c02fb70     lsa_coni.obj
 0003:00004b7c       _p17                       1c02fb7c     lsa_coni.obj
 0003:00004b88       _p18                       1c02fb88     lsa_coni.obj
 0003:00004b90       _p19                       1c02fb90     lsa_coni.obj
 0003:00004b9c       _pteens                    1c02fb9c     lsa_coni.obj
 0003:00004bc4       _p20                       1c02fbc4     lsa_coni.obj
 0003:00004bcc       _p30                       1c02fbcc     lsa_coni.obj
 0003:00004bd4       _p40                       1c02fbd4     lsa_coni.obj
 0003:00004bdc       _p50                       1c02fbdc     lsa_coni.obj
 0003:00004be4       _p60                       1c02fbe4     lsa_coni.obj
 0003:00004bec       _p70                       1c02fbec     lsa_coni.obj
 0003:00004bf8       _p80                       1c02fbf8     lsa_coni.obj
 0003:00004c00       _p90                       1c02fc00     lsa_coni.obj
 0003:00004c08       _ptens                     1c02fc08     lsa_coni.obj
 0003:00004c30       _ppence                    1c02fc30     lsa_coni.obj
 0003:00004c38       _ppercent                  1c02fc38     lsa_coni.obj
 0003:00004c44       _pcent                     1c02fc44     lsa_coni.obj
 0003:00004c4c       _ppound                    1c02fc4c     lsa_coni.obj
 0003:00004c54       _pdollar                   1c02fc54     lsa_coni.obj
 0003:00004c5c       _pand                      1c02fc5c     lsa_coni.obj
 0003:00004c64       _ppoint                    1c02fc64     lsa_coni.obj
 0003:00004c6c       _ptt2tp                    1c02fc6c     lsa_coni.obj
 0003:00004c84       _pjan                      1c02fc84     lsa_coni.obj
 0003:00004c90       _pfeb                      1c02fc90     lsa_coni.obj
 0003:00004c9c       _pmar                      1c02fc9c     lsa_coni.obj
 0003:00004ca4       _papr                      1c02fca4     lsa_coni.obj
 0003:00004cac       _pmay                      1c02fcac     lsa_coni.obj
 0003:00004cb0       _pjun                      1c02fcb0     lsa_coni.obj
 0003:00004cb8       _pjul                      1c02fcb8     lsa_coni.obj
 0003:00004cc0       _paug                      1c02fcc0     lsa_coni.obj
 0003:00004cc8       _psep                      1c02fcc8     lsa_coni.obj
 0003:00004cd4       _poct                      1c02fcd4     lsa_coni.obj
 0003:00004cdc       _pnov                      1c02fcdc     lsa_coni.obj
 0003:00004ce8       _pdec                      1c02fce8     lsa_coni.obj
 0003:00004cf4       _pmonths                   1c02fcf4     lsa_coni.obj
 0003:00004d24       _p0th                      1c02fd24     lsa_coni.obj
 0003:00004d2c       _p1st                      1c02fd2c     lsa_coni.obj
 0003:00004d34       _p2nd                      1c02fd34     lsa_coni.obj
 0003:00004d3c       _p3rd                      1c02fd3c     lsa_coni.obj
 0003:00004d44       _p4th                      1c02fd44     lsa_coni.obj
 0003:00004d4c       _p5th                      1c02fd4c     lsa_coni.obj
 0003:00004d54       _p6th                      1c02fd54     lsa_coni.obj
 0003:00004d5c       _p7th                      1c02fd5c     lsa_coni.obj
 0003:00004d64       _p8th                      1c02fd64     lsa_coni.obj
 0003:00004d68       _p9th                      1c02fd68     lsa_coni.obj
 0003:00004d70       _pordin                    1c02fd70     lsa_coni.obj
 0003:00004d98       _phalf                     1c02fd98     lsa_coni.obj
 0003:00004da0       _phalves                   1c02fda0     lsa_coni.obj
 0003:00004da8       _pthe                      1c02fda8     lsa_coni.obj
 0003:00004dac       _pof                       1c02fdac     lsa_coni.obj
 0003:00004db0       _feats                     1c02fdb0     lsa_coni.obj
 0003:00004df0       _pfeat                     1c02fdf0     lsa_coni.obj
 0003:00004ee0       _sdic                      1c02fee0     lsa_coni.obj
 0003:00004f0c       _whdic                     1c02ff0c     lsa_coni.obj
 0003:00004fb4       _french                    1c02ffb4     lsa_fr.obj
 0003:00009c98       _german                    1c034c98     lsa_gr.obj
 0003:0000e97c       _irish                     1c03997c     lsa_ir.obj
 0003:00013660       _italian                   1c03e660     lsa_it.obj
 0003:00018344       _japan                     1c043344     lsa_ja.obj
 0003:0001d028       _acna_lswtab               1c048028     lsa_rtbi.obj
 0003:000211d8       _acna_lsbtab               1c04c1d8     lsa_rtbi.obj
 0003:00026b84       _slavic                    1c051b84     lsa_sl.obj
 0003:0002b868       _spanish                   1c056868     lsa_sp.obj
 0003:00030550       _verbs                     1c05b550     lsa_task.obj
 0003:000307e8       _english                   1c05b7e8     lsa_us.obj
 0003:000358d4       _szLocalMachineDECtalk     1c0608d4     lsw_main.obj
 0003:000358d8       _szCurrentUsersDECtalk     1c0608d8     lsw_main.obj
 0003:000358dc       _szMainDictDef             1c0608dc     lsw_main.obj
 0003:000358e0       _szUserDictDef             1c0608e0     lsw_main.obj
 0003:000358e4       _szAbbrDictDef             1c0608e4     lsw_main.obj
 0003:00035a2c       _parser_char_types         1c060a2c     Par_char.obj
 0003:00035c30       _par_lower                 1c060c30     Par_char.obj
 0003:00035d30       _par_upper                 1c060d30     Par_char.obj
 0003:00035e30       _par_illegal_cluster       1c060e30     Par_char.obj
 0003:00035ef8       _char_type_table           1c060ef8     Par_pars.obj
 0003:00035f38       _perform_action_funcs      1c060f38     Par_pars.obj
 0003:000360ec       ??_C@_0EB@PJJM@par_set_return_level?$DLtoo?5many?5le@ 1c0610ec     Par_pars.obj
 0003:00036130       ??_C@_0DP@EDMP@par_get_return_level?$DLno?5place?5to@ 1c061130     Par_pars.obj
 0003:00036170       _num_rule_sections         1c061170     par_rule.obj
 0003:00036174       _rule_sections             1c061174     par_rule.obj
 0003:00036180       _num_rules                 1c061180     par_rule.obj
 0003:00036184       _rule_index_table          1c061184     par_rule.obj
 0003:00036460       _rule_data_table           1c061460     par_rule.obj
 0003:000384f0       _dict_point                1c0634f0     par_rule.obj
 0003:000385a0       _dict_index_table          1c0635a0     par_rule.obj
 0003:00038aa8       _dict_data_table           1c063aa8     par_rule.obj
 0003:0003977c       _noun_character_mapping_table 1c06477c     par_rule.obj
 0003:00039b80       _inhdr                     1c064b80     ph_romi.obj
 0003:00039bf4       _mindur                    1c064bf4     ph_romi.obj
 0003:00039c68       _burdr                     1c064c68     ph_romi.obj
 0003:00039cdc       _f0segtars                 1c064cdc     ph_romi.obj
 0003:00039d50       _begtyp                    1c064d50     ph_romi.obj
 0003:00039dc4       _endtyp                    1c064dc4     ph_romi.obj
 0003:00039e38       _place                     1c064e38     ph_romi.obj
 0003:00039eac       _featb                     1c064eac     ph_romi.obj
 0003:00039f80       _maltar                    1c064f80     ph_romi.obj
 0003:0003a2a0       _femtar                    1c0652a0     ph_romi.obj
 0003:0003a5c0       _maldip                    1c0655c0     ph_romi.obj
 0003:0003a944       _femdip                    1c065944     ph_romi.obj
 0003:0003acd0       _ptram                     1c065cd0     ph_romi.obj
 0003:0003ad44       _malamp                    1c065d44     ph_romi.obj
 0003:0003b180       _femamp                    1c066180     ph_romi.obj
 0003:0003b5bc       _plocu                     1c0665bc     ph_romi.obj
 0003:0003b784       _maleloc                   1c066784     ph_romi.obj
 0003:0003bdb8       _femloc                    1c066db8     ph_romi.obj
 0003:0003c3ec       _f0glstp                   1c0673ec     ph_romi.obj
 0003:0003c3fc       _f0_phrase_position        1c0673fc     ph_romi.obj
 0003:0003c40c       _f0_stress_level           1c06740c     ph_romi.obj
 0003:0003c41c       _getcosine                 1c06741c     ph_romi.obj
 0003:0003c49c       _lineartilt                1c06749c     ph_romi.obj
 0003:0003c4dc       _notetab                   1c0674dc     ph_romi.obj
 0003:0003c528       _partyp                    1c067528     ph_romi.obj
 0003:0003c538       _divtab                    1c067538     ph_romi.obj
 0003:0003c59c       _parini                    1c06759c     ph_romi.obj
 0003:0003c5bc       _bounftab                  1c0675bc     ph_romi.obj
 0003:0003c5d4       _ascky_check               1c0675d4     ph_syl.obj
 0003:0003c644       _common_affixes            1c067644     ph_syl.obj
 0003:0003c778       _syl_vowels                1c067778     ph_syl.obj
 0003:0003c78c       _syl_cons                  1c06778c     ph_syl.obj
 0003:0003ccf4       _paul_8                    1c067cf4     ph_vdefi.obj
 0003:0003cd38       _betty_8                   1c067d38     ph_vdefi.obj
 0003:0003cd7c       _harry_8                   1c067d7c     ph_vdefi.obj
 0003:0003cdc0       _frank_8                   1c067dc0     ph_vdefi.obj
 0003:0003ce04       _kit_8                     1c067e04     ph_vdefi.obj
 0003:0003ce48       _ursula_8                  1c067e48     ph_vdefi.obj
 0003:0003ce8c       _rita_8                    1c067e8c     ph_vdefi.obj
 0003:0003ced0       _wendy_8                   1c067ed0     ph_vdefi.obj
 0003:0003cf14       _dennis_8                  1c067f14     ph_vdefi.obj
 0003:0003cf58       _paul                      1c067f58     ph_vdefi.obj
 0003:0003cf9c       _betty                     1c067f9c     ph_vdefi.obj
 0003:0003cfe0       _harry                     1c067fe0     ph_vdefi.obj
 0003:0003d024       _frank                     1c068024     ph_vdefi.obj
 0003:0003d068       _kit                       1c068068     ph_vdefi.obj
 0003:0003d0ac       _ursula                    1c0680ac     ph_vdefi.obj
 0003:0003d0f0       _rita                      1c0680f0     ph_vdefi.obj
 0003:0003d134       _wendy                     1c068134     ph_vdefi.obj
 0003:0003d178       _dennis                    1c068178     ph_vdefi.obj
 0003:0003d1bc       _limit                     1c0681bc     ph_vdefi.obj
 0003:0003d238       _logspnames                1c068238     phlog.obj
 0003:0003d450       _Shm_t                     1c068450     playaud.obj
 0003:0003d468       _pShm_t                    1c068468     playaud.obj
 0003:0003d470       _SineTable                 1c068470     PLAYTONE.OBJ
 0003:0003f600       _szLicenseKey              1c06a600     ttsapi.obj
 0003:0003faf0       _usa_type                  1c06aaf0     USA_INIT.OBJ
 0003:0003fef0       _usa_ascky                 1c06aef0     USA_INIT.OBJ
 0003:0003ff6c       _usa_ascky_rev             1c06af6c     USA_INIT.OBJ
 0003:0004016c       _usa_arpa                  1c06b16c     USA_INIT.OBJ
 0003:00040260       _usa_error                 1c06b260     USA_INIT.OBJ
 0003:00040c04       _B0                        1c06bc04     vtm.obj
 0003:00040dc4       _azero_tab                 1c06bdc4     vtm.obj
 0003:00040e0c       _bzero_tab                 1c06be0c     vtm.obj
 0003:00040e54       _czero_tab                 1c06be54     vtm.obj
 0003:00040e9c       _amptable                  1c06be9c     vtm.obj
 0003:00040f4c       _cosine_table              1c06bf4c     vtm.obj
 0003:00041430       _radius_table              1c06c430     vtm.obj
 0003:00041914       _tiltf                     1c06c914     vtm.obj
 0003:00041968       _tiltbw                    1c06c968     vtm.obj
 0003:00041b34       _pnone                     1c06cb34     lsa_coni.obj
 0003:00041b44       _noun_num_character_in_mapping 1c06cb44     par_rule.obj
 0003:00041b48       _noun_number_of_conjunctions 1c06cb48     par_rule.obj
 0003:00041b4c       _noun_conjunction          1c06cb4c     par_rule.obj
 0003:00041b50       _noun_index_table          1c06cb50     par_rule.obj
 0003:00041b54       _noun_data_table           1c06cb54     par_rule.obj
 0003:00041b58       _tlPlayAudio               1c06cb58     playaud.obj
 0003:00041c08       _gnInstanceCounter         1c06cc08     ttsapi.obj
 0003:00041c10       _tl_gnInstanceCounter      1c06cc10     ttsapi.obj
 0003:00041c1c       _gpufdic                   1c06cc1c     ttsapi.obj
 0003:00041c20       _gufdic_entries            1c06cc20     ttsapi.obj
 0003:00041c24       _gszA32Id                  1c06cc24     ttsapi.obj
 0003:00041d2c       _hMapObject                1c06cd2c     ttsapi.obj
 0003:00041e44       _ranadd                    1c06ce44     <common>
 0003:00041e48       _noisec                    1c06ce48     <common>
 0003:00041e4c       _ranmul                    1c06ce4c     <common>
 0003:00041e50       _radius                    1c06ce50     <common>
 0003:00041e58       _LanguageParamsArray       1c06ce58     <common>
 0003:00041e60       _temp                      1c06ce60     <common>
 0003:00041e80       _name                      1c06ce80     <common>
 0003:00041ec0       _name_size                 1c06cec0     <common>

 entry point at        0001:00021380

 Static symbols

 0001:000215d0       _GetFromSomeWhere          1c0225d0 f   ttsapi.obj
 0001:00021d40       _StartDecTalkSystemThread  1c022d40 f   ttsapi.obj
 0001:00021e60       _DeleteTextToSpeechObjects 1c022e60 f   ttsapi.obj
 0001:00022ea0       _WaitForTextQueuingToComplete 1c023ea0 f   ttsapi.obj
 0001:000239a0       _GetBuffer                 1c0249a0 f   ttsapi.obj
 0001:00023d50       _SetSpeaker                1c024d50 f   ttsapi.obj
 0001:00023d70       _TextToSpeechThreadMain@4  1c024d70 f   ttsapi.obj
 0001:00023e00       _InitTextToSpeechWindow    1c024e00 f   ttsapi.obj
 0001:00023f00       _TextToSpeechWndProc@16    1c024f00 f   ttsapi.obj
 0001:00023f80       _Process_TTS_Message       1c024f80 f   ttsapi.obj
 0001:00024170       _LinearToMuLaw             1c025170 f   ttsapi.obj
 0001:000242e0       _FixMemoryLockup           1c0252e0 f   ttsapi.obj
 0001:00024480       _WaitForEmptyPipes         1c025480 f   ttsapi.obj
 0001:00021200       _WaitForAudioSampleToPlay  1c022200 f   SYNC.OBJ
 0001:00020ee0       _spc_size                  1c021ee0 f   SPC.OBJ
 0001:00020e10       _ModifyVolume              1c021e10 f   SERVICES.OBJ
 0001:00020810       _Tone                      1c021810 f   PLAYTONE.OBJ
 0001:0001ea20       _DetermineDeviceID         1c01fa20 f   playaud.obj
 0001:0001f0c0       _PlayAudioProcedure        1c0200c0 f   playaud.obj
 0001:0001f210       _Process_MM_WOM_OPEN_Message 1c020210 f   playaud.obj
 0001:0001f280       _GetWaveOutDeviceCaps      1c020280 f   playaud.obj
 0001:0001f2d0       _StartAudioPlaying         1c0202d0 f   playaud.obj
 0001:0001f400       _Process_MM_WOM_DONE_Message 1c020400 f   playaud.obj
 0001:0001f560       _Process_MM_WOM_CLOSE_Message 1c020560 f   playaud.obj
 0001:0001f5c0       _ClosePlayDevice           1c0205c0 f   playaud.obj
 0001:0001f620       _WriteBufferToWaveDevice   1c020620 f   playaud.obj
 0001:0001f740       _ProcessOpenWaveOutputDeviceMessage 1c020740 f   playaud.obj
 0001:0001f7b0       _OpenWaveOutputDevice      1c0207b0 f   playaud.obj
 0001:0001f8a0       _GetWaveFormatSize         1c0208a0 f   playaud.obj
 0001:0001f8c0       _ProcessResetMessage       1c0208c0 f   playaud.obj
 0001:0001f9c0       _ClearSynchronizationMarkList 1c0209c0 f   playaud.obj
 0001:0001fa20       _ResetAudioQueue           1c020a20 f   playaud.obj
 0001:0001fa80       _ProcessPauseMessage       1c020a80 f   playaud.obj
 0001:0001fad0       _ProcessResumeMessage      1c020ad0 f   playaud.obj
 0001:0001fb20       _ProcessSetFormatMessage   1c020b20 f   playaud.obj
 0001:0001fc60       _SetNewFormat              1c020c60 f   playaud.obj
 0001:0001fdb0       _ProcessGetFormatMessage   1c020db0 f   playaud.obj
 0001:0001fdf0       _ProcessGetVolumeMessage   1c020df0 f   playaud.obj
 0001:0001fe10       _ProcessSetVolumeMessage   1c020e10 f   playaud.obj
 0001:0001fe30       _ProcessSynchronizationMarkMessage 1c020e30 f   playaud.obj
 0001:0001fed0       _ProcessGetPositionMessage 1c020ed0 f   playaud.obj
 0001:0001ff10       _AudioPosition             1c020f10 f   playaud.obj
 0001:00020030       _ReportStatusToApplication 1c021030 f   playaud.obj
 0001:00020060       _SendPlayAudioMessage      1c021060 f   playaud.obj
 0001:000200d0       _CreateMessageQueue        1c0210d0 f   playaud.obj
 0001:000201b0       _DestroyMessageQueue       1c0211b0 f   playaud.obj
 0001:00020200       _WriteMessageQueue         1c021200 f   playaud.obj
 0001:00020320       _ReadMessageQueue          1c021320 f   playaud.obj
 0001:0001bf40       _init_timing               1c01cf40 f   ph_timng.obj
 0001:0001a4f0       _speak_now                 1c01b4f0 f   ph_task.obj
 0001:0001a650       _readphone                 1c01b650 f   ph_task.obj
 0001:000198b0       _ph_syllab                 1c01a8b0 f   ph_syl.obj
 0001:00019a80       _syl_find_affix            1c01aa80 f   ph_syl.obj
 0001:00019af0       _syl_clause_init           1c01aaf0 f   ph_syl.obj
 0001:00019b40       _speak_syllable            1c01ab40 f   ph_syl.obj
 0001:00018890       _get_stress_of_conson      1c019890 f   ph_sort.obj
 0001:000189b0       _init_med_final            1c0199b0 f   ph_sort.obj
 0001:00018a70       _find_syll_to_stress       1c019a70 f   ph_sort.obj
 0001:00018b20       _get_next_bound_type       1c019b20 f   ph_sort.obj
 0001:00018b90       _move_stdangle             1c019b90 f   ph_sort.obj
 0001:00018e20       _interp_user_f0            1c019e20 f   ph_sort.obj
 0001:00018f60       _is_wboundary              1c019f60 f   ph_sort.obj
 0001:00018f80       _insertphone               1c019f80 f   ph_sort.obj
 0001:00019040       _raise_last_stress         1c01a040 f   ph_sort.obj
 0001:00019080       _zap_weaker_bound          1c01a080 f   ph_sort.obj
 0001:000190e0       _delete_symbol             1c01a0e0 f   ph_sort.obj
 0001:00019170       _make_phone                1c01a170 f   ph_sort.obj
 0001:000191f0       _add_feature               1c01a1f0 f   ph_sort.obj
 0001:00015f00       _gettar                    1c016f00 f   ph_setar.obj
 0001:000163d0       _forw_smooth_rules         1c0173d0 f   ph_setar.obj
 0001:000169c0       _back_smooth_rules         1c0179c0 f   ph_setar.obj
 0001:00017000       _special_rules             1c018000 f   ph_setar.obj
 0001:00017290       _setloc                    1c018290 f   ph_setar.obj
 0001:000175c0       _vv_coartic_across_c       1c0185c0 f   ph_setar.obj
 0001:00017630       _getbegtar                 1c018630 f   ph_setar.obj
 0001:00017690       _special_coartic           1c018690 f   ph_setar.obj
 0001:000178b0       _getendtar                 1c0188b0 f   ph_setar.obj
 0001:00017920       _make_dip                  1c018920 f   ph_setar.obj
 0001:00017b90       _shrdur                    1c018b90 f   ph_setar.obj
 0001:00017c50       _init_variables            1c018c50 f   ph_setar.obj
 0001:000157f0       _make_f0_command           1c0167f0 f   ph_inton.obj
 0001:00014af0       _set_user_target           1c015af0 f   ph_drwt0.obj
 0001:00014c00       _set_tglst                 1c015c00 f   ph_drwt0.obj
 0001:00014d30       _filter_commands           1c015d30 f   ph_drwt0.obj
 0001:00014e00       _linear_interp             1c015e00 f   ph_drwt0.obj
 0001:00013c60       _init_clause               1c014c60 f   ph_claus.obj
 0001:00013d30       _init_pars                 1c014d30 f   ph_claus.obj
 0001:00013d50       _exit_if_done              1c014d50 f   ph_claus.obj
 0001:00013db0       _send_pars                 1c014db0 f   ph_claus.obj
 0001:00013950       _remaining_stresses_til    1c014950 f   ph_aloph.obj
 0001:000139d0       _promote_last_2            1c0149d0 f   ph_aloph.obj
 0001:00013a80       _make_out_phonol           1c014a80 f   ph_aloph.obj
 0001:00005090       _wave_file_open            1c006090 f   cmd_wav.obj
 0001:00003080       _cm_phon_lookup_asc        1c004080 f   cm_phon.obj
 0001:000030e0       _cm_phon_lookup_arpa       1c0040e0 f   cm_phon.obj
 0001:000031c0       _cm_phon_param_check       1c0041c0 f   cm_phon.obj
 0001:00003310       _cm_phon_flush             1c004310 f   cm_phon.obj
 0001:00002a30       _cm_pars_icommand          1c003a30 f   cm_pars.obj
 0001:00002e70       _OutputCharacter           1c003e70 f   cm_pars.obj
 0001:00000cc0       _OpenDbgLogFile            1c001cc0 f   cm_copt.obj
 0001:00000cf0       _CloseDbgLogFile           1c001cf0 f   cm_copt.obj
