 dectalk

 Timestamp is 4072a8c5 (Tue Apr 06 08:55:33 2004)

 Preferred load address is 1c000000

 Start         Length     Name                   Class
 0001:00000000 00033796H .text                   CODE
 0002:00000000 000001a0H .idata$5                DATA
 0002:000001a0 00000390H .rdata                  DATA
 0002:00000530 00000078H .idata$2                DATA
 0002:000005a8 00000014H .idata$3                DATA
 0002:000005bc 000001a0H .idata$4                DATA
 0002:0000075c 00000648H .idata$6                DATA
 0002:00000db0 000007e0H .edata                  DATA
 0003:00000000 00053080H .data                   DATA
 0003:00053080 00000aa4H .bss                    DATA

  Address         Publics by Value              Rva+Base     Lib:Object

 0001:00000000       _cm_cmd_match_comm         1c001000 f   cm_cmd.obj
 0001:00000230       _cm_cmd_do_command         1c001230 f   cm_cmd.obj
 0001:000002c0       _cm_cmd_build_param        1c0012c0 f   cm_cmd.obj
 0001:00000870       _cm_cmd_reset_comm         1c001870 f   cm_cmd.obj
 0001:00000910       _cm_cmd_error_comm         1c001910 f   cm_cmd.obj
 0001:00000a90       _cm_cmd_phoneme            1c001a90 f   cm_copt.obj
 0001:00000b60       _cm_cmd_log                1c001b60 f   cm_copt.obj
 0001:00000d30       _OpenLogFile               1c001d30 f   cm_copt.obj
 0001:00000dd0       _CloseLogFile              1c001dd0 f   cm_copt.obj
 0001:00000e70       _cm_cmd_break              1c001e70 f   cm_copt.obj
 0001:00000ef0       _cm_cmd_say                1c001ef0 f   cm_copt.obj
 0001:00000fc0       _cm_cmd_error              1c001fc0 f   cm_copt.obj
 0001:00001050       _cm_cmd_pause              1c002050 f   cm_copt.obj
 0001:000010d0       _cm_cmd_resume             1c0020d0 f   cm_copt.obj
 0001:00001100       _cm_cmd_flush              1c002100 f   cm_copt.obj
 0001:00001220       _cm_cmd_sync               1c002220 f   cm_copt.obj
 0001:000012a0       _cm_cmd_enable             1c0022a0 f   cm_copt.obj
 0001:00001320       _cm_cmd_punct              1c002320 f   cm_copt.obj
 0001:000013b0       _cm_cmd_skip               1c0023b0 f   cm_copt.obj
 0001:00001460       _cm_cmd_timeout            1c002460 f   cm_copt.obj
 0001:00001490       _cm_cmd_cpu_rate           1c002490 f   cm_copt.obj
 0001:000014a0       _cm_cmd_setv               1c0024a0 f   cm_copt.obj
 0001:000014d0       _cm_cmd_loadv              1c0024d0 f   cm_copt.obj
 0001:00001580       _cm_cmd_code_page          1c002580 f   cm_copt.obj
 0001:00001590       _cm_cmd_vs                 1c002590 f   cm_copt.obj
 0001:000015b0       _cm_cmd_volume             1c0025b0 f   cm_copt.obj
 0001:00001740       _cm_cmd_language           1c002740 f   cm_copt.obj
 0001:00001880       _cm_cmd_remove             1c002880 f   cm_copt.obj
 0001:000018d0       _cm_cmd_mode               1c0028d0 f   cm_copt.obj
 0001:00001a40       _cm_cmd_pronounce          1c002a40 f   cm_copt.obj
 0001:00001b40       _cm_cmd_rate               1c002b40 f   cm_copt.obj
 0001:00001b80       _cm_cmd_name               1c002b80 f   cm_copt.obj
 0001:00001c00       _cm_cmd_latin              1c002c00 f   cm_copt.obj
 0001:00001c40       _cm_cmd_comma              1c002c40 f   cm_copt.obj
 0001:00001c80       _cm_cmd_period             1c002c80 f   cm_copt.obj
 0001:00001cc0       _cm_cmd_mark               1c002cc0 f   cm_copt.obj
 0001:00001f00       _cm_cmd_define             1c002f00 f   cm_copt.obj
 0001:00001fc0       _cm_cmd_plang              1c002fc0 f   cm_copt.obj
 0001:00002150       _cm_cmd_stress             1c003150 f   cm_copt.obj
 0001:00002180       _cm_cmd_tone               1c003180 f   cm_copt.obj
 0001:00002220       _cm_cmd_dial               1c003220 f   cm_copt.obj
 0001:000024c0       _cm_cmd_digitized          1c0034c0 f   cm_copt.obj
 0001:000024d0       _cm_cmd_debug              1c0034d0 f   cm_copt.obj
 0001:00002500       _cm_cmd_gender             1c003500 f   cm_copt.obj
 0001:00002570       _cmd_main@4                1c003570 f   cm_main.obj
 0001:00002610       _cm_pars_loop              1c003610 f   cm_pars.obj
 0001:00002960       _cm_pars_proc_char         1c003960 f   cm_pars.obj
 0001:00002af0       _cm_pars_new_state         1c003af0 f   cm_pars.obj
 0001:00002b40       _cm_pars_icommand          1c003b40 f   cm_pars.obj
 0001:00002b90       _cm_pars_getseq            1c003b90 f   cm_pars.obj
 0001:00002f80       _OutputCharacter           1c003f80 f   cm_pars.obj
 0001:00002fe0       _cm_phon_lookup_asc        1c003fe0 f   cm_phon.obj
 0001:00003040       _cm_phon_lookup_language   1c004040 f   cm_phon.obj
 0001:00003090       _cm_phon_lookup_arpa       1c004090 f   cm_phon.obj
 0001:00003220       _cm_phon_param_check       1c004220 f   cm_phon.obj
 0001:00003370       _cm_phon_flush             1c004370 f   cm_phon.obj
 0001:000034b0       _cm_phon_match             1c0044b0 f   cm_phon.obj
 0001:00003770       _cm_text_get_word          1c004770 f   cm_text.obj
 0001:00003830       _cm_text_getclause         1c004830 f   cm_text.obj
 0001:00004e80       _cm_util_initialize        1c005e80 f   cm_util.obj
 0001:00004ff0       _cm_util_flush_init        1c005ff0 f   cm_util.obj
 0001:000050c0       _cm_util_init_type         1c0060c0 f   cm_util.obj
 0001:000050e0       _cm_util_dtpc_tones        1c0060e0 f   cm_util.obj
 0001:00005160       _cm_util_dtpc_tones_reset  1c006160 f   cm_util.obj
 0001:00005170       _cm_util_type_out          1c006170 f   cm_util.obj
 0001:00005260       _cm_util_string_match      1c006260 f   cm_util.obj
 0001:000052e0       _cm_util_write_pipe        1c0062e0 f   cm_util.obj
 0001:00005350       _cmd_init                  1c006350 f   Cmd_init.obj
 0001:000053b0       _FreeCMDThreadMemory       1c0063b0 f   Cmd_init.obj
 0001:00005400       _cm_cmd_play               1c006400 f   cmd_wav.obj
 0001:000058f0       _encryptString             1c0068f0 f   CRYPT2.OBJ
 0001:00005a60       _decryptString             1c006a60 f   CRYPT2.OBJ
 0001:00005c00       _sixencode24               1c006c00 f   CRYPT2.OBJ
 0001:00005c40       _sixdecode24               1c006c40 f   CRYPT2.OBJ
 0001:00005ca0       _trand                     1c006ca0 f   CRYPT2.OBJ
 0001:00005cd0       _rot24                     1c006cd0 f   CRYPT2.OBJ
 0001:00005d00       _unrot24                   1c006d00 f   CRYPT2.OBJ
 0001:00005d30       _rot32                     1c006d30 f   CRYPT2.OBJ
 0001:00005d50       _WINprintf                 1c006d50 f   dbgwins.obj
 0001:00005d60       _WINstart_thread           1c006d60 f   dbgwins.obj
 0001:00005d70       _WINprint                  1c006d70 f   dbgwins.obj
 0001:00005d80       _unload_dictionary         1c006d80 f   loaddict.obj
 0001:00005e10       _load_dictionary           1c006e10 f   loaddict.obj
 0001:00006230       _ls_dict_blook             1c007230 f   ls_dict.obj
 0001:00006520       _ls_dict_find_word         1c007520 f   ls_dict.obj
 0001:00006890       _ls_dict_dlook             1c007890 f   ls_dict.obj
 0001:00006b60       _ls_dict_where_to_look     1c007b60 f   ls_dict.obj
 0001:00006c40       _ls_dict_ufind_word        1c007c40 f   ls_dict.obj
 0001:00006cc0       _ls_dict_user_dict_look    1c007cc0 f   ls_dict.obj
 0001:00006e00       _ls_dict_where_to_ulook    1c007e00 f   ls_dict.obj
 0001:00006e60       _DictionaryHit             1c007e60 f   ls_dict.obj
 0001:00007090       _DumpDictionary            1c008090 f   ls_dict.obj
 0001:00007230       _UserDictionaryHit         1c008230 f   ls_dict.obj
 0001:00007470       _DumpUserDictionary        1c008470 f   ls_dict.obj
 0001:000075b0       _UserDictionaryHead        1c0085b0 f   ls_dict.obj
 0001:000075c0       _GetUserEntrySize          1c0085c0 f   ls_dict.obj
 0001:00007600       _AddUserEntry              1c008600 f   ls_dict.obj
 0001:000079b0       _DeleteUserEntry           1c0089b0 f   ls_dict.obj
 0001:00007b00       _ChangeUserPhoneme         1c008b00 f   ls_dict.obj
 0001:00007b90       _GetNumUserEntries         1c008b90 f   ls_dict.obj
 0001:00007ba0       _GetUserEntry              1c008ba0 f   ls_dict.obj
 0001:00007ca0       _SaveUserDictionary        1c008ca0 f   ls_dict.obj
 0001:00007d60       _ls_homo_homo              1c008d60 f   ls_homo.obj
 0001:000080a0       _ls_homo_sapi_homo         1c0090a0 f   ls_homo.obj
 0001:000081b0       _ls_math_do_math           1c0091b0 f   ls_math.obj
 0001:00008200       _ls_math_flush_ascky       1c009200 f   ls_math.obj
 0001:00008250       _ls_proc_do_sign           1c009250 f   ls_proc.obj
 0001:000082e0       _ls_proc_do_part_number    1c0092e0 f   ls_proc.obj
 0001:00008430       _ls_proc_is_a_part         1c009430 f   ls_proc.obj
 0001:00008460       _ls_proc_do_2_digits       1c009460 f   ls_proc.obj
 0001:000084f0       _ls_proc_do_3_digits       1c0094f0 f   ls_proc.obj
 0001:00008570       _ls_proc_do_4_digits       1c009570 f   ls_proc.obj
 0001:00008620       _ls_proc_do_digit_group    1c009620 f   ls_proc.obj
 0001:00008750       _ls_proc_do_number         1c009750 f   ls_proc.obj
 0001:00008e10       _ls_proc_non_zero          1c009e10 f   ls_proc.obj
 0001:00008e40       _ls_proc_is_date           1c009e40 f   ls_proc.obj
 0001:00008fd0       _ls_proc_do_date           1c009fd0 f   ls_proc.obj
 0001:00009180       _ls_proc_is_frac           1c00a180 f   ls_proc.obj
 0001:00009240       _ls_proc_do_frac           1c00a240 f   ls_proc.obj
 0001:00009320       _ls_proc_is_time           1c00a320 f   ls_proc.obj
 0001:00009430       _ls_proc_is_am_pm          1c00a430 f   ls_proc.obj
 0001:00009480       _ls_proc_do_time           1c00a480 f   ls_proc.obj
 0001:00009570       _ls_spel_say_it            1c00a570 f   ls_spel.obj
 0001:00009620       _ls_spel_spell             1c00a620 f   ls_spel.obj
 0001:00009700       _ls_spel_spell_speed       1c00a700 f   ls_spel.obj
 0001:00009770       _ls_suff_suffix_find       1c00a770 f   ls_suff.obj
 0001:00009a50       _ls_suff_append_pron       1c00aa50 f   ls_suff.obj
 0001:00009ac0       _ls_suff_print_fc          1c00aac0 f   ls_suff.obj
 0001:00009cc0       _ls_adju_cluster           1c00acc0 f   lsa_adju.obj
 0001:00009e10       _ls_adju_allo2             1c00ae10 f   lsa_adju.obj
 0001:0000a200       _ls_adju_sylables          1c00b200 f   lsa_adju.obj
 0001:0000a3f0       _ls_adju_is_cons           1c00b3f0 f   lsa_adju.obj
 0001:0000a410       _ls_adju_is_voc            1c00b410 f   lsa_adju.obj
 0001:0000a430       _ls_adju_stress            1c00b430 f   lsa_adju.obj
 0001:0000a880       _ls_adju_unstressed        1c00b880 f   lsa_adju.obj
 0001:0000a8c0       _ls_adju_suffixscan        1c00b8c0 f   lsa_adju.obj
 0001:0000a970       _ls_adju_prefixscan        1c00b970 f   lsa_adju.obj
 0001:0000ab40       _ls_adju_bestdefault       1c00bb40 f   lsa_adju.obj
 0001:0000abe0       _ls_adju_best2syl          1c00bbe0 f   lsa_adju.obj
 0001:0000ac70       _ls_adju_final_fixes       1c00bc70 f   lsa_adju.obj
 0001:0000ada0       _ls_adju_allo1             1c00bda0 f   lsa_adju.obj
 0001:0000ae70       _ls_adju_delgemphone       1c00be70 f   lsa_adju.obj
 0001:0000aeb0       _ls_adju_is_obs            1c00beb0 f   lsa_adju.obj
 0001:0000aed0       _ls_adju_ins_phone         1c00bed0 f   lsa_adju.obj
 0001:0000af30       _ls_adju_del_phone         1c00bf30 f   lsa_adju.obj
 0001:0000af50       _ls_rule_lts               1c00bf50 f   lsa_rule.obj
 0001:0000b2c0       _ls_rule_lts_out           1c00c2c0 f   lsa_rule.obj
 0001:0000b380       _ls_rule_delete_geminate_pairs 1c00c380 f   lsa_rule.obj
 0001:0000b410       _ls_rule_add_graph         1c00c410 f   lsa_rule.obj
 0001:0000b540       _ls_rule_rule_match        1c00c540 f   lsa_rule.obj
 0001:0000b690       _ls_rule_env_match         1c00c690 f   lsa_rule.obj
 0001:0000b8c0       _ls_rule_add_phone         1c00c8c0 f   lsa_rule.obj
 0001:0000b910       _ls_rule_do_lts            1c00c910 f   lsa_rule.obj
 0001:0000b9c0       _ls_rule_show_phone        1c00c9c0 f   lsa_rule.obj
 0001:0000b9d0       _ls_rule_phone_alloc       1c00c9d0 f   lsa_rule.obj
 0001:0000ba00       _ls_rule_phone_free        1c00ca00 f   lsa_rule.obj
 0001:0000ba20       _ls_task_main              1c00ca20 f   lsa_task.obj
 0001:0000be30       _ls_task_parse_number      1c00ce30 f   lsa_task.obj
 0001:0000bfe0       _ls_task_wlookup           1c00cfe0 f   lsa_task.obj
 0001:0000c0b0       _ls_task_lookahead         1c00d0b0 f   lsa_task.obj
 0001:0000c0f0       _ls_task_do_right_punct    1c00d0f0 f   lsa_task.obj
 0001:0000c3c0       _ls_task_readword          1c00d3c0 f   lsa_task.obj
 0001:0000c590       _ls_task_spell_word        1c00d590 f   lsa_task.obj
 0001:0000c5e0       _ls_task_read_next_word    1c00d5e0 f   lsa_task.obj
 0001:0000c680       _ls_task_set_what_state    1c00d680 f   lsa_task.obj
 0001:0000c750       _ls_task_find_end_of_word  1c00d750 f   lsa_task.obj
 0001:0000c780       _ls_task_fix_german_vowels 1c00d780 f   lsa_task.obj
 0001:0000c8b0       _ls_task_spell_mode        1c00d8b0 f   lsa_task.obj
 0001:0000c900       _ls_task_minidic_search    1c00d900 f   lsa_task.obj
 0001:0000c950       _ls_task_math_mode         1c00d950 f   lsa_task.obj
 0001:0000c990       _ls_task_dictionary_search 1c00d990 f   lsa_task.obj
 0001:0000ca50       _ls_task_strip_left_punctuation 1c00da50 f   lsa_task.obj
 0001:0000cac0       _ls_task_strip_right_punctuation 1c00dac0 f   lsa_task.obj
 0001:0000cba0       _ls_task_spell_all_punct   1c00dba0 f   lsa_task.obj
 0001:0000cc00       _ls_task_dictionary_after_punct 1c00dc00 f   lsa_task.obj
 0001:0000ccd0       _ls_task_spell_vs_speak    1c00dcd0 f   lsa_task.obj
 0001:0000cd50       _ls_task_single_letter_spell_rules 1c00dd50 f   lsa_task.obj
 0001:0000cf70       _ls_task_remove_case       1c00df70 f   lsa_task.obj
 0001:0000cfa0       _ls_task_Dr_St_process     1c00dfa0 f   lsa_task.obj
 0001:0000d120       _ls_task_set_sign_flag     1c00e120 f   lsa_task.obj
 0001:0000d1c0       _ls_task_currency_processing 1c00e1c0 f   lsa_task.obj
 0001:0000d540       _ls_task_date_processing   1c00e540 f   lsa_task.obj
 0001:0000d650       _ls_task_frac_processing   1c00e650 f   lsa_task.obj
 0001:0000d6a0       _ls_task_plain_number_processing 1c00e6a0 f   lsa_task.obj
 0001:0000da00       _ls_task_part_number       1c00ea00 f   lsa_task.obj
 0001:0000daa0       _ls_task_process_word      1c00eaa0 f   lsa_task.obj
 0001:0000dc70       _ls_task_lookup_first_verbs 1c00ec70 f   lsa_task.obj
 0001:0000dd50       _ls_task_prelookup         1c00ed50 f   lsa_task.obj
 0001:0000ddd0       _lsa_util_pcmp             1c00edd0 f   lsa_util.obj
 0001:0000de10       _lsa_util_stress_fr        1c00ee10 f   lsa_util.obj
 0001:0000de60       _lsa_util_stress_gr        1c00ee60 f   lsa_util.obj
 0001:0000df90       _lsa_util_stress_it        1c00ef90 f   lsa_util.obj
 0001:0000e050       _lsa_util_stress_ja        1c00f050 f   lsa_util.obj
 0001:0000e090       _lsa_util_stress_sl        1c00f090 f   lsa_util.obj
 0001:0000e310       _lsa_util_stress_sp        1c00f310 f   lsa_util.obj
 0001:0000e4b0       _lsa_util_init_lang        1c00f4b0 f   lsa_util.obj
 0001:0000e560       _lsa_util_id_name          1c00f560 f   lsa_util.obj
 0001:0000e7a0       _lsa_util_print_ntype      1c00f7a0 f   lsa_util.obj
 0001:0000e7c0       _lsa_util_force_english    1c00f7c0 f   lsa_util.obj
 0001:0000e910       _ls_util_dump_cword        1c00f910 f   lsa_util.obj
 0001:0000e980       _ls_util_dump_llp_rlp      1c00f980 f   lsa_util.obj
 0001:0000e9f0       _ls_util_dump_lsp_endp     1c00f9f0 f   lsa_util.obj
 0001:0000ea70       _ls_util_is_dot            1c00fa70 f   lsa_util.obj
 0001:0000ea90       _ls_util_is_name           1c00fa90 f   lsa_util.obj
 0001:0000eb20       _ls_util_is_ordinal        1c00fb20 f   lsa_util.obj
 0001:0000ebc0       _ls_util_is_year           1c00fbc0 f   lsa_util.obj
 0001:0000ec20       _ls_util_copyword          1c00fc20 f   lsa_util.obj
 0001:0000ec50       _ls_util_send_phone_list   1c00fc50 f   lsa_util.obj
 0001:0000ec90       _ls_util_send_phone        1c00fc90 f   lsa_util.obj
 0001:0000ed90       _ls_util_is_might          1c00fd90 f   lsa_util.obj
 0001:0000ede0       _ls_util_is_index          1c00fde0 f   lsa_util.obj
 0001:0000ee30       _ls_util_is_white          1c00fe30 f   lsa_util.obj
 0001:0000ee70       _ls_util_read_item         1c00fe70 f   lsa_util.obj
 0001:0000eec0       _ls_util_next_item         1c00fec0 f   lsa_util.obj
 0001:0000f230       _ls_util_write_item        1c010230 f   lsa_util.obj
 0001:0000f270       _ls_util_lookup            1c010270 f   lsa_util.obj
 0001:0000f3a0       _ls_util_pluralize         1c0103a0 f   lsa_util.obj
 0001:0000f410       _ls_util_is_vowel          1c010410 f   lsa_util.obj
 0001:0000f440       _ls_util_lts_init          1c010440 f   lsa_util.obj
 0001:0000f470       _f_fprintf                 1c010470 f   lsa_util.obj
 0001:0000f4a0       _ls_util_write_pipe        1c0104a0 f   lsa_util.obj
 0001:0000fcb0       _ls_util_is_aword          1c010cb0 f   lsa_util.obj
 0001:0000fcf0       _lts_main@4                1c010cf0 f   lsw_main.obj
 0001:00010060       _IsFileAccessible          1c011060 f   lsw_main.obj
 0001:00010080       _FindFileOnPath            1c011080 f   lsw_main.obj
 0001:000100d0       _FindFileInCurrentDirectory 1c0110d0 f   lsw_main.obj
 0001:000101b0       _GetDictionaryNames        1c0111b0 f   lsw_main.obj
 0001:000104c0       _LTSLibMain                1c0114c0 f   lsw_main.obj
 0001:000104d0       _mallocLock                1c0114d0 f   mmalloc.obj
 0001:000104f0       _reallocLock               1c0114f0 f   mmalloc.obj
 0001:00010520       _freeLock                  1c011520 f   mmalloc.obj
 0001:00010550       _OP_CreateThread           1c011550 f   opthread.obj
 0001:00010580       _OP_GetThreadPriority      1c011580 f   opthread.obj
 0001:00010590       _OP_SetThreadPriority      1c011590 f   opthread.obj
 0001:000105b0       _OP_ExitThread             1c0115b0 f   opthread.obj
 0001:000105c0       _OP_WaitForThreadTermination 1c0115c0 f   opthread.obj
 0001:00010600       _OP_CreateMutex            1c011600 f   opthread.obj
 0001:00010620       _OP_DestroyMutex           1c011620 f   opthread.obj
 0001:00010640       _OP_LockMutex              1c011640 f   opthread.obj
 0001:00010650       _OP_UnlockMutex            1c011650 f   opthread.obj
 0001:00010660       _OP_CreateEvent            1c011660 f   opthread.obj
 0001:00010680       _OP_DestroyEvent           1c011680 f   opthread.obj
 0001:00010690       _OP_SetEvent               1c011690 f   opthread.obj
 0001:000106a0       _OP_ResetEvent             1c0116a0 f   opthread.obj
 0001:000106b0       _OP_WaitForEvent           1c0116b0 f   opthread.obj
 0001:000106d0       _OP_Sleep                  1c0116d0 f   opthread.obj
 0001:000106e0       _ThreadLock                1c0116e0 f   opthread.obj
 0001:00010760       _ThreadUnlock              1c011760 f   opthread.obj
 0001:00010790       _par_dict_lookup           1c011790 f   Par_dict.obj
 0001:00010a60       _par_dict_find_word        1c011a60 f   Par_dict.obj
 0001:00010b40       _par_dict_ufind_word       1c011b40 f   Par_dict.obj
 0001:00010ba0       _par_dict_dlook            1c011ba0 f   Par_dict.obj
 0001:00010c50       _par_dict_udlook           1c011c50 f   Par_dict.obj
 0001:00010cd0       _par_dict_where_to_look    1c011cd0 f   Par_dict.obj
 0001:00010d40       _par_dict_where_to_ulook   1c011d40 f   Par_dict.obj
 0001:00010da0       _ERROR_func1               1c011da0 f   Par_pars.obj
 0001:00010df0       _ERROR_func2               1c011df0 f   Par_pars.obj
 0001:00010e00       _par_process_input         1c011e00 f   Par_pars.obj
 0001:000119e0       _par_match_rule            1c0129e0 f   Par_pars.obj
 0001:00011f60       _par_delete_string         1c012f60 f   Par_pars.obj
 0001:00012000       _par_replace_string        1c013000 f   Par_pars.obj
 0001:00012180       _par_compound_break        1c013180 f   Par_pars.obj
 0001:00012240       _par_break_down_word       1c013240 f   Par_pars.obj
 0001:00012410       _par_find_word_in_dict     1c013410 f   Par_pars.obj
 0001:00012530       _par_insert_string         1c013530 f   Par_pars.obj
 0001:00012780       _par_insert_string_after   1c013780 f   Par_pars.obj
 0001:00012830       _par_insert_string_before  1c013830 f   Par_pars.obj
 0001:00012940       _par_save_string           1c013940 f   Par_pars.obj
 0001:000129a0       _par_dom_dict_search       1c0139a0 f   Par_pars.obj
 0001:00012b30       _par_look_ahead_dictionary 1c013b30 f   Par_pars.obj
 0001:00012ba0       _par_search_for_word       1c013ba0 f   Par_pars.obj
 0001:00012d90       _par_check_word_string     1c013d90 f   Par_pars.obj
 0001:00012e20       _par_status_string         1c013e20 f   Par_pars.obj
 0001:00012e80       _par_build_string_from_rule 1c013e80 f   Par_pars.obj
 0001:000130a0       _par_match_string          1c0140a0 f   Par_pars.obj
 0001:00013280       _par_copy_string_data      1c014280 f   Par_pars.obj
 0001:000132f0       _par_convert_number        1c0142f0 f   Par_pars.obj
 0001:00013320       _par_convert_number_new2   1c014320 f   Par_pars.obj
 0001:00013350       _par_get_int_length        1c014350 f   Par_pars.obj
 0001:00013390       _par_look_ahead            1c014390 f   Par_pars.obj
 0001:000135b0       _par_copy_word_to_output   1c0145b0 f   Par_pars.obj
 0001:00013690       _par_skip_white_space      1c014690 f   Par_pars.obj
 0001:000137c0       _par_print_rule_error      1c0147c0 f   Par_pars.obj
 0001:00013820       _par_match_standard        1c014820 f   Par_pars.obj
 0001:00013c00       _par_match_digits          1c014c00 f   Par_pars.obj
 0001:00013f10       _par_match_sets_with_ranges 1c014f10 f   Par_pars.obj
 0001:000141d0       _par_match_set             1c0151d0 f   Par_pars.obj
 0001:000143b0       _phalloph                  1c0153b0 f   ph_aloph.obj
 0001:00014f20       _prphonol                  1c015f20 f   ph_aloph.obj
 0001:00014fd0       _phclause                  1c015fd0 f   ph_claus.obj
 0001:00015210       _init_phclause             1c016210 f   ph_claus.obj
 0001:000155c0       _ph_fuddify                1c0165c0 f   ph_claus.obj
 0001:00015640       _phdraw                    1c016640 f   ph_draw.obj
 0001:00015c60       _h_modulation              1c016c60 f   ph_draw.obj
 0001:00015d20       _pht0draw                  1c016d20 f   ph_drwt0.obj
 0001:00017cc0       _phinton                   1c018cc0 f   ph_inton.obj
 0001:00018c70       _ph_main@4                 1c019c70 f   ph_main.obj
 0001:00018ea0       _FreePHInstanceData        1c019ea0 f   ph_main.obj
 0001:00018ef0       _us_gettar                 1c019ef0 f   ph_setar.obj
 0001:00019550       _uk_gettar                 1c01a550 f   ph_setar.obj
 0001:00019ba0       _sp_gettar                 1c01aba0 f   ph_setar.obj
 0001:0001a0f0       _la_gettar                 1c01b0f0 f   ph_setar.obj
 0001:0001a640       _gr_gettar                 1c01b640 f   ph_setar.obj
 0001:0001aca0       _fr_gettar                 1c01bca0 f   ph_setar.obj
 0001:0001b1a0       _phsettar                  1c01c1a0 f   ph_setar.obj
 0001:00021800       _getbegtar                 1c022800 f   ph_setar.obj
 0001:00022520       _getendtar                 1c023520 f   ph_setar.obj
 0001:00022bd0       _place                     1c023bd0 f i ph_setar.obj
 0001:00022bf0       _begtyp                    1c023bf0 f i ph_setar.obj
 0001:00022c10       _phcluster                 1c023c10 f   ph_sort.obj
 0001:00022d90       _phsort                    1c023d90 f   ph_sort.obj
 0001:000240a0       _durlookup                 1c0250a0 f   ph_sort.obj
 0001:000241c0       _phone_feature             1c0251c0 f i ph_sort.obj
 0001:000241e0       _saysyllable               1c0251e0 f   ph_syl.obj
 0001:00024390       _syl_find_vowel            1c025390 f   ph_syl.obj
 0001:00024510       _syl_find_cons             1c025510 f   ph_syl.obj
 0001:000245b0       _logsyllable               1c0255b0 f   ph_syl.obj
 0001:00024bd0       _kltask                    1c025bd0 f   ph_task.obj
 0001:000255b0       _speak_now                 1c0265b0 f   ph_task.obj
 0001:00025710       _deadstop                  1c026710 f   ph_task.obj
 0001:00025730       _readphone                 1c026730 f   ph_task.obj
 0001:00025970       _mstofr                    1c026970 f   ph_task.obj
 0001:00025980       _GetCurrentPitch           1c026980 f   ph_task.obj
 0001:000259b0       _GetPhVdefParams           1c0269b0 f   ph_task.obj
 0001:00025a90       _GetSpeakerParams          1c026a90 f   ph_task.obj
 0001:00026470       _SetSpeakerParams          1c027470 f   ph_task.obj
 0001:00026760       _phtiming                  1c027760 f   ph_timng.obj
 0001:000276a0       _prdurs                    1c0286a0 f   ph_timng.obj
 0001:000276b0       _prphdurs                  1c0286b0 f   ph_timng.obj
 0001:000276c0       _min_timing                1c0286c0 f   ph_timng.obj
 0001:00027740       _inh_timing                1c028740 f   ph_timng.obj
 0001:000277c0       _setparam                  1c0287c0 f   ph_vset.obj
 0001:00027870       _usevoice                  1c028870 f   ph_vset.obj
 0001:000278f0       _saveval                   1c0288f0 f   ph_vset.obj
 0001:00027910       _setspdef                  1c028910 f   ph_vset.obj
 0001:00027bd0       _phinit                    1c028bd0 f   phinit.obj
 0001:00027d30       _logclaus                  1c028d30 f   phlog.obj
 0001:00027eb0       _logitem                   1c028eb0 f   phlog.obj
 0001:00028150       _dologphoneme              1c029150 f   phlog.obj
 0001:000284c0       _PrintLangBit              1c0294c0 f   phlog.obj
 0001:00028660       _create_pipe               1c029660 f   PIPE.OBJ
 0001:000287e0       _write_pipe                1c0297e0 f   PIPE.OBJ
 0001:00028d10       _read_pipe                 1c029d10 f   PIPE.OBJ
 0001:00029310       _pause_pipe                1c02a310 f   PIPE.OBJ
 0001:00029340       _resume_pipe               1c02a340 f   PIPE.OBJ
 0001:00029370       _exit_pipe                 1c02a370 f   PIPE.OBJ
 0001:000293a0       _reset_pipe                1c02a3a0 f   PIPE.OBJ
 0001:000293e0       _destroy_pipe              1c02a3e0 f   PIPE.OBJ
 0001:00029420       _pipe_count                1c02a420 f   PIPE.OBJ
 0001:00029450       _LockPipe                  1c02a450 f   PIPE.OBJ
 0001:00029460       _UnlockPipe                1c02a460 f   PIPE.OBJ
 0001:00029470       _SWFlushPipe               1c02a470 f   PIPE.OBJ
 0001:000294c0       _PA_CreatePlayHandle       1c02a4c0 f   playaud.obj
 0001:00029510       _PA_CreatePlayHandleEx     1c02a510 f   playaud.obj
 0001:00029af0       _PA_DestroyPlayHandle      1c02aaf0 f   playaud.obj
 0001:00029b30       _PA_DestroyPlayHandleEx    1c02ab30 f   playaud.obj
 0001:00029d70       _PA_Queue                  1c02ad70 f   playaud.obj
 0001:00029f30       _PA_Reset                  1c02af30 f   playaud.obj
 0001:00029fe0       _PA_Pause                  1c02afe0 f   playaud.obj
 0001:0002a000       _PA_Resume                 1c02b000 f   playaud.obj
 0001:0002a050       _PA_GetFormat              1c02b050 f   playaud.obj
 0001:0002a070       _PA_SetFormat              1c02b070 f   playaud.obj
 0001:0002a0e0       _PA_GetVolume              1c02b0e0 f   playaud.obj
 0001:0002a100       _PA_SetVolume              1c02b100 f   playaud.obj
 0001:0002a120       _PA_SynchronizationMark    1c02b120 f   playaud.obj
 0001:0002a140       _PA_GetPosition            1c02b140 f   playaud.obj
 0001:0002a1c0       _PA_Status                 1c02b1c0 f   playaud.obj
 0001:0002a350       _PA_WaitForPlayToComplete  1c02b350 f   playaud.obj
 0001:0002a580       _TimerThreadMain           1c02b580 f   playaud.obj
 0001:0002a9b0       _PlayAudioThreadMain       1c02b9b0 f   playaud.obj
 0001:0002bdd0       _WaveOutCallbackRoutine@20 1c02cdd0 f   playaud.obj
 0001:0002be20       _PA_DoSync                 1c02ce20 f   playaud.obj
 0001:0002be60       _PA_GetBytesPerSecond      1c02ce60 f   playaud.obj
 0001:0002be70       _PlayTones                 1c02ce70 f   PLAYTONE.OBJ
 0001:0002c1f0       _save_index                1c02d1f0 f   SERVICES.OBJ
 0001:0002c290       _check_index               1c02d290 f   SERVICES.OBJ
 0001:0002c3b0       _adjust_index              1c02d3b0 f   SERVICES.OBJ
 0001:0002c410       _adjust_allo               1c02d410 f   SERVICES.OBJ
 0001:0002c460       _set_index_allo            1c02d460 f   SERVICES.OBJ
 0001:0002c4b0       _free_index                1c02d4b0 f   SERVICES.OBJ
 0001:0002c500       _send_index                1c02d500 f   SERVICES.OBJ
 0001:0002c510       _start_flush               1c02d510 f   SERVICES.OBJ
 0001:0002c520       _reset_spc                 1c02d520 f   SERVICES.OBJ
 0001:0002c530       _default_lang              1c02d530 f   SERVICES.OBJ
 0001:0002c610       _flush_done                1c02d610 f   SERVICES.OBJ
 0001:0002c630       _kernel_disable            1c02d630 f   SERVICES.OBJ
 0001:0002c640       _kernel_enable             1c02d640 f   SERVICES.OBJ
 0001:0002c650       _wait_semaphore            1c02d650 f   SERVICES.OBJ
 0001:0002c660       _signal_semaphore          1c02d660 f   SERVICES.OBJ
 0001:0002c670       _set_gpio                  1c02d670 f   SERVICES.OBJ
 0001:0002c680       _clr_gpio                  1c02d680 f   SERVICES.OBJ
 0001:0002c690       _sleep                     1c02d690 f   SERVICES.OBJ
 0001:0002c6a0       _putseq                    1c02d6a0 f   SERVICES.OBJ
 0001:0002c6b0       _EncodeDectalkVolume       1c02d6b0 f   SERVICES.OBJ
 0001:0002c6d0       _DecodeDectalkVolume       1c02d6d0 f   SERVICES.OBJ
 0001:0002c730       _StereoVolumeControl       1c02d730 f   SERVICES.OBJ
 0001:0002c810       _SetStereoVolume           1c02d810 f   SERVICES.OBJ
 0001:0002c860       _spcget                    1c02d860 f   SPC.OBJ
 0001:0002c900       _spcwrite                  1c02d900 f   SPC.OBJ
 0001:0002c950       _spcfree                   1c02d950 f   SPC.OBJ
 0001:0002c960       _sync_main@4               1c02d960 f   SYNC.OBJ
 0001:0002cd60       _all_digits                1c02dd60 f   ttsapi.obj
 0001:0002cd90       _LibMain@12                1c02dd90 f   ttsapi.obj
 0001:0002cda0       _AddLicenseRef             1c02dda0 f   ttsapi.obj
 0001:0002cfe0       _ReleaseLicenseRef         1c02dfe0 f   ttsapi.obj
 0001:0002d030       _TextToSpeechStartupEx     1c02e030 f   ttsapi.obj
 0001:0002d060       _TextToSpeechStartupExFonix 1c02e060 f   ttsapi.obj
 0001:0002d780       _TextToSpeechStartup       1c02e780 f   ttsapi.obj
 0001:0002d7b0       _DefaultTTSCallbackRoutine 1c02e7b0 f   ttsapi.obj
 0001:0002d8b0       _TextToSpeechShutdown      1c02e8b0 f   ttsapi.obj
 0001:0002dea0       _TextToSpeechSpeak         1c02eea0 f   ttsapi.obj
 0001:0002dee0       _TextToSpeechSpeakEx       1c02eee0 f   ttsapi.obj
 0001:0002e040       _TextToSpeechPause         1c02f040 f   ttsapi.obj
 0001:0002e070       _TextToSpeechResume        1c02f070 f   ttsapi.obj
 0001:0002e0a0       _TextToSpeechOpenWaveOutFile 1c02f0a0 f   ttsapi.obj
 0001:0002e250       _TextToSpeechCloseWaveOutFile 1c02f250 f   ttsapi.obj
 0001:0002e380       _TextToSpeechGetStatus     1c02f380 f   ttsapi.obj
 0001:0002e4e0       _TextToSpeechReset         1c02f4e0 f   ttsapi.obj
 0001:0002eb90       _TextToSpeechSync          1c02fb90 f   ttsapi.obj
 0001:0002ec90       _TextToSpeechGetRate       1c02fc90 f   ttsapi.obj
 0001:0002ecd0       _TextToSpeechSetRate       1c02fcd0 f   ttsapi.obj
 0001:0002ed10       _TextToSpeechGetSpeaker    1c02fd10 f   ttsapi.obj
 0001:0002ed50       _TextToSpeechSetSpeaker    1c02fd50 f   ttsapi.obj
 0001:0002ed90       _TextToSpeechGetLanguage   1c02fd90 f   ttsapi.obj
 0001:0002edc0       _TextToSpeechSetLanguage   1c02fdc0 f   ttsapi.obj
 0001:0002edf0       _TextToSpeechGetCaps       1c02fdf0 f   ttsapi.obj
 0001:0002ee50       _TextToSpeechLoadUserDictionary 1c02fe50 f   ttsapi.obj
 0001:0002eed0       _TextToSpeechUnloadUserDictionary 1c02fed0 f   ttsapi.obj
 0001:0002ef30       _TextToSpeechOpenInMemory  1c02ff30 f   ttsapi.obj
 0001:0002f060       _TextToSpeechCloseInMemory 1c030060 f   ttsapi.obj
 0001:0002f140       _TextToSpeechAddBuffer     1c030140 f   ttsapi.obj
 0001:0002f1e0       _TextToSpeechReturnBuffer  1c0301e0 f   ttsapi.obj
 0001:0002f240       _TextToSpeechOpenLogFile   1c030240 f   ttsapi.obj
 0001:0002f350       _TextToSpeechCloseLogFile  1c030350 f   ttsapi.obj
 0001:0002f410       _QueueToMemory             1c030410 f   ttsapi.obj
 0001:0002f6c0       _SendBuffer                1c0306c0 f   ttsapi.obj
 0001:0002f7d0       _ReturnRemainingBuffers    1c0307d0 f   ttsapi.obj
 0001:0002f910       _PutIndexMarkInBuffer      1c030910 f   ttsapi.obj
 0001:0002f9d0       _PutPhonemeInBuffer        1c0309d0 f   ttsapi.obj
 0001:0002fdc0       _TextToSpeechErrorHandler  1c030dc0 f   ttsapi.obj
 0001:0002fdf0       _WriteAudioToFile          1c030df0 f   ttsapi.obj
 0001:0002feb0       _LinearToMuLaw             1c030eb0 f   ttsapi.obj
 0001:0002ff10       _WaitForLtsFlush           1c030f10 f   ttsapi.obj
 0001:00030460       _PlayAudioCallbackRoutine  1c031460 f   ttsapi.obj
 0001:00030510       _Report_TTS_Status         1c031510 f   ttsapi.obj
 0001:00030580       _DrainPipes                1c031580 f   ttsapi.obj
 0001:000305c0       _TextToSpeechVersion       1c0315c0 f   ttsapi.obj
 0001:00030600       _TextToSpeechControlPanel  1c031600 f   ttsapi.obj
 0001:00030610       _TextToSpeechGetLastError  1c031610 f   ttsapi.obj
 0001:00030620       _TextToSpeechTyping        1c031620 f   ttsapi.obj
 0001:000306f0       _TextToSpeechReserved1     1c0316f0 f   ttsapi.obj
 0001:00030880       _TextToSpeechReserved2     1c031880 f   ttsapi.obj
 0001:00030890       _TextToSpeechVersionEx     1c031890 f   ttsapi.obj
 0001:00030920       _TextToSpeechStartLang     1c031920 f   ttsapi.obj
 0001:00030930       _TextToSpeechCloseLang     1c031930 f   ttsapi.obj
 0001:00030940       _TextToSpeechSelectLang    1c031940 f   ttsapi.obj
 0001:00030950       _TextToSpeechGetFeatures   1c031950 f   ttsapi.obj
 0001:00030960       _TextToSpeechEnumLangs     1c031960 f   ttsapi.obj
 0001:00030a20       _TextToSpeechReserved3     1c031a20 f   ttsapi.obj
 0001:00030b80       _TextToSpeechGetPhVdefParams 1c031b80 f   ttsapi.obj
 0001:00030ba0       _TextToSpeechGetSpeakerParams 1c031ba0 f   ttsapi.obj
 0001:00030bd0       _TextToSpeechSetSpeakerParams 1c031bd0 f   ttsapi.obj
 0001:00030bf0       _TextToSpeechDictionaryHit 1c031bf0 f   ttsapi.obj
 0001:00030c20       _TextToSpeechDumpDictionary 1c031c20 f   ttsapi.obj
 0001:00030c40       _TextToSpeechUserDictionaryHit 1c031c40 f   ttsapi.obj
 0001:00030c70       _TextToSpeechDumpUserDictionary 1c031c70 f   ttsapi.obj
 0001:00030c90       _TextToSpeechAddUserEntry  1c031c90 f   ttsapi.obj
 0001:00030cb0       _TextToSpeechDeleteUserEntry 1c031cb0 f   ttsapi.obj
 0001:00030cd0       _TextToSpeechChangeUserPhoneme 1c031cd0 f   ttsapi.obj
 0001:00030d00       _TextToSpeechSaveUserDictionary 1c031d00 f   ttsapi.obj
 0001:00030d20       _TextToSpeechConvertToPhonemes 1c031d20 f   ttsapi.obj
 0001:00030df0       _TextToSpeechTuning        1c031df0 f   ttsapi.obj
 0001:00030f10       _PumpModeMessage           1c031f10 f   ttsapi.obj
 0001:00030f20       _TextToSpeechOpenSapi5Output 1c031f20 f   ttsapi.obj
 0001:00030f30       _TextToSpeechCloseSapi5Output 1c031f30 f   ttsapi.obj
 0001:00030f40       _TextToSpeechSetVolume     1c031f40 f   ttsapi.obj
 0001:00030fa0       _TextToSpeechGetVolume     1c031fa0 f   ttsapi.obj
 0001:00030ff0       _TextToSpeechVisualMarks   1c031ff0 f   ttsapi.obj
 0001:00031000       _TextToSpeechReserved4     1c032000 f   ttsapi.obj
 0001:00031010       _TextToSpeechReserved6     1c032010 f   ttsapi.obj
 0001:00031020       _TextToSpeechReserved5     1c032020 f   ttsapi.obj
 0001:00031030       _usa_init                  1c032030 f   USA_INIT.OBJ
 0001:00031110       _d2pole_cf45               1c032110 f   vtm.obj
 0001:000311f0       _d2pole_cf123              1c0321f0 f   vtm.obj
 0001:000312d0       _d2pole_pf                 1c0322d0 f   vtm.obj
 0001:000313b0       _Notch_fc                  1c0323b0 f   vtm.obj
 0001:00031420       _speech_waveform_generator 1c032420 f   vtm.obj
 0001:00032680       _read_speaker_definition   1c033680 f   vtm.obj
 0001:000329f0       _InitializeVTM             1c0339f0 f   vtm.obj
 0001:00032ae0       _SetSampleRate             1c033ae0 f   vtm.obj
 0001:00032ba0       _setzeroabc                1c033ba0 f   vtm.obj
 0001:00032c20       _vtm_main@4                1c033c20 f   VTMIONT.OBJ
 0001:00033350       _OutputData                1c034350 f   VTMIONT.OBJ
 0001:00033520       _EmptyVtmPipe              1c034520 f   VTMIONT.OBJ
 0001:000336b0       _SendVisualNotification    1c0346b0 f   VTMIONT.OBJ
 0001:00033760       __chkstk                   1c034760 f   MSVCRT:chkstk.obj
 0001:00033760       __alloca_probe             1c034760 f   MSVCRT:chkstk.obj
 0001:00033790       __ftol                     1c034790 f   MSVCRT:MSVCRT.dll
 0002:00000000       __imp__RegOpenKeyExA@20    1c035000     advapi32:ADVAPI32.dll
 0002:00000004       __imp__RegQueryValueExA@24 1c035004     advapi32:ADVAPI32.dll
 0002:00000008       __imp__RegCloseKey@4       1c035008     advapi32:ADVAPI32.dll
 0002:0000000c       \177ADVAPI32_NULL_THUNK_DATA 1c03500c     advapi32:ADVAPI32.dll
 0002:00000010       __imp__InitializeCriticalSection@4 1c035010     kernel32:KERNEL32.dll
 0002:00000014       __imp__CloseHandle@4       1c035014     kernel32:KERNEL32.dll
 0002:00000018       __imp__UnmapViewOfFile@4   1c035018     kernel32:KERNEL32.dll
 0002:0000001c       __imp__IsBadReadPtr@8      1c03501c     kernel32:KERNEL32.dll
 0002:00000020       __imp__GetCurrentThread@0  1c035020     kernel32:KERNEL32.dll
 0002:00000024       __imp__IsBadWritePtr@8     1c035024     kernel32:KERNEL32.dll
 0002:00000028       __imp__WaitForMultipleObjects@16 1c035028     kernel32:KERNEL32.dll
 0002:0000002c       __imp__GetLastError@0      1c03502c     kernel32:KERNEL32.dll
 0002:00000030       __imp__GetCurrentThreadId@0 1c035030     kernel32:KERNEL32.dll
 0002:00000034       __imp__InterlockedExchange@8 1c035034     kernel32:KERNEL32.dll
 0002:00000038       __imp__CreateEventA@16     1c035038     kernel32:KERNEL32.dll
 0002:0000003c       __imp__DeleteCriticalSection@4 1c03503c     kernel32:KERNEL32.dll
 0002:00000040       __imp__GetExitCodeThread@8 1c035040     kernel32:KERNEL32.dll
 0002:00000044       __imp__SetThreadPriority@8 1c035044     kernel32:KERNEL32.dll
 0002:00000048       __imp__GetThreadPriority@4 1c035048     kernel32:KERNEL32.dll
 0002:0000004c       __imp__GlobalUnlock@4      1c03504c     kernel32:KERNEL32.dll
 0002:00000050       __imp__LeaveCriticalSection@4 1c035050     kernel32:KERNEL32.dll
 0002:00000054       __imp__EnterCriticalSection@4 1c035054     kernel32:KERNEL32.dll
 0002:00000058       __imp__Sleep@4             1c035058     kernel32:KERNEL32.dll
 0002:0000005c       __imp__GetTickCount@0      1c03505c     kernel32:KERNEL32.dll
 0002:00000060       __imp__WaitForSingleObject@8 1c035060     kernel32:KERNEL32.dll
 0002:00000064       __imp__ResetEvent@4        1c035064     kernel32:KERNEL32.dll
 0002:00000068       __imp__SetEvent@4          1c035068     kernel32:KERNEL32.dll
 0002:0000006c       __imp__GlobalFree@4        1c03506c     kernel32:KERNEL32.dll
 0002:00000070       __imp__MapViewOfFile@20    1c035070     kernel32:KERNEL32.dll
 0002:00000074       __imp__CreateFileMappingA@24 1c035074     kernel32:KERNEL32.dll
 0002:00000078       __imp__CreateFileA@28      1c035078     kernel32:KERNEL32.dll
 0002:0000007c       __imp__GlobalLock@4        1c03507c     kernel32:KERNEL32.dll
 0002:00000080       __imp__GlobalAlloc@8       1c035080     kernel32:KERNEL32.dll
 0002:00000084       __imp__GlobalReAlloc@12    1c035084     kernel32:KERNEL32.dll
 0002:00000088       __imp__GlobalHandle@4      1c035088     kernel32:KERNEL32.dll
 0002:0000008c       \177KERNEL32_NULL_THUNK_DATA 1c03508c     kernel32:KERNEL32.dll
 0002:00000090       __imp__fread               1c035090     MSVCRT:MSVCRT.dll
 0002:00000094       __imp__memmove             1c035094     MSVCRT:MSVCRT.dll
 0002:00000098       __imp__fwrite              1c035098     MSVCRT:MSVCRT.dll
 0002:0000009c       __imp___access             1c03509c     MSVCRT:MSVCRT.dll
 0002:000000a0       __imp___searchenv          1c0350a0     MSVCRT:MSVCRT.dll
 0002:000000a4       __imp___getcwd             1c0350a4     MSVCRT:MSVCRT.dll
 0002:000000a8       __imp___beginthreadex      1c0350a8     MSVCRT:MSVCRT.dll
 0002:000000ac       __imp___endthreadex        1c0350ac     MSVCRT:MSVCRT.dll
 0002:000000b0       __imp___stricmp            1c0350b0     MSVCRT:MSVCRT.dll
 0002:000000b4       __imp__atoi                1c0350b4     MSVCRT:MSVCRT.dll
 0002:000000b8       __imp__calloc              1c0350b8     MSVCRT:MSVCRT.dll
 0002:000000bc       __imp___ftol               1c0350bc     MSVCRT:MSVCRT.dll
 0002:000000c0       __imp__sprintf             1c0350c0     MSVCRT:MSVCRT.dll
 0002:000000c4       __imp__fseek               1c0350c4     MSVCRT:MSVCRT.dll
 0002:000000c8       __imp__fclose              1c0350c8     MSVCRT:MSVCRT.dll
 0002:000000cc       __imp___strdate            1c0350cc     MSVCRT:MSVCRT.dll
 0002:000000d0       __imp__fopen               1c0350d0     MSVCRT:MSVCRT.dll
 0002:000000d4       __imp___strtime            1c0350d4     MSVCRT:MSVCRT.dll
 0002:000000d8       __imp__fprintf             1c0350d8     MSVCRT:MSVCRT.dll
 0002:000000dc       __imp___flushall           1c0350dc     MSVCRT:MSVCRT.dll
 0002:000000e0       __imp__printf              1c0350e0     MSVCRT:MSVCRT.dll
 0002:000000e4       __imp__malloc              1c0350e4     MSVCRT:MSVCRT.dll
 0002:000000e8       __imp__strncmp             1c0350e8     MSVCRT:MSVCRT.dll
 0002:000000ec       __imp__free                1c0350ec     MSVCRT:MSVCRT.dll
 0002:000000f0       __imp__time                1c0350f0     MSVCRT:MSVCRT.dll
 0002:000000f4       __imp__fflush              1c0350f4     MSVCRT:MSVCRT.dll
 0002:000000f8       \177MSVCRT_NULL_THUNK_DATA 1c0350f8     MSVCRT:MSVCRT.dll
 0002:000000fc       __imp__LoadCursorA@8       1c0350fc     user32:USER32.dll
 0002:00000100       __imp__LoadIconA@8         1c035100     user32:USER32.dll
 0002:00000104       __imp__CreateWindowExA@48  1c035104     user32:USER32.dll
 0002:00000108       __imp__PostQuitMessage@4   1c035108     user32:USER32.dll
 0002:0000010c       __imp__GetWindowLongA@8    1c03510c     user32:USER32.dll
 0002:00000110       __imp__RegisterClassA@4    1c035110     user32:USER32.dll
 0002:00000114       __imp__SetWindowLongA@12   1c035114     user32:USER32.dll
 0002:00000118       __imp__ShowWindow@8        1c035118     user32:USER32.dll
 0002:0000011c       __imp__GetMessageA@16      1c03511c     user32:USER32.dll
 0002:00000120       __imp__DispatchMessageA@4  1c035120     user32:USER32.dll
 0002:00000124       __imp__SendMessageA@16     1c035124     user32:USER32.dll
 0002:00000128       __imp__UnregisterClassA@8  1c035128     user32:USER32.dll
 0002:0000012c       __imp__RegisterWindowMessageA@4 1c03512c     user32:USER32.dll
 0002:00000130       __imp__DefWindowProcA@16   1c035130     user32:USER32.dll
 0002:00000134       __imp__DestroyWindow@4     1c035134     user32:USER32.dll
 0002:00000138       __imp__PostMessageA@16     1c035138     user32:USER32.dll
 0002:0000013c       \177USER32_NULL_THUNK_DATA 1c03513c     user32:USER32.dll
 0002:00000140       __imp__waveOutReset@4      1c035140     winmm:WINMM.dll
 0002:00000144       __imp__waveOutGetPosition@12 1c035144     winmm:WINMM.dll
 0002:00000148       __imp__waveOutClose@4      1c035148     winmm:WINMM.dll
 0002:0000014c       __imp__mmioClose@8         1c03514c     winmm:WINMM.dll
 0002:00000150       __imp__mmioAscend@12       1c035150     winmm:WINMM.dll
 0002:00000154       __imp__mmioDescend@16      1c035154     winmm:WINMM.dll
 0002:00000158       __imp__mmioOpenA@12        1c035158     winmm:WINMM.dll
 0002:0000015c       __imp__waveOutGetNumDevs@0 1c03515c     winmm:WINMM.dll
 0002:00000160       __imp__mmioRead@12         1c035160     winmm:WINMM.dll
 0002:00000164       __imp__timeGetTime@0       1c035164     winmm:WINMM.dll
 0002:00000168       __imp__waveOutGetVolume@8  1c035168     winmm:WINMM.dll
 0002:0000016c       __imp__waveOutPause@4      1c03516c     winmm:WINMM.dll
 0002:00000170       __imp__waveOutOpen@24      1c035170     winmm:WINMM.dll
 0002:00000174       __imp__waveOutPrepareHeader@12 1c035174     winmm:WINMM.dll
 0002:00000178       __imp__waveOutWrite@12     1c035178     winmm:WINMM.dll
 0002:0000017c       __imp__waveOutUnprepareHeader@12 1c03517c     winmm:WINMM.dll
 0002:00000180       __imp__waveOutRestart@4    1c035180     winmm:WINMM.dll
 0002:00000184       __imp__waveOutGetID@8      1c035184     winmm:WINMM.dll
 0002:00000188       __imp__waveOutGetDevCapsA@12 1c035188     winmm:WINMM.dll
 0002:0000018c       __imp__waveOutSetVolume@8  1c03518c     winmm:WINMM.dll
 0002:00000190       \177WINMM_NULL_THUNK_DATA  1c035190     winmm:WINMM.dll
 0002:00000194       __imp__CoTaskMemFree@4     1c035194     ole32:ole32.dll
 0002:00000198       __imp__CoTaskMemAlloc@4    1c035198     ole32:ole32.dll
 0002:0000019c       \177ole32_NULL_THUNK_DATA  1c03519c     ole32:ole32.dll
 0002:000001a0       _durdic                    1c0351a0     ph_sort.obj
 0002:000002a8       __real@8@4008fa00000000000000 1c0352a8     playaud.obj
 0002:000002b0       __real@8@3ffb851eb851eb852000 1c0352b0     playaud.obj
 0002:000002b8       __real@8@3ff8ccccccccccccd000 1c0352b8     playaud.obj
 0002:000002c0       __real@8@3ffca000000000000000 1c0352c0     PLAYTONE.OBJ
 0002:000002c8       __real@8@40098000000000000000 1c0352c8     PLAYTONE.OBJ
 0002:000002d0       __real@8@40078000000000000000 1c0352d0     PLAYTONE.OBJ
 0002:000002d8       __real@8@bff583126e978d4fe000 1c0352d8     PLAYTONE.OBJ
 0002:000002e0       __real@8@3ff683126e978d4fe000 1c0352e0     PLAYTONE.OBJ
 0002:000002e8       __real@8@00000000000000000000 1c0352e8     SYNC.OBJ
 0002:000002f0       _int_volume_table          1c0352f0     vtm.obj
 0002:00000528       __real@8@3fff8000000000000000 1c035528     vtm.obj
 0002:00000530       __IMPORT_DESCRIPTOR_WINMM  1c035530     winmm:WINMM.dll
 0002:00000544       __IMPORT_DESCRIPTOR_KERNEL32 1c035544     kernel32:KERNEL32.dll
 0002:00000558       __IMPORT_DESCRIPTOR_USER32 1c035558     user32:USER32.dll
 0002:0000056c       __IMPORT_DESCRIPTOR_ADVAPI32 1c03556c     advapi32:ADVAPI32.dll
 0002:00000580       __IMPORT_DESCRIPTOR_ole32  1c035580     ole32:ole32.dll
 0002:00000594       __IMPORT_DESCRIPTOR_MSVCRT 1c035594     MSVCRT:MSVCRT.dll
 0002:000005a8       __NULL_IMPORT_DESCRIPTOR   1c0355a8     winmm:WINMM.dll
 0003:00000000       _char_types                1c037000     cm_char.obj
 0003:00000138       _phoneme_modes             1c037138     cm_copt.obj
 0003:00000154       _log_options               1c037154     cm_copt.obj
 0003:00000180       _say_options               1c037180     cm_copt.obj
 0003:0000019c       _error_options             1c03719c     cm_copt.obj
 0003:000001b4       _flush_options             1c0371b4     cm_copt.obj
 0003:000001cc       _punct_options             1c0371cc     cm_copt.obj
 0003:000001e0       _skip_options              1c0371e0     cm_copt.obj
 0003:000001fc       _volume_options            1c0371fc     cm_copt.obj
 0003:0000022c       _lang_options              1c03722c     cm_copt.obj
 0003:00000260       _mode_options              1c037260     cm_copt.obj
 0003:00000294       _pronounce_options         1c037294     cm_copt.obj
 0003:000002b8       _voice_names               1c0372b8     cm_copt.obj
 0003:000002e4       _index_options             1c0372e4     cm_copt.obj
 0003:00000310       _gender_options            1c037310     cm_copt.obj
 0003:00000320       _define_options            1c037320     cm_copt.obj
 0003:000003a8       _command_table             1c0373a8     cm_copt.obj
 0003:000006dc       _total_commands            1c0376dc     cm_copt.obj
 0003:00001054       _tlikmap                   1c038054     cm_util.obj
 0003:00001064       _tlitone0                  1c038064     cm_util.obj
 0003:00001084       _tlitone1                  1c038084     cm_util.obj
 0003:000010a4       _tliproto                  1c0380a4     cm_util.obj
 0003:000010b8       _wMulawTable               1c0380b8     cmd_wav.obj
 0003:000012b8       _standard_notices          1c0382b8     DECSTD97.OBJ
 0003:00001af0       _ls_fold                   1c038af0     ls_chari.obj
 0003:00001bf0       _ls_lower                  1c038bf0     ls_chari.obj
 0003:00001cf0       _ls_upper                  1c038cf0     ls_chari.obj
 0003:00001df0       _ls_char_feat              1c038df0     ls_chari.obj
 0003:00002218       _homo_table                1c039218     ls_homo.obj
 0003:000023f8       _math_table                1c0393f8     ls_math.obj
 0003:00002450       _ascky_tab                 1c039450     ls_math.obj
 0003:000026c4       _spell_it                  1c0396c4     ls_speli.obj
 0003:00002968       _form_class_strings        1c039968     ls_suff.obj
 0003:00002b28       _suffix_index              1c039b28     ls_suffi.obj
 0003:00002b94       _suffix_table              1c039b94     ls_suffi.obj
 0003:000042f8       _lp                        1c03b2f8     lsa_coni.obj
 0003:000043b8       _name_types                1c03b3b8     lsa_coni.obj
 0003:000043d8       _elim_rules                1c03b3d8     lsa_coni.obj
 0003:000043ec       _preftab                   1c03b3ec     lsa_coni.obj
 0003:000044d4       _lsctype                   1c03b4d4     lsa_coni.obj
 0003:000046d4       _nabtab                    1c03b6d4     lsa_coni.obj
 0003:000049b0       _nwdtab                    1c03b9b0     lsa_coni.obj
 0003:00004a1c       _m_jan                     1c03ba1c     lsa_coni.obj
 0003:00004a20       _m_feb                     1c03ba20     lsa_coni.obj
 0003:00004a24       _m_mar                     1c03ba24     lsa_coni.obj
 0003:00004a28       _m_apr                     1c03ba28     lsa_coni.obj
 0003:00004a2c       _m_may                     1c03ba2c     lsa_coni.obj
 0003:00004a30       _m_jun                     1c03ba30     lsa_coni.obj
 0003:00004a34       _m_jul                     1c03ba34     lsa_coni.obj
 0003:00004a38       _m_aug                     1c03ba38     lsa_coni.obj
 0003:00004a3c       _m_sep                     1c03ba3c     lsa_coni.obj
 0003:00004a40       _m_oct                     1c03ba40     lsa_coni.obj
 0003:00004a44       _m_nov                     1c03ba44     lsa_coni.obj
 0003:00004a48       _m_dec                     1c03ba48     lsa_coni.obj
 0003:00004a4c       _months                    1c03ba4c     lsa_coni.obj
 0003:00004a7c       _pdegree                   1c03ba7c     lsa_coni.obj
 0003:00004a84       _pminus                    1c03ba84     lsa_coni.obj
 0003:00004a8c       _pplus                     1c03ba8c     lsa_coni.obj
 0003:00004a94       _pstreet                   1c03ba94     lsa_coni.obj
 0003:00004a9c       _psaint                    1c03ba9c     lsa_coni.obj
 0003:00004aa4       _pdoctor                   1c03baa4     lsa_coni.obj
 0003:00004aac       _pdrive                    1c03baac     lsa_coni.obj
 0003:00004ab4       _pOH                       1c03bab4     lsa_coni.obj
 0003:00004ab8       _p0                        1c03bab8     lsa_coni.obj
 0003:00004ac0       _p1                        1c03bac0     lsa_coni.obj
 0003:00004ac8       _p2                        1c03bac8     lsa_coni.obj
 0003:00004acc       _p3                        1c03bacc     lsa_coni.obj
 0003:00004ad4       _p4                        1c03bad4     lsa_coni.obj
 0003:00004ad8       _p5                        1c03bad8     lsa_coni.obj
 0003:00004ae0       _p6                        1c03bae0     lsa_coni.obj
 0003:00004ae8       _p7                        1c03bae8     lsa_coni.obj
 0003:00004af0       _p8                        1c03baf0     lsa_coni.obj
 0003:00004af4       _p9                        1c03baf4     lsa_coni.obj
 0003:00004afc       _up0                       1c03bafc     lsa_coni.obj
 0003:00004b04       _up1                       1c03bb04     lsa_coni.obj
 0003:00004b08       _up2                       1c03bb08     lsa_coni.obj
 0003:00004b0c       _up3                       1c03bb0c     lsa_coni.obj
 0003:00004b10       _up4                       1c03bb10     lsa_coni.obj
 0003:00004b14       _up5                       1c03bb14     lsa_coni.obj
 0003:00004b18       _up6                       1c03bb18     lsa_coni.obj
 0003:00004b20       _up7                       1c03bb20     lsa_coni.obj
 0003:00004b28       _up8                       1c03bb28     lsa_coni.obj
 0003:00004b2c       _up9                       1c03bb2c     lsa_coni.obj
 0003:00004b30       _punits                    1c03bb30     lsa_coni.obj
 0003:00004b58       _upunits                   1c03bb58     lsa_coni.obj
 0003:00004b80       _phundred                  1c03bb80     lsa_coni.obj
 0003:00004b8c       _pthousand                 1c03bb8c     lsa_coni.obj
 0003:00004b94       _pmillion                  1c03bb94     lsa_coni.obj
 0003:00004b9c       _pbillion                  1c03bb9c     lsa_coni.obj
 0003:00004ba4       _ptrillion                 1c03bba4     lsa_coni.obj
 0003:00004bb0       _pquadrillion              1c03bbb0     lsa_coni.obj
 0003:00004bbc       _p10                       1c03bbbc     lsa_coni.obj
 0003:00004bc4       _p11                       1c03bbc4     lsa_coni.obj
 0003:00004bcc       _p12                       1c03bbcc     lsa_coni.obj
 0003:00004bd4       _p13                       1c03bbd4     lsa_coni.obj
 0003:00004be0       _p14                       1c03bbe0     lsa_coni.obj
 0003:00004bec       _p15                       1c03bbec     lsa_coni.obj
 0003:00004bf8       _p16                       1c03bbf8     lsa_coni.obj
 0003:00004c04       _p17                       1c03bc04     lsa_coni.obj
 0003:00004c10       _p18                       1c03bc10     lsa_coni.obj
 0003:00004c18       _p19                       1c03bc18     lsa_coni.obj
 0003:00004c24       _pteens                    1c03bc24     lsa_coni.obj
 0003:00004c4c       _p20                       1c03bc4c     lsa_coni.obj
 0003:00004c54       _p30                       1c03bc54     lsa_coni.obj
 0003:00004c5c       _p40                       1c03bc5c     lsa_coni.obj
 0003:00004c64       _p50                       1c03bc64     lsa_coni.obj
 0003:00004c6c       _p60                       1c03bc6c     lsa_coni.obj
 0003:00004c74       _p70                       1c03bc74     lsa_coni.obj
 0003:00004c80       _p80                       1c03bc80     lsa_coni.obj
 0003:00004c88       _p90                       1c03bc88     lsa_coni.obj
 0003:00004c90       _ptens                     1c03bc90     lsa_coni.obj
 0003:00004cb8       _ppence                    1c03bcb8     lsa_coni.obj
 0003:00004cc0       _ppercent                  1c03bcc0     lsa_coni.obj
 0003:00004ccc       _pcent                     1c03bccc     lsa_coni.obj
 0003:00004cd4       _ppound                    1c03bcd4     lsa_coni.obj
 0003:00004cdc       _pdollar                   1c03bcdc     lsa_coni.obj
 0003:00004ce4       _pand                      1c03bce4     lsa_coni.obj
 0003:00004cec       _ppoint                    1c03bcec     lsa_coni.obj
 0003:00004cf4       _ptt2tp                    1c03bcf4     lsa_coni.obj
 0003:00004d0c       _pjan                      1c03bd0c     lsa_coni.obj
 0003:00004d18       _pfeb                      1c03bd18     lsa_coni.obj
 0003:00004d24       _pmar                      1c03bd24     lsa_coni.obj
 0003:00004d2c       _papr                      1c03bd2c     lsa_coni.obj
 0003:00004d34       _pmay                      1c03bd34     lsa_coni.obj
 0003:00004d38       _pjun                      1c03bd38     lsa_coni.obj
 0003:00004d40       _pjul                      1c03bd40     lsa_coni.obj
 0003:00004d48       _paug                      1c03bd48     lsa_coni.obj
 0003:00004d50       _psep                      1c03bd50     lsa_coni.obj
 0003:00004d5c       _poct                      1c03bd5c     lsa_coni.obj
 0003:00004d64       _pnov                      1c03bd64     lsa_coni.obj
 0003:00004d70       _pdec                      1c03bd70     lsa_coni.obj
 0003:00004d7c       _pmonths                   1c03bd7c     lsa_coni.obj
 0003:00004dac       _p0th                      1c03bdac     lsa_coni.obj
 0003:00004db4       _p1st                      1c03bdb4     lsa_coni.obj
 0003:00004dbc       _p2nd                      1c03bdbc     lsa_coni.obj
 0003:00004dc4       _p3rd                      1c03bdc4     lsa_coni.obj
 0003:00004dcc       _p4th                      1c03bdcc     lsa_coni.obj
 0003:00004dd4       _p5th                      1c03bdd4     lsa_coni.obj
 0003:00004ddc       _p6th                      1c03bddc     lsa_coni.obj
 0003:00004de4       _p7th                      1c03bde4     lsa_coni.obj
 0003:00004dec       _p8th                      1c03bdec     lsa_coni.obj
 0003:00004df0       _p9th                      1c03bdf0     lsa_coni.obj
 0003:00004df8       _pordin                    1c03bdf8     lsa_coni.obj
 0003:00004e20       _phalf                     1c03be20     lsa_coni.obj
 0003:00004e28       _phalves                   1c03be28     lsa_coni.obj
 0003:00004e30       _pthe                      1c03be30     lsa_coni.obj
 0003:00004e34       _pof                       1c03be34     lsa_coni.obj
 0003:00004e38       _feats                     1c03be38     lsa_coni.obj
 0003:00004e78       _pfeat                     1c03be78     lsa_coni.obj
 0003:00004f68       _sdic                      1c03bf68     lsa_coni.obj
 0003:00004f94       _predic                    1c03bf94     lsa_coni.obj
 0003:00004fb4       _whdic                     1c03bfb4     lsa_coni.obj
 0003:0000505c       _french                    1c03c05c     lsa_fr.obj
 0003:00009d40       _german                    1c040d40     lsa_gr.obj
 0003:0000ea24       _irish                     1c045a24     lsa_ir.obj
 0003:00013708       _italian                   1c04a708     lsa_it.obj
 0003:000183ec       _japan                     1c04f3ec     lsa_ja.obj
 0003:0001d0d0       _acna_lswtab               1c0540d0     lsa_rtbi.obj
 0003:00021274       _acna_lsbtab               1c058274     lsa_rtbi.obj
 0003:00026c28       _slavic                    1c05dc28     lsa_sl.obj
 0003:0002b90c       _spanish                   1c06290c     lsa_sp.obj
 0003:000305f0       _verbs                     1c0675f0     lsa_task.obj
 0003:00030888       _english                   1c067888     lsa_us.obj
 0003:000359bc       _szLocalMachineDECtalk     1c06c9bc     lsw_main.obj
 0003:000359c0       _szCurrentUsersDECtalk     1c06c9c0     lsw_main.obj
 0003:000359c4       _szMainDictDef             1c06c9c4     lsw_main.obj
 0003:000359c8       _szUserDictDef             1c06c9c8     lsw_main.obj
 0003:000359cc       _szAbbrDictDef             1c06c9cc     lsw_main.obj
 0003:000359d0       _szForeignDictDef          1c06c9d0     lsw_main.obj
 0003:00035b90       _parser_char_types         1c06cb90     Par_char.obj
 0003:00035d94       _par_lower                 1c06cd94     Par_char.obj
 0003:00035e94       _par_upper                 1c06ce94     Par_char.obj
 0003:00035f94       _par_illegal_cluster       1c06cf94     Par_char.obj
 0003:0003607c       _char_type_table           1c06d07c     Par_pars.obj
 0003:000360bc       _perform_action_funcs      1c06d0bc     Par_pars.obj
 0003:00036270       ??_C@_0EB@PJJM@par_set_return_level?$DLtoo?5many?5le@ 1c06d270     Par_pars.obj
 0003:000362b4       ??_C@_0DP@EDMP@par_get_return_level?$DLno?5place?5to@ 1c06d2b4     Par_pars.obj
 0003:000362f8       _num_rule_sections         1c06d2f8     par_rule.obj
 0003:000362fc       _rule_sections             1c06d2fc     par_rule.obj
 0003:00036308       _num_rules                 1c06d308     par_rule.obj
 0003:0003630c       _rule_index_table          1c06d30c     par_rule.obj
 0003:00036620       _rule_data_table           1c06d620     par_rule.obj
 0003:000389f0       _dict_point                1c06f9f0     par_rule.obj
 0003:00038ac0       _dict_index_table          1c06fac0     par_rule.obj
 0003:000390c0       _dict_data_table           1c0700c0     par_rule.obj
 0003:00039fe4       _noun_character_mapping_table 1c070fe4     par_rule.obj
 0003:0003a3e4       _uk_f0msegtars             1c0713e4     ph_drwt0.obj
 0003:0003a458       _uk_f0fsegtars             1c071458     ph_drwt0.obj
 0003:0003a4cc       _sp_f0msegtars             1c0714cc     ph_drwt0.obj
 0003:0003a51c       _sp_f0fsegtars             1c07151c     ph_drwt0.obj
 0003:0003a56c       _la_f0msegtars             1c07156c     ph_drwt0.obj
 0003:0003a5bc       _la_f0fsegtars             1c0715bc     ph_drwt0.obj
 0003:0003a60c       _gr_f0msegtars             1c07160c     ph_drwt0.obj
 0003:0003a67c       _gr_f0fsegtars             1c07167c     ph_drwt0.obj
 0003:0003a6ec       _us_f0msegtars             1c0716ec     ph_drwt0.obj
 0003:0003a764       _us_f0fsegtars             1c071764     ph_drwt0.obj
 0003:0003a7dc       _fr_f0msegtars             1c0717dc     ph_drwt0.obj
 0003:0003a830       _fr_f0fsegtars             1c071830     ph_drwt0.obj
 0003:0003a83c       _us_inhdr                  1c07183c     ph_romi.obj
 0003:0003a8b4       _us_mindur                 1c0718b4     ph_romi.obj
 0003:0003a92c       _us_burdr                  1c07192c     ph_romi.obj
 0003:0003a9a4       _us_f0segtars              1c0719a4     ph_romi.obj
 0003:0003aa1c       _us_begtyp                 1c071a1c     ph_romi.obj
 0003:0003aa94       _us_endtyp                 1c071a94     ph_romi.obj
 0003:0003ab0c       _us_place                  1c071b0c     ph_romi.obj
 0003:0003ab84       _us_featb                  1c071b84     ph_romi.obj
 0003:0003ac50       _us_maltar                 1c071c50     ph_romi.obj
 0003:0003af8c       _us_femtar                 1c071f8c     ph_romi.obj
 0003:0003b2c8       _us_maldip                 1c0722c8     ph_romi.obj
 0003:0003b658       _us_femdip                 1c072658     ph_romi.obj
 0003:0003b9f4       _us_ptram                  1c0729f4     ph_romi.obj
 0003:0003ba6c       _us_malamp                 1c072a6c     ph_romi.obj
 0003:0003bf20       _us_femamp                 1c072f20     ph_romi.obj
 0003:0003c3d4       _us_plocu                  1c0733d4     ph_romi.obj
 0003:0003c5ac       _us_maleloc                1c0735ac     ph_romi.obj
 0003:0003cc4c       _us_femloc                 1c073c4c     ph_romi.obj
 0003:0003d2ec       _us_f0glstp                1c0742ec     ph_romi.obj
 0003:0003d2fc       _us_f0_phrase_position     1c0742fc     ph_romi.obj
 0003:0003d30c       _us_f0_stress_level        1c07430c     ph_romi.obj
 0003:0003d31c       _uk_inhdr                  1c07431c     ph_romi.obj
 0003:0003d390       _uk_mindur                 1c074390     ph_romi.obj
 0003:0003d404       _uk_burdr                  1c074404     ph_romi.obj
 0003:0003d478       _uk_f0segtars              1c074478     ph_romi.obj
 0003:0003d4ec       _uk_begtyp                 1c0744ec     ph_romi.obj
 0003:0003d560       _uk_endtyp                 1c074560     ph_romi.obj
 0003:0003d5d4       _uk_place                  1c0745d4     ph_romi.obj
 0003:0003d648       _uk_featb                  1c074648     ph_romi.obj
 0003:0003d714       _uk_maltar                 1c074714     ph_romi.obj
 0003:0003da34       _uk_femtar                 1c074a34     ph_romi.obj
 0003:0003dd54       _uk_maldip                 1c074d54     ph_romi.obj
 0003:0003e0b4       _uk_femdip                 1c0750b4     ph_romi.obj
 0003:0003e390       _uk_ptram                  1c075390     ph_romi.obj
 0003:0003e404       _uk_malamp                 1c075404     ph_romi.obj
 0003:0003e840       _uk_femamp                 1c075840     ph_romi.obj
 0003:0003ec7c       _uk_plocu                  1c075c7c     ph_romi.obj
 0003:0003ee44       _uk_maleloc                1c075e44     ph_romi.obj
 0003:0003f4c0       _uk_femloc                 1c0764c0     ph_romi.obj
 0003:0003fb3c       _uk_f0glstp                1c076b3c     ph_romi.obj
 0003:0003fb4c       _uk_f0_phrase_position     1c076b4c     ph_romi.obj
 0003:0003fb5c       _uk_f0_stress_level        1c076b5c     ph_romi.obj
 0003:0003fb6c       _sp_inhdr                  1c076b6c     ph_romi.obj
 0003:0003fbbc       _sp_mindur                 1c076bbc     ph_romi.obj
 0003:0003fc0c       _sp_burdr                  1c076c0c     ph_romi.obj
 0003:0003fc5c       _sp_f0segtars              1c076c5c     ph_romi.obj
 0003:0003fcac       _sp_begtyp                 1c076cac     ph_romi.obj
 0003:0003fcfc       _sp_endtyp                 1c076cfc     ph_romi.obj
 0003:0003fd4c       _sp_place                  1c076d4c     ph_romi.obj
 0003:0003fd9c       _sp_featb                  1c076d9c     ph_romi.obj
 0003:0003fe68       _sp_maltar                 1c076e68     ph_romi.obj
 0003:0004008c       _sp_femtar                 1c07708c     ph_romi.obj
 0003:000402b0       _sp_maldip                 1c0772b0     ph_romi.obj
 0003:000402f8       _sp_ptram                  1c0772f8     ph_romi.obj
 0003:00040348       _sp_malamp                 1c077348     ph_romi.obj
 0003:000407fc       _sp_femamp                 1c0777fc     ph_romi.obj
 0003:00040cb0       _sp_plocu                  1c077cb0     ph_romi.obj
 0003:00040de8       _sp_maleloc                1c077de8     ph_romi.obj
 0003:0004138c       _sp_femloc                 1c07838c     ph_romi.obj
 0003:00041930       _sp_f0glstp                1c078930     ph_romi.obj
 0003:00041940       _sp_f0_phrase_position     1c078940     ph_romi.obj
 0003:00041950       _sp_f0_stress_level        1c078950     ph_romi.obj
 0003:00041960       _la_inhdr                  1c078960     ph_romi.obj
 0003:000419b0       _la_mindur                 1c0789b0     ph_romi.obj
 0003:00041a00       _la_burdr                  1c078a00     ph_romi.obj
 0003:00041a50       _la_f0segtars              1c078a50     ph_romi.obj
 0003:00041aa0       _la_begtyp                 1c078aa0     ph_romi.obj
 0003:00041af0       _la_endtyp                 1c078af0     ph_romi.obj
 0003:00041b40       _la_place                  1c078b40     ph_romi.obj
 0003:00041b90       _la_featb                  1c078b90     ph_romi.obj
 0003:00041c5c       _la_maltar                 1c078c5c     ph_romi.obj
 0003:00041e80       _la_femtar                 1c078e80     ph_romi.obj
 0003:000420a4       _la_maldip                 1c0790a4     ph_romi.obj
 0003:000420ec       _la_ptram                  1c0790ec     ph_romi.obj
 0003:0004213c       _la_malamp                 1c07913c     ph_romi.obj
 0003:000425f0       _la_femamp                 1c0795f0     ph_romi.obj
 0003:00042aa4       _la_plocu                  1c079aa4     ph_romi.obj
 0003:00042bdc       _la_maleloc                1c079bdc     ph_romi.obj
 0003:00043180       _la_femloc                 1c07a180     ph_romi.obj
 0003:00043724       _la_f0glstp                1c07a724     ph_romi.obj
 0003:00043734       _la_f0_phrase_position     1c07a734     ph_romi.obj
 0003:00043744       _la_f0_stress_level        1c07a744     ph_romi.obj
 0003:00043754       _gr_inhdr                  1c07a754     ph_romi.obj
 0003:000437d0       _gr_mindur                 1c07a7d0     ph_romi.obj
 0003:0004384c       _gr_burdr                  1c07a84c     ph_romi.obj
 0003:000438c8       _gr_f0segtars              1c07a8c8     ph_romi.obj
 0003:00043944       _gr_begtyp                 1c07a944     ph_romi.obj
 0003:000439c0       _gr_endtyp                 1c07a9c0     ph_romi.obj
 0003:00043a3c       _gr_place                  1c07aa3c     ph_romi.obj
 0003:00043ab8       _gr_featb                  1c07aab8     ph_romi.obj
 0003:00043b84       _gr_maltar                 1c07ab84     ph_romi.obj
 0003:00043edc       _gr_femtar                 1c07aedc     ph_romi.obj
 0003:00044234       _gr_maldip                 1c07b234     ph_romi.obj
 0003:00044318       _gr_femdip                 1c07b318     ph_romi.obj
 0003:00044394       _gr_ptram                  1c07b394     ph_romi.obj
 0003:00044410       _gr_malamp                 1c07b410     ph_romi.obj
 0003:000448c4       _gr_femamp                 1c07b8c4     ph_romi.obj
 0003:00044d78       _gr_plocu                  1c07bd78     ph_romi.obj
 0003:00044f60       _gr_maleloc                1c07bf60     ph_romi.obj
 0003:000455b8       _gr_femloc                 1c07c5b8     ph_romi.obj
 0003:00045c10       _gr_f0glstp                1c07cc10     ph_romi.obj
 0003:00045c20       _gr_f0_phrase_position     1c07cc20     ph_romi.obj
 0003:00045c30       _gr_f0_stress_level        1c07cc30     ph_romi.obj
 0003:00045c40       _fr_featb                  1c07cc40     ph_romi.obj
 0003:00045d38       _fr_inhdr                  1c07cd38     ph_romi.obj
 0003:00045d8c       _fr_mindur                 1c07cd8c     ph_romi.obj
 0003:00045de0       _fr_burdr                  1c07cde0     ph_romi.obj
 0003:00045e34       _fr_begtyp                 1c07ce34     ph_romi.obj
 0003:00045e88       _fr_endtyp                 1c07ce88     ph_romi.obj
 0003:00045edc       _Cibles_MALE               1c07cedc     ph_romi.obj
 0003:00046470       _Cibles_FEMALE             1c07d470     ph_romi.obj
 0003:00046a04       _fr_maleloc                1c07da04     ph_romi.obj
 0003:00046d8c       _fr_femloc                 1c07dd8c     ph_romi.obj
 0003:00047114       _fr_malamp                 1c07e114     ph_romi.obj
 0003:00047418       _fr_ptram                  1c07e418     ph_romi.obj
 0003:0004746c       _fr_plocu                  1c07e46c     ph_romi.obj
 0003:00047564       _fr_place                  1c07e564     ph_romi.obj
 0003:000475b8       _getcosine                 1c07e5b8     ph_romi.obj
 0003:00047638       _lineartilt                1c07e638     ph_romi.obj
 0003:00047678       _notetab                   1c07e678     ph_romi.obj
 0003:000476c4       _partyp                    1c07e6c4     ph_romi.obj
 0003:000476d4       _divtab                    1c07e6d4     ph_romi.obj
 0003:00047738       _parini                    1c07e738     ph_romi.obj
 0003:00047758       _bounftab                  1c07e758     ph_romi.obj
 0003:00047770       _all_featb                 1c07e770     ph_romi.obj
 0003:000477f0       _all_place                 1c07e7f0     ph_romi.obj
 0003:00047870       _all_begtyp                1c07e870     ph_romi.obj
 0003:000478f0       _all_endtyp                1c07e8f0     ph_romi.obj
 0003:00047970       _all_ptram                 1c07e970     ph_romi.obj
 0003:000479f0       _all_burdr                 1c07e9f0     ph_romi.obj
 0003:00047a70       _all_plocu                 1c07ea70     ph_romi.obj
 0003:00047af8       _all_gettar                1c07eaf8     ph_setar.obj
 0003:00047b78       _ascky_check               1c07eb78     ph_syl.obj
 0003:00047be8       _common_affixes            1c07ebe8     ph_syl.obj
 0003:00047d1c       _syl_vowels                1c07ed1c     ph_syl.obj
 0003:00047d30       _syl_cons                  1c07ed30     ph_syl.obj
 0003:00048290       _paul_8                    1c07f290     ph_vdefi.obj
 0003:000482d4       _betty_8                   1c07f2d4     ph_vdefi.obj
 0003:00048318       _harry_8                   1c07f318     ph_vdefi.obj
 0003:0004835c       _frank_8                   1c07f35c     ph_vdefi.obj
 0003:000483a0       _kit_8                     1c07f3a0     ph_vdefi.obj
 0003:000483e4       _ursula_8                  1c07f3e4     ph_vdefi.obj
 0003:00048428       _rita_8                    1c07f428     ph_vdefi.obj
 0003:0004846c       _wendy_8                   1c07f46c     ph_vdefi.obj
 0003:000484b0       _dennis_8                  1c07f4b0     ph_vdefi.obj
 0003:000484f4       _paul                      1c07f4f4     ph_vdefi.obj
 0003:00048538       _betty                     1c07f538     ph_vdefi.obj
 0003:0004857c       _harry                     1c07f57c     ph_vdefi.obj
 0003:000485c0       _frank                     1c07f5c0     ph_vdefi.obj
 0003:00048604       _kit                       1c07f604     ph_vdefi.obj
 0003:00048648       _ursula                    1c07f648     ph_vdefi.obj
 0003:0004868c       _rita                      1c07f68c     ph_vdefi.obj
 0003:000486d0       _wendy                     1c07f6d0     ph_vdefi.obj
 0003:00048714       _dennis                    1c07f714     ph_vdefi.obj
 0003:00048758       _paul_8_tune               1c07f758     ph_vdefi.obj
 0003:0004879c       _betty_8_tune              1c07f79c     ph_vdefi.obj
 0003:000487e0       _harry_8_tune              1c07f7e0     ph_vdefi.obj
 0003:00048824       _frank_8_tune              1c07f824     ph_vdefi.obj
 0003:00048868       _kit_8_tune                1c07f868     ph_vdefi.obj
 0003:000488ac       _ursula_8_tune             1c07f8ac     ph_vdefi.obj
 0003:000488f0       _rita_8_tune               1c07f8f0     ph_vdefi.obj
 0003:00048934       _wendy_8_tune              1c07f934     ph_vdefi.obj
 0003:00048978       _dennis_8_tune             1c07f978     ph_vdefi.obj
 0003:000489bc       _paul_tune                 1c07f9bc     ph_vdefi.obj
 0003:00048a00       _betty_tune                1c07fa00     ph_vdefi.obj
 0003:00048a44       _harry_tune                1c07fa44     ph_vdefi.obj
 0003:00048a88       _frank_tune                1c07fa88     ph_vdefi.obj
 0003:00048acc       _kit_tune                  1c07facc     ph_vdefi.obj
 0003:00048b10       _ursula_tune               1c07fb10     ph_vdefi.obj
 0003:00048b54       _rita_tune                 1c07fb54     ph_vdefi.obj
 0003:00048b98       _wendy_tune                1c07fb98     ph_vdefi.obj
 0003:00048bdc       _dennis_tune               1c07fbdc     ph_vdefi.obj
 0003:00048c20       _limit                     1c07fc20     ph_vdefi.obj
 0003:00048ca8       _logspnames                1c07fca8     phlog.obj
 0003:00048ee8       _Shm_t                     1c07fee8     playaud.obj
 0003:00048f00       _pShm_t                    1c07ff00     playaud.obj
 0003:00048f08       _SineTable                 1c07ff08     PLAYTONE.OBJ
 0003:0004b098       _szLicenseKey              1c082098     ttsapi.obj
 0003:0004b58c       _spanish_type              1c08258c     USA_INIT.OBJ
 0003:0004b98c       _spanish_ascky             1c08298c     USA_INIT.OBJ
 0003:0004ba08       _spanish_ascky_rev         1c082a08     USA_INIT.OBJ
 0003:0004bc08       _spanish_arpa              1c082c08     USA_INIT.OBJ
 0003:0004bd00       _spanish_error             1c082d00     USA_INIT.OBJ
 0003:0004bd30       _la_type                   1c082d30     USA_INIT.OBJ
 0003:0004c130       _la_ascky                  1c083130     USA_INIT.OBJ
 0003:0004c1ac       _la_ascky_rev              1c0831ac     USA_INIT.OBJ
 0003:0004c3ac       _la_arpa                   1c0833ac     USA_INIT.OBJ
 0003:0004c4a4       _la_error                  1c0834a4     USA_INIT.OBJ
 0003:0004c4d4       _german_type               1c0834d4     USA_INIT.OBJ
 0003:0004c8d4       _german_ascky              1c0838d4     USA_INIT.OBJ
 0003:0004c950       _german_ascky_rev          1c083950     USA_INIT.OBJ
 0003:0004cb50       _german_arpa               1c083b50     USA_INIT.OBJ
 0003:0004cc48       _german_error              1c083c48     USA_INIT.OBJ
 0003:0004cc78       _usa_type                  1c083c78     USA_INIT.OBJ
 0003:0004d078       _usa_ascky                 1c084078     USA_INIT.OBJ
 0003:0004d0f4       _usa_ascky_rev             1c0840f4     USA_INIT.OBJ
 0003:0004d2f4       _usa_arpa                  1c0842f4     USA_INIT.OBJ
 0003:0004d3ec       _usa_error                 1c0843ec     USA_INIT.OBJ
 0003:0004d41c       _uk_type                   1c08441c     USA_INIT.OBJ
 0003:0004d81c       _uk_ascky                  1c08481c     USA_INIT.OBJ
 0003:0004d898       _uk_ascky_rev              1c084898     USA_INIT.OBJ
 0003:0004da98       _uk_arpa                   1c084a98     USA_INIT.OBJ
 0003:0004db90       _uk_error                  1c084b90     USA_INIT.OBJ
 0003:0004dbc0       _french_type               1c084bc0     USA_INIT.OBJ
 0003:0004dfc0       _french_ascky              1c084fc0     USA_INIT.OBJ
 0003:0004e03c       _french_ascky_rev          1c08503c     USA_INIT.OBJ
 0003:0004e43c       _french_arpa               1c08543c     USA_INIT.OBJ
 0003:0004e530       _french_error              1c085530     USA_INIT.OBJ
 0003:0004e560       _language_prefixes         1c085560     USA_INIT.OBJ
 0003:0004e56c       _language_size             1c08556c     USA_INIT.OBJ
 0003:0004e570       _arpabet_arrays            1c085570     USA_INIT.OBJ
 0003:0004e588       _arpabet_sizes             1c085588     USA_INIT.OBJ
 0003:0004e5a0       _arpabet_lang_flags        1c0855a0     USA_INIT.OBJ
 0003:0004e5b8       _arpabet_lang_fonts        1c0855b8     USA_INIT.OBJ
 0003:00051b08       _B0                        1c088b08     vtm.obj
 0003:00051cc8       _azero_tab                 1c088cc8     vtm.obj
 0003:00051d10       _bzero_tab                 1c088d10     vtm.obj
 0003:00051d58       _czero_tab                 1c088d58     vtm.obj
 0003:00051da0       _amptable                  1c088da0     vtm.obj
 0003:00051e50       _cosine_table              1c088e50     vtm.obj
 0003:00052334       _radius_table              1c089334     vtm.obj
 0003:00052818       _tiltf                     1c089818     vtm.obj
 0003:0005286c       _tiltbw                    1c08986c     vtm.obj
 0003:000528c0       _logtab                    1c0898c0     vtm.obj
 0003:00052dac       _loginv                    1c089dac     vtm.obj
 0003:000530b4       _pnone                     1c08a0b4     lsa_coni.obj
 0003:000530bc       _noun_num_character_in_mapping 1c08a0bc     par_rule.obj
 0003:000530c0       _noun_number_of_conjunctions 1c08a0c0     par_rule.obj
 0003:000530c4       _noun_conjunction          1c08a0c4     par_rule.obj
 0003:000530c8       _noun_index_table          1c08a0c8     par_rule.obj
 0003:000530cc       _noun_data_table           1c08a0cc     par_rule.obj
 0003:000530d0       _oarcnt                    1c08a0d0     ph_drwt0.obj
 0003:000530d4       _ramp_targf0               1c08a0d4     ph_inton.obj
 0003:000530d8       _sp_femdip                 1c08a0d8     ph_romi.obj
 0003:000530dc       _la_femdip                 1c08a0dc     ph_romi.obj
 0003:000530e0       _val_tune                  1c08a0e0     ph_vdefi.obj
 0003:00053128       _tlPlayAudio               1c08a128     playaud.obj
 0003:000531d8       _gnInstanceCounter         1c08a1d8     ttsapi.obj
 0003:000531e0       _tl_gnInstanceCounter      1c08a1e0     ttsapi.obj
 0003:000531ec       _gpufdic_index             1c08a1ec     ttsapi.obj
 0003:000531f0       _gpufdic_data              1c08a1f0     ttsapi.obj
 0003:000531f4       _gufdic_entries            1c08a1f4     ttsapi.obj
 0003:000531f8       _gufdic_bytes              1c08a1f8     ttsapi.obj
 0003:000531fc       _gufdicMapObject           1c08a1fc     ttsapi.obj
 0003:00053200       _gufdicFileHandle          1c08a200     ttsapi.obj
 0003:00053204       _gufdicMapStartAddr        1c08a204     ttsapi.obj
 0003:00053208       _gpufordic_index           1c08a208     ttsapi.obj
 0003:0005320c       _gpufordic_data            1c08a20c     ttsapi.obj
 0003:00053210       _gufordic_entries          1c08a210     ttsapi.obj
 0003:00053214       _gufordic_bytes            1c08a214     ttsapi.obj
 0003:00053218       _gufordicMapObject         1c08a218     ttsapi.obj
 0003:0005321c       _gufordicFileHandle        1c08a21c     ttsapi.obj
 0003:00053220       _gufordicMapStartAddr      1c08a220     ttsapi.obj
 0003:00053224       _gszA32Id                  1c08a224     ttsapi.obj
 0003:0005332c       _hMapObject                1c08a32c     ttsapi.obj
 0003:00053aa4       _ranadd                    1c08aaa4     <common>
 0003:00053aa8       _noisec                    1c08aaa8     <common>
 0003:00053aac       _ranmul                    1c08aaac     <common>
 0003:00053ab0       _radius                    1c08aab0     <common>
 0003:00053ab8       _LanguageParamsArray       1c08aab8     <common>
 0003:00053ac0       _impulse_width             1c08aac0     <common>
 0003:00053ac2       _test_targf0               1c08aac2     <common>
 0003:00053ae0       _name                      1c08aae0     <common>
 0003:00053b20       _name_size                 1c08ab20     <common>

 entry point at        0001:0002cd90

 Static symbols

 0001:0002d020       _GetFromSomeWhere          1c02e020 f   ttsapi.obj
 0001:0002d800       _StartDecTalkSystemThread  1c02e800 f   ttsapi.obj
 0001:0002d920       _DeleteTextToSpeechObjects 1c02e920 f   ttsapi.obj
 0001:0002eae0       _WaitForTextQueuingToComplete 1c02fae0 f   ttsapi.obj
 0001:0002f670       _GetBuffer                 1c030670 f   ttsapi.obj
 0001:0002fa90       _SetSpeaker                1c030a90 f   ttsapi.obj
 0001:0002fab0       _TextToSpeechThreadMain@4  1c030ab0 f   ttsapi.obj
 0001:0002fb40       _InitTextToSpeechWindow    1c030b40 f   ttsapi.obj
 0001:0002fc40       _TextToSpeechWndProc@16    1c030c40 f   ttsapi.obj
 0001:0002fcc0       _Process_TTS_Message       1c030cc0 f   ttsapi.obj
 0001:00030020       _FixMemoryLockup           1c031020 f   ttsapi.obj
 0001:000301c0       _WaitForEmptyPipes         1c0311c0 f   ttsapi.obj
 0001:0002cbe0       _WaitForAudioSampleToPlay  1c02dbe0 f   SYNC.OBJ
 0001:0002c8a0       _spc_size                  1c02d8a0 f   SPC.OBJ
 0001:0002c7d0       _ModifyVolume              1c02d7d0 f   SERVICES.OBJ
 0001:0002c1b0       _Tone                      1c02d1b0 f   PLAYTONE.OBJ
 0001:0002a3b0       _DetermineDeviceID         1c02b3b0 f   playaud.obj
 0001:0002aa50       _PlayAudioProcedure        1c02ba50 f   playaud.obj
 0001:0002aba0       _Process_MM_WOM_OPEN_Message 1c02bba0 f   playaud.obj
 0001:0002ac10       _GetWaveOutDeviceCaps      1c02bc10 f   playaud.obj
 0001:0002ac60       _StartAudioPlaying         1c02bc60 f   playaud.obj
 0001:0002ad90       _Process_MM_WOM_DONE_Message 1c02bd90 f   playaud.obj
 0001:0002aef0       _Process_MM_WOM_CLOSE_Message 1c02bef0 f   playaud.obj
 0001:0002af50       _ClosePlayDevice           1c02bf50 f   playaud.obj
 0001:0002afc0       _WriteBufferToWaveDevice   1c02bfc0 f   playaud.obj
 0001:0002b0e0       _ProcessOpenWaveOutputDeviceMessage 1c02c0e0 f   playaud.obj
 0001:0002b150       _OpenWaveOutputDevice      1c02c150 f   playaud.obj
 0001:0002b240       _GetWaveFormatSize         1c02c240 f   playaud.obj
 0001:0002b260       _ProcessResetMessage       1c02c260 f   playaud.obj
 0001:0002b360       _ClearSynchronizationMarkList 1c02c360 f   playaud.obj
 0001:0002b3c0       _ResetAudioQueue           1c02c3c0 f   playaud.obj
 0001:0002b420       _ProcessPauseMessage       1c02c420 f   playaud.obj
 0001:0002b470       _ProcessResumeMessage      1c02c470 f   playaud.obj
 0001:0002b4c0       _ProcessSetFormatMessage   1c02c4c0 f   playaud.obj
 0001:0002b600       _SetNewFormat              1c02c600 f   playaud.obj
 0001:0002b750       _ProcessGetFormatMessage   1c02c750 f   playaud.obj
 0001:0002b790       _ProcessGetVolumeMessage   1c02c790 f   playaud.obj
 0001:0002b7b0       _ProcessSetVolumeMessage   1c02c7b0 f   playaud.obj
 0001:0002b7d0       _ProcessSynchronizationMarkMessage 1c02c7d0 f   playaud.obj
 0001:0002b870       _ProcessGetPositionMessage 1c02c870 f   playaud.obj
 0001:0002b8b0       _AudioPosition             1c02c8b0 f   playaud.obj
 0001:0002b9d0       _ReportStatusToApplication 1c02c9d0 f   playaud.obj
 0001:0002ba00       _SendPlayAudioMessage      1c02ca00 f   playaud.obj
 0001:0002ba70       _CreateMessageQueue        1c02ca70 f   playaud.obj
 0001:0002bb50       _DestroyMessageQueue       1c02cb50 f   playaud.obj
 0001:0002bba0       _WriteMessageQueue         1c02cba0 f   playaud.obj
 0001:0002bcc0       _ReadMessageQueue          1c02ccc0 f   playaud.obj
 0001:00027580       _init_timing               1c028580 f   ph_timng.obj
 0001:00024890       _ph_syllab                 1c025890 f   ph_syl.obj
 0001:00024a80       _syl_find_affix            1c025a80 f   ph_syl.obj
 0001:00024b00       _syl_clause_init           1c025b00 f   ph_syl.obj
 0001:00024b50       _speak_syllable            1c025b50 f   ph_syl.obj
 0001:00023750       _get_stress_of_conson      1c024750 f   ph_sort.obj
 0001:00023880       _init_med_final            1c024880 f   ph_sort.obj
 0001:00023960       _find_syll_to_stress       1c024960 f   ph_sort.obj
 0001:00023a20       _get_next_bound_type       1c024a20 f   ph_sort.obj
 0001:00023ab0       _move_stdangle             1c024ab0 f   ph_sort.obj
 0001:00023d50       _interp_user_f0            1c024d50 f   ph_sort.obj
 0001:00023e90       _is_wboundary              1c024e90 f   ph_sort.obj
 0001:00023eb0       _insertphone               1c024eb0 f   ph_sort.obj
 0001:00023f70       _raise_last_stress         1c024f70 f   ph_sort.obj
 0001:00023fb0       _zap_weaker_bound          1c024fb0 f   ph_sort.obj
 0001:00024010       _delete_symbol             1c025010 f   ph_sort.obj
 0001:00024100       _make_phone                1c025100 f   ph_sort.obj
 0001:00024180       _add_feature               1c025180 f   ph_sort.obj
 0001:0001b9f0       _us_forw_smooth_rules      1c01c9f0 f   ph_setar.obj
 0001:0001c010       _us_back_smooth_rules      1c01d010 f   ph_setar.obj
 0001:0001c690       _us_special_rules          1c01d690 f   ph_setar.obj
 0001:0001c9c0       _uk_forw_smooth_rules      1c01d9c0 f   ph_setar.obj
 0001:0001cfe0       _uk_back_smooth_rules      1c01dfe0 f   ph_setar.obj
 0001:0001d660       _uk_special_rules          1c01e660 f   ph_setar.obj
 0001:0001da00       _sp_forw_smooth_rules      1c01ea00 f   ph_setar.obj
 0001:0001e020       _sp_back_smooth_rules      1c01f020 f   ph_setar.obj
 0001:0001e670       _sp_special_rules          1c01f670 f   ph_setar.obj
 0001:0001e920       _la_forw_smooth_rules      1c01f920 f   ph_setar.obj
 0001:0001ef40       _la_back_smooth_rules      1c01ff40 f   ph_setar.obj
 0001:0001f590       _la_special_rules          1c020590 f   ph_setar.obj
 0001:0001f830       _gr_forw_smooth_rules      1c020830 f   ph_setar.obj
 0001:0001fd30       _gr_back_smooth_rules      1c020d30 f   ph_setar.obj
 0001:000202c0       _gr_special_rules          1c0212c0 f   ph_setar.obj
 0001:00020570       _fr_forw_smooth_rules      1c021570 f   ph_setar.obj
 0001:00020b60       _fr_back_smooth_rules      1c021b60 f   ph_setar.obj
 0001:000211c0       _fr_special_rules          1c0221c0 f   ph_setar.obj
 0001:00021340       _setloc                    1c022340 f   ph_setar.obj
 0001:00021790       _vv_coartic_across_c       1c022790 f   ph_setar.obj
 0001:000218e0       _us_special_coartic        1c0228e0 f   ph_setar.obj
 0001:00021b30       _sp_special_coartic        1c022b30 f   ph_setar.obj
 0001:00021bc0       _span_spec_coart           1c022bc0 f   ph_setar.obj
 0001:00021f30       _la_special_coartic        1c022f30 f   ph_setar.obj
 0001:00021fc0       _la_spec_coart             1c022fc0 f   ph_setar.obj
 0001:00022330       _gr_special_coartic        1c023330 f   ph_setar.obj
 0001:00022630       _make_dip                  1c023630 f   ph_setar.obj
 0001:00022910       _shrdur                    1c023910 f   ph_setar.obj
 0001:000229a0       _init_variables            1c0239a0 f   ph_setar.obj
 0001:00018be0       _make_f0_command           1c019be0 f   ph_inton.obj
 0001:00017840       _set_user_target           1c018840 f   ph_drwt0.obj
 0001:00017970       _set_tglst                 1c018970 f   ph_drwt0.obj
 0001:00017b10       _filter_commands           1c018b10 f   ph_drwt0.obj
 0001:00017b70       _filter_seg_commands       1c018b70 f   ph_drwt0.obj
 0001:00017bf0       _linear_interp             1c018bf0 f   ph_drwt0.obj
 0001:000151d0       _init_clause               1c0161d0 f   ph_claus.obj
 0001:000152a0       _init_pars                 1c0162a0 f   ph_claus.obj
 0001:000152d0       _exit_if_done              1c0162d0 f   ph_claus.obj
 0001:00015330       _send_pars                 1c016330 f   ph_claus.obj
 0001:00014dc0       _remaining_stresses_til    1c015dc0 f   ph_aloph.obj
 0001:00014e60       _promote_last_2            1c015e60 f   ph_aloph.obj
 0001:00014f30       _make_out_phonol           1c015f30 f   ph_aloph.obj
 0001:00005780       _wave_file_open            1c006780 f   cmd_wav.obj
 0001:00000ce0       _OpenDbgLogFile            1c001ce0 f   cm_copt.obj
 0001:00000d10       _CloseDbgLogFile           1c001d10 f   cm_copt.obj
