 dtlkttse

 Timestamp is 3e5f94ea (Fri Feb 28 11:57:14 2003)

 Preferred load address is 10000000

 Start         Length     Name                   Class
 0001:00000000 0005f7eeH .text                   CODE
 0001:0005f7f0 00000a93H .text$x                 CODE
 0002:00000000 000005c8H .idata$5                DATA
 0002:000005c8 0000da28H .rdata                  DATA
 0002:0000dff0 000000c4H .rdata$r                DATA
 0002:0000e0b8 00000b30H .xdata$x                DATA
 0002:0000ebe8 000000b4H .idata$2                DATA
 0002:0000ec9c 00000014H .idata$3                DATA
 0002:0000ecb0 000005c8H .idata$4                DATA
 0002:0000f278 000008b4H .idata$6                DATA
 0002:0000fb30 0000006bH .edata                  DATA
 0003:00000000 00000004H .CRT$XCA                DATA
 0003:00000004 00000004H .CRT$XCL                DATA
 0003:00000008 00000008H .CRT$XCU                DATA
 0003:00000010 00000004H .CRT$XCZ                DATA
 0003:00000014 00000004H .CRT$XIA                DATA
 0003:00000018 00000004H .CRT$XIZ                DATA
 0003:00000020 0004e378H .data                   DATA
 0003:0004e398 0004010cH .bss                    DATA
 0004:00000000 00000160H .rsrc$01                DATA
 0004:00000160 00000e70H .rsrc$02                DATA

  Address         Publics by Value              Rva+Base     Lib:Object

 0001:00000000       ??2@YAPAXI@Z               10001000 f i AboutDialog.obj
 0001:00000030       ?CreateObject@CAboutDialog@@SGPAVCObject@@XZ 10001030 f   AboutDialog.obj
 0001:000000b0       ?_GetBaseClass@CAboutDialog@@KGPAUCRuntimeClass@@XZ 100010b0 f   AboutDialog.obj
 0001:000000d0       ?GetRuntimeClass@CAboutDialog@@UBEPAUCRuntimeClass@@XZ 100010d0 f   AboutDialog.obj
 0001:000000f0       ??0CAboutDialog@@QAE@XZ    100010f0 f   AboutDialog.obj
 0001:00000170       ??_GCAboutDialog@@UAEPAXI@Z 10001170 f i AboutDialog.obj
 0001:00000170       ??_ECAboutDialog@@UAEPAXI@Z 10001170 f i AboutDialog.obj
 0001:000001b0       ??1CAboutDialog@@UAE@XZ    100011b0 f   AboutDialog.obj
 0001:00000210       ?SetCMode@CAboutDialog@@QAEXPAVCMode@@@Z 10001210 f   AboutDialog.obj
 0001:00000240       ?SetSpeak@CAboutDialog@@QAEXPAVCDialogSpeak@@@Z 10001240 f   AboutDialog.obj
 0001:00000270       ?DoDataExchange@CAboutDialog@@MAEXPAVCDataExchange@@@Z 10001270 f   AboutDialog.obj
 0001:000002b0       ?_GetBaseMessageMap@CAboutDialog@@KGPBUAFX_MSGMAP@@XZ 100012b0 f   AboutDialog.obj
 0001:000002d0       ?GetMessageMap@CAboutDialog@@MBEPBUAFX_MSGMAP@@XZ 100012d0 f   AboutDialog.obj
 0001:000002f0       ?OnInitDialog@CAboutDialog@@MAEHXZ 100012f0 f   AboutDialog.obj
 0001:000003c0       ?Create@CAboutDialog@@UAEHPBD0KABUtagRECT@@PAVCWnd@@IPAUCCreateContext@@@Z 100013c0 f   AboutDialog.obj
 0001:000004a0       ?SendMoreAudioSamplesOnNotifyFreeSpace@CMode@@QAEXK@Z 100014a0 f   auddest.obj
 0001:00000680       ?DestroyAudioObjects@CMode@@QAEXXZ 10001680 f   auddest.obj
 0001:00000830       ?SendAudioToDestinationBuffer@CMode@@QAEHH@Z 10001830 f   auddest.obj
 0001:00000f20       ?PrepareRingBufferToSendSamples@CMode@@QAEXPAUAUDIO_PARAMS_TAG@@@Z 10001f20 f   auddest.obj
 0001:000010c0       ?SetAudioSampleOutFormat@CMode@@QAEXXZ 100020c0 f   auddest.obj
 0001:00001110       ?OpenAudioDevice@CMode@@QAEJXZ 10002110 f   auddest.obj
 0001:000012c0       ?ProcessAudio@CMode@@QAEJXZ 100022c0 f   auddest.obj
 0001:00001400       _AudActGetAudioPosition    10002400 f   audioact.obj
 0001:00001440       _AudActGetQWAudioPosition  10002440 f   audioact.obj
 0001:00001480       _AudActSetBookmark         10002480 f   audioact.obj
 0001:000015c0       ?DECPauseAudio@CMode@@QAEXXZ 100025c0 f   audioact.obj
 0001:00001680       ?DECResumeAudio@CMode@@QAEXXZ 10002680 f   audioact.obj
 0001:00001800       ?DECAudioReset@CMode@@QAEXXZ 10002800 f   audioact.obj
 0001:00001870       ?DECGetAudioVolume@CMode@@QAEXPAK@Z 10002870 f   audioact.obj
 0001:000018a0       ?DECSetAudioVolume@CMode@@QAEXK@Z 100028a0 f   audioact.obj
 0001:000018d0       ?DECGetAudioPosition@CMode@@QAEXPAK@Z 100028d0 f   audioact.obj
 0001:000019a0       ?DECGetQWAudioPosition@CMode@@QAEXPA_K@Z 100029a0 f   audioact.obj
 0001:00001ac0       ?DECSetBookmark@CMode@@QAEJK@Z 10002ac0 f   audioact.obj
 0001:00001bd0       ?DECGetAudioParams@CMode@@QAEXPAUtWAVEFORMATEX@@@Z 10002bd0 f   audioact.obj
 0001:00001c20       ?DECSetAudioParams@CMode@@QAEIPAUtWAVEFORMATEX@@@Z 10002c20 f   audioact.obj
 0001:00001c40       _InitializeDECtalkAudio    10002c40 f   audqueue.obj
 0001:00001f90       _PA_Queue                  10002f90 f   audqueue.obj
 0001:00002400       _PA_Reset                  10003400 f   audqueue.obj
 0001:00002470       _PA_DestroyPlayHandle      10003470 f   audqueue.obj
 0001:00002810       _PA_WaitForPlayToComplete  10003810 f   audqueue.obj
 0001:00002890       _PA_GetPosition            10003890 f   audqueue.obj
 0001:00002930       _PA_GetQWPosition          10003930 f   audqueue.obj
 0001:00002960       _PA_SetBookmark            10003960 f   audqueue.obj
 0001:00002990       _PA_GetVolume              10003990 f   audqueue.obj
 0001:000029d0       _PA_SetVolume              100039d0 f   audqueue.obj
 0001:00002a10       _PA_GetFormat              10003a10 f   audqueue.obj
 0001:00002a50       _PA_SetFormat              10003a50 f   audqueue.obj
 0001:00002a70       ??0CTestBufNotify@@QAE@XZ  10003a70 f   BufNotify.obj
 0001:00002b20       ??0ITTSBufNotifySink@@QAE@XZ 10003b20 f i BufNotify.obj
 0001:00002b40       ??0IUnknown@@QAE@XZ        10003b40 f i BufNotify.obj
 0001:00002b60       ??1CTestBufNotify@@QAE@XZ  10003b60 f   BufNotify.obj
 0001:00002c10       ?QueryInterface@CTestBufNotify@@UAGJABU_GUID@@PAPAX@Z 10003c10 f   BufNotify.obj
 0001:00002c70       _IsEqualGUID               10003c70 f i BufNotify.obj
 0001:00002ca0       ?AddRef@CTestBufNotify@@UAGKXZ 10003ca0 f   BufNotify.obj
 0001:00002d30       ?Release@CTestBufNotify@@UAGKXZ 10003d30 f   BufNotify.obj
 0001:00002e10       ??_GCTestBufNotify@@QAEPAXI@Z 10003e10 f i BufNotify.obj
 0001:00002e50       ?BookMark@CTestBufNotify@@UAGJ_KK@Z 10003e50 f   BufNotify.obj
 0001:00002ee0       ?TextDataDone@CTestBufNotify@@UAGJ_KK@Z 10003ee0 f   BufNotify.obj
 0001:00002fd0       ?TextDataStarted@CTestBufNotify@@UAGJ_K@Z 10003fd0 f   BufNotify.obj
 0001:000030b0       ?WordPosition@CTestBufNotify@@UAGJ_KK@Z 100040b0 f   BufNotify.obj
 0001:000031a0       ?GetLastBookmark@CTestBufNotify@@QAEJPAK@Z 100041a0 f   BufNotify.obj
 0001:00003240       ?SetLastBookmark@CTestBufNotify@@QAEXK@Z 10004240 f   BufNotify.obj
 0001:00003260       ?GetLastWordpos@CTestBufNotify@@QAEKPAK@Z 10004260 f   BufNotify.obj
 0001:00003300       ?SetLastWordpos@CTestBufNotify@@QAEXK@Z 10004300 f   BufNotify.obj
 0001:00003320       ?GetRefCount@CTestBufNotify@@QAEKXZ 10004320 f   BufNotify.obj
 0001:00003340       ??0CMem@@QAE@XZ            10004340 f   ctools.obj
 0001:00003380       ??1CMem@@QAE@XZ            10004380 f   ctools.obj
 0001:000033b0       ?Required@CMem@@QAEHK@Z    100043b0 f   ctools.obj
 0001:00003470       ?Malloc@CMem@@QAEPAXK@Z    10004470 f   ctools.obj
 0001:00003520       ??0CSmallMem@@QAE@XZ       10004520 f   ctools.obj
 0001:00003570       ??1CSmallMem@@QAE@XZ       10004570 f   ctools.obj
 0001:00003610       ?Pointer@CMem@@QAEPAXXZ    10004610 f i ctools.obj
 0001:00003630       ??_GCMem@@QAEPAXI@Z        10004630 f i ctools.obj
 0001:00003670       ?Malloc@CSmallMem@@QAEPAXK@Z 10004670 f   ctools.obj
 0001:00003800       ??0CAddBTree@@QAE@XZ       10004800 f   ctools.obj
 0001:00003830       ??1CAddBTree@@QAE@XZ       10004830 f   ctools.obj
 0001:00003880       ??_GCSmallMem@@QAEPAXI@Z   10004880 f i ctools.obj
 0001:000038c0       ?Add@CAddBTree@@QAEHPADK@Z 100048c0 f   ctools.obj
 0001:00003a30       ?Find@CAddBTree@@QAEKPAD@Z 10004a30 f   ctools.obj
 0001:00003aa0       ??0CAddBNumTree@@QAE@XZ    10004aa0 f   ctools.obj
 0001:00003ad0       ??1CAddBNumTree@@QAE@XZ    10004ad0 f   ctools.obj
 0001:00003b20       ?Add@CAddBNumTree@@QAEHKK@Z 10004b20 f   ctools.obj
 0001:00003c60       ?Find@CAddBNumTree@@QAEKK@Z 10004c60 f   ctools.obj
 0001:00003cc0       ??0CNumList@@QAE@XZ        10004cc0 f   ctools.obj
 0001:00003cf0       ??1CNumList@@QAE@XZ        10004cf0 f   ctools.obj
 0001:00003d40       ?GetNumElems@CNumList@@QAEKXZ 10004d40 f   ctools.obj
 0001:00003d60       ?AddElem@CNumList@@QAEHK@Z 10004d60 f   ctools.obj
 0001:00003e50       ?GetElem@CNumList@@QAEHKPAK@Z 10004e50 f   ctools.obj
 0001:00003ea0       ?SetElem@CNumList@@QAEHKK@Z 10004ea0 f   ctools.obj
 0001:00003ef0       ??0CList@@QAE@XZ           10004ef0 f   ctools.obj
 0001:00003f30       ??1CList@@QAE@XZ           10004f30 f   ctools.obj
 0001:00003fa0       ?MakeListMemoryThisBig@CList@@AAEHK@Z 10004fa0 f   ctools.obj
 0001:00004080       ?GetNumElems@CList@@QAEKXZ 10005080 f   ctools.obj
 0001:000040a0       ?AddElem@CList@@QAEHPAXK@Z 100050a0 f   ctools.obj
 0001:00004160       ?InsertElem@CList@@QAEHKPAXK@Z 10005160 f   ctools.obj
 0001:00004290       ?RemoveElem@CList@@QAEHK@Z 10005290 f   ctools.obj
 0001:00004320       ?GetElemSize@CList@@QAEKK@Z 10005320 f   ctools.obj
 0001:00004350       ?GetElem@CList@@QAEPAXK@Z  10005350 f   ctools.obj
 0001:00004380       ?SetElem@CList@@QAEHKPAXK@Z 10005380 f   ctools.obj
 0001:000043d0       ?Clone@CList@@QAEPAV1@XZ   100053d0 f   ctools.obj
 0001:00004520       ??_GCList@@QAEPAXI@Z       10005520 f i ctools.obj
 0001:00004560       ?_GetBaseClass@CDECtalkDialogs@@KGPAUCRuntimeClass@@XZ 10005560 f   DECtalkDialogs.obj
 0001:00004580       ?GetRuntimeClass@CDECtalkDialogs@@UBEPAUCRuntimeClass@@XZ 10005580 f   DECtalkDialogs.obj
 0001:000045a0       ??0CDECtalkDialogs@@QAE@PAVCMode@@IPAVCWnd@@I@Z 100055a0 f   DECtalkDialogs.obj
 0001:00004760       ??_GCDECtalkDialogs@@UAEPAXI@Z 10005760 f i DECtalkDialogs.obj
 0001:00004760       ??_ECDECtalkDialogs@@UAEPAXI@Z 10005760 f i DECtalkDialogs.obj
 0001:000047a0       ??0CDECtalkDialogs@@QAE@PAVCMode@@PBDPAVCWnd@@I@Z 100057a0 f   DECtalkDialogs.obj
 0001:00004960       ??1CDECtalkDialogs@@UAE@XZ 10005960 f   DECtalkDialogs.obj
 0001:00004a10       ?_GetBaseMessageMap@CDECtalkDialogs@@KGPBUAFX_MSGMAP@@XZ 10005a10 f   DECtalkDialogs.obj
 0001:00004a30       ?GetMessageMap@CDECtalkDialogs@@MBEPBUAFX_MSGMAP@@XZ 10005a30 f   DECtalkDialogs.obj
 0001:00004a50       ??0CDialogSpeak@@QAE@XZ    10005a50 f   DialogSpeak.obj
 0001:00004b30       ??_ECDialogSpeak@@UAEPAXI@Z 10005b30 f i DialogSpeak.obj
 0001:00004b30       ??_GCDialogSpeak@@UAEPAXI@Z 10005b30 f i DialogSpeak.obj
 0001:00004b70       ??1CDialogSpeak@@UAE@XZ    10005b70 f   DialogSpeak.obj
 0001:00004c90       ?SetCMode@CDialogSpeak@@QAEXPAVCMode@@@Z 10005c90 f   DialogSpeak.obj
 0001:00004cd0       ?Speak@CDialogSpeak@@QAEJAAVCString@@@Z 10005cd0 f   DialogSpeak.obj
 0001:00004f00       ?StopSpeaking@CDialogSpeak@@QAEXXZ 10005f00 f   DialogSpeak.obj
 0001:00005160       ?ThreadRoutine@CDialogSpeak@@SAIPAX@Z 10006160 f   DialogSpeak.obj
 0001:00005590       ?IPAToArpa@@YAIPADPAGPAKPAE@Z 10006590 f   dtlktts.obj
 0001:000057f0       ?wcsIPATombsArpa@@YAHPADPAEPAGKK@Z 100067f0 f   dtlktts.obj
 0001:000058b0       ?CopyTTSModeInfoW@@YAXPAUTTSMODEINFOW@@I@Z 100068b0 f   dtlktts.obj
 0001:000058f0       ?MyAStrLen@@YAHPBD@Z       100068f0 f   dtlktts.obj
 0001:00005930       _PumpModeMessage           10006930 f   dtlktts.obj
 0001:00005990       ?ModeWindowProc@@YGJPAUHWND__@@IIJ@Z 10006990 f   dtlktts.obj
 0001:00006090       ?NotificationRegister@@YAKPAVCList@@PAXU_GUID@@@Z 10007090 f   dtlktts.obj
 0001:00006100       ?NotificationUnRegister@@YAHPAVCList@@K@Z 10007100 f   dtlktts.obj
 0001:00006190       ?NotificationUnRegisterAll@@YAXPAVCList@@@Z 10007190 f   dtlktts.obj
 0001:000061d0       ?NotificationSend@@YAXPAVCMode@@PAVCList@@KKK@Z 100071d0 f   dtlktts.obj
 0001:00006940       ??0CMode@@QAE@PAUIUnknown@@P6GXXZ0@Z 10007940 f   dtlktts.obj
 0001:00006be0       ?ModeShutdown@CMode@@QAEXXZ 10007be0 f   dtlktts.obj
 0001:00006f40       ??1CMode@@QAE@XZ           10007f40 f   dtlktts.obj
 0001:00006f90       ?FInit@CMode@@QAEHXZ       10007f90 f   dtlktts.obj
 0001:000079c0       ?InitializeSpeaker@@YAXPAVCMode@@IPBD@Z 100089c0 f   dtlktts.obj
 0001:00007a20       ?Print1Char@CMode@@IAEXPAUHWND__@@D@Z 10008a20 f   dtlktts.obj
 0001:00007a90       ?NotifyBookMarks@CMode@@QAEXPAUMARK_DATA_STRUCT@@@Z 10008a90 f   dtlktts.obj
 0001:00007b90       ?NotifyWordPosition@CMode@@QAEXPAUMARK_DATA_STRUCT@@@Z 10008b90 f   dtlktts.obj
 0001:00007c90       ?ProcessStartMessage@CMode@@QAEXPAUMARK_DATA_STRUCT@@@Z 10008c90 f   dtlktts.obj
 0001:00007cd0       ?ProcessStopMessage@CMode@@QAEXPAUMARK_DATA_STRUCT@@@Z 10008cd0 f   dtlktts.obj
 0001:00007eb0       ?InitBufNotifySinkList@CMode@@IAEXXZ 10008eb0 f   dtlktts.obj
 0001:00007ed0       ?GetBufNotifySink@CMode@@IAEPAUITTSBufNotifySink@@K@Z 10008ed0 f   dtlktts.obj
 0001:00007fb0       ?GetFirstBufNotifySink@CMode@@IAEPAUITTSBufNotifySink@@PAK@Z 10008fb0 f   dtlktts.obj
 0001:00008010       ?SetBufNotifySink@CMode@@IAEJPAUITTSBufNotifySink@@K@Z 10009010 f   dtlktts.obj
 0001:000080c0       ?FreeBufNotifySink@CMode@@IAEXK@Z 100090c0 f   dtlktts.obj
 0001:000081c0       ?FreeAllBufNotifySinks@CMode@@IAEXXZ 100091c0 f   dtlktts.obj
 0001:00008240       ?PeekAndPump@CMode@@IAEHXZ 10009240 f   dtlktts.obj
 0001:00008270       ?Output@CMode@@IAEXPAD@Z   10009270 f   dtlktts.obj
 0001:000082e0       ?QueryInterface@CMode@@UAGJABU_GUID@@PAPAX@Z 100092e0 f   dtlktts.obj
 0001:00008400       ?AddRef@CMode@@UAGKXZ      10009400 f   dtlktts.obj
 0001:00008430       ?Release@CMode@@UAGKXZ     10009430 f   dtlktts.obj
 0001:000084b0       ??_GCMode@@QAEPAXI@Z       100094b0 f i dtlktts.obj
 0001:000084f0       ??0CModeITTSCentralA@@QAE@PAXPAUIUnknown@@@Z 100094f0 f   dtlktts.obj
 0001:00008550       ??0ITTSCentralA@@QAE@XZ    10009550 f i dtlktts.obj
 0001:00008570       ??0CModeITTSCentralW@@QAE@PAXPAUIUnknown@@@Z 10009570 f   dtlktts.obj
 0001:000085c0       ??0ITTSCentralW@@QAE@XZ    100095c0 f i dtlktts.obj
 0001:000085e0       ?FInit@CModeITTSCentralW@@QAEHPAXPAUIUnknown@@@Z 100095e0 f   dtlktts.obj
 0001:00008620       ??1CModeITTSCentralA@@QAE@XZ 10009620 f   dtlktts.obj
 0001:00008640       ??1CModeITTSCentralW@@QAE@XZ 10009640 f   dtlktts.obj
 0001:000086a0       ?QueryInterface@CModeITTSCentralA@@UAGJABU_GUID@@PAPAX@Z 100096a0 f   dtlktts.obj
 0001:000086e0       ?QueryInterface@CModeITTSCentralW@@UAGJABU_GUID@@PAPAX@Z 100096e0 f   dtlktts.obj
 0001:00008710       ?AddRef@CModeITTSCentralA@@UAGKXZ 10009710 f   dtlktts.obj
 0001:00008750       ?AddRef@CModeITTSCentralW@@UAGKXZ 10009750 f   dtlktts.obj
 0001:00008790       ?Release@CModeITTSCentralA@@UAGKXZ 10009790 f   dtlktts.obj
 0001:00008810       ??_GCModeITTSCentralA@@QAEPAXI@Z 10009810 f i dtlktts.obj
 0001:00008850       ?Release@CModeITTSCentralW@@UAGKXZ 10009850 f   dtlktts.obj
 0001:000088f0       ??_GCModeITTSCentralW@@QAEPAXI@Z 100098f0 f i dtlktts.obj
 0001:00008930       ?Inject@CModeITTSCentralA@@UAGJPBD@Z 10009930 f   dtlktts.obj
 0001:000089d0       ?Inject@CModeITTSCentralW@@UAGJPBG@Z 100099d0 f   dtlktts.obj
 0001:00008af0       ?ModeGet@CModeITTSCentralA@@UAGJPAUTTSMODEINFOA@@@Z 10009af0 f   dtlktts.obj
 0001:00008cd0       ?ModeGet@CModeITTSCentralW@@UAGJPAUTTSMODEINFOW@@@Z 10009cd0 f   dtlktts.obj
 0001:00008d30       ?Phoneme@CModeITTSCentralA@@UAGJW4VOICECHARSET@@KUSDATA@@PAU3@@Z 10009d30 f   dtlktts.obj
 0001:00008d70       ?Phoneme@CModeITTSCentralW@@UAGJW4VOICECHARSET@@KUSDATA@@PAU3@@Z 10009d70 f   dtlktts.obj
 0001:00008d90       ?PosnGet@CModeITTSCentralA@@UAGJPA_K@Z 10009d90 f   dtlktts.obj
 0001:00008de0       ?PosnGet@CModeITTSCentralW@@UAGJPA_K@Z 10009de0 f   dtlktts.obj
 0001:00008e30       ?TextData@CModeITTSCentralA@@UAGJW4VOICECHARSET@@KUSDATA@@PAXU_GUID@@@Z 10009e30 f   dtlktts.obj
 0001:00009470       ?TextData@CModeITTSCentralW@@UAGJW4VOICECHARSET@@KUSDATA@@PAXU_GUID@@@Z 1000a470 f   dtlktts.obj
 0001:00009ca0       ?ToFileTime@CModeITTSCentralA@@UAGJPA_KPAU_FILETIME@@@Z 1000aca0 f   dtlktts.obj
 0001:00009ce0       ?ToFileTime@CModeITTSCentralW@@UAGJPA_KPAU_FILETIME@@@Z 1000ace0 f   dtlktts.obj
 0001:00009d20       ?AudioPause@CModeITTSCentralA@@UAGJXZ 1000ad20 f   dtlktts.obj
 0001:00009d50       ?AudioPause@CModeITTSCentralW@@UAGJXZ 1000ad50 f   dtlktts.obj
 0001:00009e80       ?AudioReset@CModeITTSCentralA@@UAGJXZ 1000ae80 f   dtlktts.obj
 0001:00009eb0       ?AudioReset@CModeITTSCentralW@@UAGJXZ 1000aeb0 f   dtlktts.obj
 0001:0000a3d0       ?AudioResume@CModeITTSCentralA@@UAGJXZ 1000b3d0 f   dtlktts.obj
 0001:0000a400       ?AudioResume@CModeITTSCentralW@@UAGJXZ 1000b400 f   dtlktts.obj
 0001:0000a650       ?Register@CModeITTSCentralA@@UAGJPAXU_GUID@@PAK@Z 1000b650 f   dtlktts.obj
 0001:0000a6d0       ?Register@CModeITTSCentralW@@UAGJPAXU_GUID@@PAK@Z 1000b6d0 f   dtlktts.obj
 0001:0000a790       ?UnRegister@CModeITTSCentralA@@UAGJK@Z 1000b790 f   dtlktts.obj
 0001:0000a7c0       ?UnRegister@CModeITTSCentralW@@UAGJK@Z 1000b7c0 f   dtlktts.obj
 0001:0000a800       ??0CModeITTSAttributesA@@QAE@PAXPAUIUnknown@@@Z 1000b800 f   dtlktts.obj
 0001:0000a860       ??0ITTSAttributesA@@QAE@XZ 1000b860 f i dtlktts.obj
 0001:0000a880       ??0CModeITTSAttributesW@@QAE@PAXPAUIUnknown@@@Z 1000b880 f   dtlktts.obj
 0001:0000a8d0       ??0ITTSAttributesW@@QAE@XZ 1000b8d0 f i dtlktts.obj
 0001:0000a8f0       ?FInit@CModeITTSAttributesW@@QAEHPAXPAUIUnknown@@@Z 1000b8f0 f   dtlktts.obj
 0001:0000a930       ??1CModeITTSAttributesA@@QAE@XZ 1000b930 f   dtlktts.obj
 0001:0000a950       ??1CModeITTSAttributesW@@QAE@XZ 1000b950 f   dtlktts.obj
 0001:0000a9b0       ?QueryInterface@CModeITTSAttributesA@@UAGJABU_GUID@@PAPAX@Z 1000b9b0 f   dtlktts.obj
 0001:0000aa00       ?QueryInterface@CModeITTSAttributesW@@UAGJABU_GUID@@PAPAX@Z 1000ba00 f   dtlktts.obj
 0001:0000aa50       ?AddRef@CModeITTSAttributesA@@UAGKXZ 1000ba50 f   dtlktts.obj
 0001:0000aa90       ?AddRef@CModeITTSAttributesW@@UAGKXZ 1000ba90 f   dtlktts.obj
 0001:0000aad0       ?Release@CModeITTSAttributesA@@UAGKXZ 1000bad0 f   dtlktts.obj
 0001:0000ab50       ??_GCModeITTSAttributesA@@QAEPAXI@Z 1000bb50 f i dtlktts.obj
 0001:0000ab90       ?Release@CModeITTSAttributesW@@UAGKXZ 1000bb90 f   dtlktts.obj
 0001:0000ac00       ??_GCModeITTSAttributesW@@QAEPAXI@Z 1000bc00 f i dtlktts.obj
 0001:0000ac40       ?PitchGet@CModeITTSAttributesA@@UAGJPAG@Z 1000bc40 f   dtlktts.obj
 0001:0000ac90       ?PitchGet@CModeITTSAttributesW@@UAGJPAG@Z 1000bc90 f   dtlktts.obj
 0001:0000acf0       ?PitchSet@CModeITTSAttributesA@@UAGJG@Z 1000bcf0 f   dtlktts.obj
 0001:0000ad20       ?PitchSet@CModeITTSAttributesW@@UAGJG@Z 1000bd20 f   dtlktts.obj
 0001:0000ae00       ?RealTimeGet@CModeITTSAttributesA@@UAGJPAK@Z 1000be00 f   dtlktts.obj
 0001:0000ae50       ?RealTimeGet@CModeITTSAttributesW@@UAGJPAK@Z 1000be50 f   dtlktts.obj
 0001:0000ae90       ?RealTimeSet@CModeITTSAttributesA@@UAGJK@Z 1000be90 f   dtlktts.obj
 0001:0000aec0       ?RealTimeSet@CModeITTSAttributesW@@UAGJK@Z 1000bec0 f   dtlktts.obj
 0001:0000aef0       ?SpeedGet@CModeITTSAttributesA@@UAGJPAK@Z 1000bef0 f   dtlktts.obj
 0001:0000af40       ?SpeedGet@CModeITTSAttributesW@@UAGJPAK@Z 1000bf40 f   dtlktts.obj
 0001:0000afa0       ?SpeedSet@CModeITTSAttributesA@@UAGJK@Z 1000bfa0 f   dtlktts.obj
 0001:0000afd0       ?SpeedSet@CModeITTSAttributesW@@UAGJK@Z 1000bfd0 f   dtlktts.obj
 0001:0000b060       ?VolumeGet@CModeITTSAttributesA@@UAGJPAK@Z 1000c060 f   dtlktts.obj
 0001:0000b0b0       ?VolumeGet@CModeITTSAttributesW@@UAGJPAK@Z 1000c0b0 f   dtlktts.obj
 0001:0000b110       ?VolumeSet@CModeITTSAttributesA@@UAGJK@Z 1000c110 f   dtlktts.obj
 0001:0000b140       ?VolumeSet@CModeITTSAttributesW@@UAGJK@Z 1000c140 f   dtlktts.obj
 0001:0000b1a0       ??0CModeITTSDialogsA@@QAE@PAXPAUIUnknown@@@Z 1000c1a0 f   dtlktts.obj
 0001:0000b200       ??0ITTSDialogsA@@QAE@XZ    1000c200 f i dtlktts.obj
 0001:0000b220       ??0CModeITTSDialogsW@@QAE@PAXPAUIUnknown@@@Z 1000c220 f   dtlktts.obj
 0001:0000b270       ??0ITTSDialogsW@@QAE@XZ    1000c270 f i dtlktts.obj
 0001:0000b290       ?FInit@CModeITTSDialogsW@@QAEHPAXPAUIUnknown@@@Z 1000c290 f   dtlktts.obj
 0001:0000b2d0       ??1CModeITTSDialogsA@@QAE@XZ 1000c2d0 f   dtlktts.obj
 0001:0000b2f0       ??1CModeITTSDialogsW@@QAE@XZ 1000c2f0 f   dtlktts.obj
 0001:0000b350       ?QueryInterface@CModeITTSDialogsA@@UAGJABU_GUID@@PAPAX@Z 1000c350 f   dtlktts.obj
 0001:0000b3a0       ?QueryInterface@CModeITTSDialogsW@@UAGJABU_GUID@@PAPAX@Z 1000c3a0 f   dtlktts.obj
 0001:0000b3f0       ?AddRef@CModeITTSDialogsA@@UAGKXZ 1000c3f0 f   dtlktts.obj
 0001:0000b430       ?AddRef@CModeITTSDialogsW@@UAGKXZ 1000c430 f   dtlktts.obj
 0001:0000b470       ?Release@CModeITTSDialogsA@@UAGKXZ 1000c470 f   dtlktts.obj
 0001:0000b4f0       ??_GCModeITTSDialogsA@@QAEPAXI@Z 1000c4f0 f i dtlktts.obj
 0001:0000b530       ?Release@CModeITTSDialogsW@@UAGKXZ 1000c530 f   dtlktts.obj
 0001:0000b5a0       ??_GCModeITTSDialogsW@@QAEPAXI@Z 1000c5a0 f i dtlktts.obj
 0001:0000b5e0       ?AboutDlg@CModeITTSDialogsA@@UAGJPAUHWND__@@PBD@Z 1000c5e0 f   dtlktts.obj
 0001:0000b6b0       ?AboutDlg@CModeITTSDialogsW@@UAGJPAUHWND__@@PBG@Z 1000c6b0 f   dtlktts.obj
 0001:0000b800       ?LexiconDlg@CModeITTSDialogsA@@UAGJPAUHWND__@@PBD@Z 1000c800 f   dtlktts.obj
 0001:0000b8d0       ?LexiconDlg@CModeITTSDialogsW@@UAGJPAUHWND__@@PBG@Z 1000c8d0 f   dtlktts.obj
 0001:0000ba40       ?GeneralDlg@CModeITTSDialogsA@@UAGJPAUHWND__@@PBD@Z 1000ca40 f   dtlktts.obj
 0001:0000bb10       ?GeneralDlg@CModeITTSDialogsW@@UAGJPAUHWND__@@PBG@Z 1000cb10 f   dtlktts.obj
 0001:0000bc80       ?TranslateDlg@CModeITTSDialogsA@@UAGJPAUHWND__@@PBD@Z 1000cc80 f   dtlktts.obj
 0001:0000bd50       ?TranslateDlg@CModeITTSDialogsW@@UAGJPAUHWND__@@PBG@Z 1000cd50 f   dtlktts.obj
 0001:0000bec0       ??0CModeNotify@@QAE@PAX@Z  1000cec0 f   dtlktts.obj
 0001:0000bf60       ??0IAudioDestNotifySink@@QAE@XZ 1000cf60 f i dtlktts.obj
 0001:0000bf80       ??1CModeNotify@@QAE@XZ     1000cf80 f   dtlktts.obj
 0001:0000c040       ?QueryInterface@CModeNotify@@UAGJABU_GUID@@PAPAX@Z 1000d040 f   dtlktts.obj
 0001:0000c0b0       ?AddRef@CModeNotify@@UAGKXZ 1000d0b0 f   dtlktts.obj
 0001:0000c150       ?Release@CModeNotify@@UAGKXZ 1000d150 f   dtlktts.obj
 0001:0000c270       ??_GCModeNotify@@QAEPAXI@Z 1000d270 f i dtlktts.obj
 0001:0000c2b0       ?FreeSpace@CModeNotify@@UAGJKH@Z 1000d2b0 f   dtlktts.obj
 0001:0000c2e0       ?BookMark@CModeNotify@@UAGJKH@Z 1000d2e0 f   dtlktts.obj
 0001:0000c590       ?AudioStop@CModeNotify@@UAGJG@Z 1000d590 f   dtlktts.obj
 0001:0000c8d0       ?AudioStart@CModeNotify@@UAGJXZ 1000d8d0 f   dtlktts.obj
 0001:0000ca20       ?ProcessTaggedTextW@@YAXPAVCMode@@PADPAKPAG2H@Z 1000da20 f   dtlktts.obj
 0001:0000d180       ?ProcessTaggedText@@YAXPAVCMode@@PADPAK12@Z 1000e180 f   dtlktts.obj
 0001:0000d940       ?_GetBaseMessageMap@CDECtalkApp@@KGPBUAFX_MSGMAP@@XZ 1000e940 f   dtlkttsc.obj
 0001:0000d960       ?GetMessageMap@CDECtalkApp@@MBEPBUAFX_MSGMAP@@XZ 1000e960 f   dtlkttsc.obj
 0001:0000d980       ??0CDECtalkApp@@QAE@XZ     1000e980 f   dtlkttsc.obj
 0001:0000d9b0       ??_GCDECtalkApp@@UAEPAXI@Z 1000e9b0 f i dtlkttsc.obj
 0001:0000d9b0       ??_ECDECtalkApp@@UAEPAXI@Z 1000e9b0 f i dtlkttsc.obj
 0001:0000d9f0       ??1CDECtalkApp@@UAE@XZ     1000e9f0 f i dtlkttsc.obj
 0001:0000da10       ?InitInstance@CDECtalkApp@@MAEHXZ 1000ea10 f   dtlkttsc.obj
 0001:0000dac0       _DllGetClassObject@12      1000eac0 f   dtlkttsc.obj
 0001:0000db80       _DllCanUnloadNow@0         1000eb80 f   dtlkttsc.obj
 0001:0000dbc0       ?EngObjectDestroyed@@YGXXZ 1000ebc0 f   dtlkttsc.obj
 0001:0000dbe0       ??0CEngineClassFactory@@QAE@XZ 1000ebe0 f   dtlkttsc.obj
 0001:0000dc20       ??0IClassFactory@@QAE@XZ   1000ec20 f i dtlkttsc.obj
 0001:0000dc40       ??1CEngineClassFactory@@QAE@XZ 1000ec40 f   dtlkttsc.obj
 0001:0000dc60       ?QueryInterface@CEngineClassFactory@@UAGJABU_GUID@@PAPAX@Z 1000ec60 f   dtlkttsc.obj
 0001:0000dcd0       ?AddRef@CEngineClassFactory@@UAGKXZ 1000ecd0 f   dtlkttsc.obj
 0001:0000dd00       ?Release@CEngineClassFactory@@UAGKXZ 1000ed00 f   dtlkttsc.obj
 0001:0000dd60       ??_GCEngineClassFactory@@QAEPAXI@Z 1000ed60 f i dtlkttsc.obj
 0001:0000dda0       ?CreateInstance@CEngineClassFactory@@UAGJPAUIUnknown@@ABU_GUID@@PAPAX@Z 1000eda0 f   dtlkttsc.obj
 0001:0000deb0       ??_GCEngineEnum@@QAEPAXI@Z 1000eeb0 f i dtlkttsc.obj
 0001:0000def0       ?LockServer@CEngineClassFactory@@UAGJH@Z 1000eef0 f   dtlkttsc.obj
 0001:0000df40       ??0CEngineEnum@@QAE@PAUIUnknown@@P6GXXZ@Z 1000ef40 f   dtlkttse.obj
 0001:0000dfb0       ??1CEngineEnum@@QAE@XZ     1000efb0 f   dtlkttse.obj
 0001:0000e0c0       ?FInit@CEngineEnum@@QAEHXZ 1000f0c0 f   dtlkttse.obj
 0001:0000e2a0       ?QueryInterface@CEngineEnum@@UAGJABU_GUID@@PAPAX@Z 1000f2a0 f   dtlkttse.obj
 0001:0000e340       ?AddRef@CEngineEnum@@UAGKXZ 1000f340 f   dtlkttse.obj
 0001:0000e370       ?Release@CEngineEnum@@UAGKXZ 1000f370 f   dtlkttse.obj
 0001:0000e460       ??0CEngITTSEnumA@@QAE@PAXPAUIUnknown@@@Z 1000f460 f   dtlkttse.obj
 0001:0000e4c0       ??0ITTSEnumA@@QAE@XZ       1000f4c0 f i dtlkttse.obj
 0001:0000e4e0       ??0CEngITTSEnumW@@QAE@PAXPAUIUnknown@@@Z 1000f4e0 f   dtlkttse.obj
 0001:0000e590       ??0ITTSEnumW@@QAE@XZ       1000f590 f i dtlkttse.obj
 0001:0000e5b0       ?FInit@CEngITTSEnumW@@QAEHPAXPAUIUnknown@@@Z 1000f5b0 f   dtlkttse.obj
 0001:0000e5f0       ??1CEngITTSEnumA@@QAE@XZ   1000f5f0 f   dtlkttse.obj
 0001:0000e670       ??1CEngITTSEnumW@@QAE@XZ   1000f670 f   dtlkttse.obj
 0001:0000e730       ?QueryInterface@CEngITTSEnumA@@UAGJABU_GUID@@PAPAX@Z 1000f730 f   dtlkttse.obj
 0001:0000e820       ?QueryInterface@CEngITTSEnumW@@UAGJABU_GUID@@PAPAX@Z 1000f820 f   dtlkttse.obj
 0001:0000e900       ?AddRef@CEngITTSEnumA@@UAGKXZ 1000f900 f   dtlkttse.obj
 0001:0000e9a0       ?AddRef@CEngITTSEnumW@@UAGKXZ 1000f9a0 f   dtlkttse.obj
 0001:0000ea40       ?Release@CEngITTSEnumA@@UAGKXZ 1000fa40 f   dtlkttse.obj
 0001:0000eb30       ??_GCEngITTSEnumA@@QAEPAXI@Z 1000fb30 f i dtlkttse.obj
 0001:0000eb70       ?Release@CEngITTSEnumW@@UAGKXZ 1000fb70 f   dtlkttse.obj
 0001:0000ec60       ??_GCEngITTSEnumW@@QAEPAXI@Z 1000fc60 f i dtlkttse.obj
 0001:0000eca0       ?Next@CEngITTSEnumA@@UAGJKPAUTTSMODEINFOA@@PAK@Z 1000fca0 f   dtlkttse.obj
 0001:0000ef20       ?Next@CEngITTSEnumW@@UAGJKPAUTTSMODEINFOW@@PAK@Z 1000ff20 f   dtlkttse.obj
 0001:0000f0d0       ?Skip@CEngITTSEnumA@@UAGJK@Z 100100d0 f   dtlkttse.obj
 0001:0000f100       ?Skip@CEngITTSEnumW@@UAGJK@Z 10010100 f   dtlkttse.obj
 0001:0000f150       ?Reset@CEngITTSEnumA@@UAGJXZ 10010150 f   dtlkttse.obj
 0001:0000f180       ?Reset@CEngITTSEnumW@@UAGJXZ 10010180 f   dtlkttse.obj
 0001:0000f1b0       ?Clone@CEngITTSEnumA@@UAGJPAPAUITTSEnumA@@@Z 100101b0 f   dtlkttse.obj
 0001:0000f220       ?Clone@CEngITTSEnumW@@UAGJPAPAUITTSEnumW@@@Z 10010220 f   dtlkttse.obj
 0001:0000f3e0       ?Select@CEngITTSEnumA@@UAGJU_GUID@@PAPAUITTSCentralA@@PAUIUnknown@@@Z 100103e0 f   dtlkttse.obj
 0001:0000f460       ?Select@CEngITTSEnumW@@UAGJU_GUID@@PAPAUITTSCentralW@@PAUIUnknown@@@Z 10010460 f   dtlkttse.obj
 0001:0000f800       ?CreateObject@CGeneralDialog@@SGPAVCObject@@XZ 10010800 f   GeneralDialog.obj
 0001:0000f880       ?_GetBaseClass@CGeneralDialog@@KGPAUCRuntimeClass@@XZ 10010880 f   GeneralDialog.obj
 0001:0000f8a0       ?GetRuntimeClass@CGeneralDialog@@UBEPAUCRuntimeClass@@XZ 100108a0 f   GeneralDialog.obj
 0001:0000f8c0       ??0CGeneralDialog@@QAE@XZ  100108c0 f   GeneralDialog.obj
 0001:0000f9c0       ??_ECGeneralDialog@@UAEPAXI@Z 100109c0 f i GeneralDialog.obj
 0001:0000f9c0       ??_GCGeneralDialog@@UAEPAXI@Z 100109c0 f i GeneralDialog.obj
 0001:0000fa00       ??1CGeneralDialog@@UAE@XZ  10010a00 f   GeneralDialog.obj
 0001:0000fae0       ?SetCMode@CGeneralDialog@@QAEXPAVCMode@@@Z 10010ae0 f   GeneralDialog.obj
 0001:0000fb10       ?SetSpeak@CGeneralDialog@@QAEXPAVCDialogSpeak@@@Z 10010b10 f   GeneralDialog.obj
 0001:0000fb40       ?DoDataExchange@CGeneralDialog@@MAEXPAVCDataExchange@@@Z 10010b40 f   GeneralDialog.obj
 0001:0000fc40       ?_GetBaseMessageMap@CGeneralDialog@@KGPBUAFX_MSGMAP@@XZ 10010c40 f   GeneralDialog.obj
 0001:0000fc60       ?GetMessageMap@CGeneralDialog@@MBEPBUAFX_MSGMAP@@XZ 10010c60 f   GeneralDialog.obj
 0001:0000fc80       ?OnInitDialog@CGeneralDialog@@MAEHXZ 10010c80 f   GeneralDialog.obj
 0001:0000ffa0       ?UpdateSliders@CGeneralDialog@@IAEXXZ 10010fa0 f   GeneralDialog.obj
 0001:00010230       ?OnHScroll@CGeneralDialog@@IAEXIIPAVCScrollBar@@@Z 10011230 f   GeneralDialog.obj
 0001:000104d0       ?OnTestbutton@CGeneralDialog@@IAEXXZ 100114d0 f   GeneralDialog.obj
 0001:000105f0       ?OnRestoredefaultsbutton@CGeneralDialog@@IAEXXZ 100115f0 f   GeneralDialog.obj
 0001:00010630       ?OnCancel@CGeneralDialog@@UAEXXZ 10011630 f   GeneralDialog.obj
 0001:000106d0       ?OnApply@CGeneralDialog@@UAEHXZ 100116d0 f   GeneralDialog.obj
 0001:000107a0       ?OnOK@CGeneralDialog@@UAEXXZ 100117a0 f   GeneralDialog.obj
 0001:000108a0       ?OnClose@CGeneralDialog@@IAEXXZ 100118a0 f   GeneralDialog.obj
 0001:00010930       ?OnSavebutton@CGeneralDialog@@IAEXXZ 10011930 f   GeneralDialog.obj
 0001:00010b30       ??1CVoiceDef@@UAE@XZ       10011b30 f i GeneralDialog.obj
 0001:00010ba0       ??1CFileDialog@@UAE@XZ     10011ba0 f i GeneralDialog.obj
 0001:00010c00       ??1CCommonDialog@@UAE@XZ   10011c00 f i GeneralDialog.obj
 0001:00010c20       ?OnLoadbutton@CGeneralDialog@@IAEXXZ 10011c20 f   GeneralDialog.obj
 0001:00010e30       ?CreateObject@CLexiconDialog@@SGPAVCObject@@XZ 10011e30 f   LexiconDialog.obj
 0001:00010eb0       ?_GetBaseClass@CLexiconDialog@@KGPAUCRuntimeClass@@XZ 10011eb0 f   LexiconDialog.obj
 0001:00010ed0       ?GetRuntimeClass@CLexiconDialog@@UBEPAUCRuntimeClass@@XZ 10011ed0 f   LexiconDialog.obj
 0001:00010ef0       ??0CLexiconDialog@@QAE@XZ  10011ef0 f   LexiconDialog.obj
 0001:00010f80       ??_GCLexiconDialog@@UAEPAXI@Z 10011f80 f i LexiconDialog.obj
 0001:00010f80       ??_ECLexiconDialog@@UAEPAXI@Z 10011f80 f i LexiconDialog.obj
 0001:00010fc0       ??1CLexiconDialog@@UAE@XZ  10011fc0 f   LexiconDialog.obj
 0001:00011050       ?SetCMode@CLexiconDialog@@QAEXPAVCMode@@@Z 10012050 f   LexiconDialog.obj
 0001:00011080       ?SetSpeak@CLexiconDialog@@QAEXPAVCDialogSpeak@@@Z 10012080 f   LexiconDialog.obj
 0001:000110b0       ?DoDataExchange@CLexiconDialog@@MAEXPAVCDataExchange@@@Z 100120b0 f   LexiconDialog.obj
 0001:00011120       ?_GetBaseMessageMap@CLexiconDialog@@KGPBUAFX_MSGMAP@@XZ 10012120 f   LexiconDialog.obj
 0001:00011140       ?GetMessageMap@CLexiconDialog@@MBEPBUAFX_MSGMAP@@XZ 10012140 f   LexiconDialog.obj
 0001:00011160       ?UpdateEntry@CLexiconDialog@@IAEXXZ 10012160 f   LexiconDialog.obj
 0001:000112a0       ?OnInitDialog@CLexiconDialog@@MAEHXZ 100122a0 f   LexiconDialog.obj
 0001:00011490       ?OnVScroll@CLexiconDialog@@IAEXIIPAVCScrollBar@@@Z 10012490 f   LexiconDialog.obj
 0001:00011640       ?OnTranslatebutton@CLexiconDialog@@IAEXXZ 10012640 f   LexiconDialog.obj
 0001:00011840       ?OnClearbutton@CLexiconDialog@@IAEXXZ 10012840 f   LexiconDialog.obj
 0001:000118d0       ?OnPronouncebutton@CLexiconDialog@@IAEXXZ 100128d0 f   LexiconDialog.obj
 0001:00011a10       ?OnAddbutton@CLexiconDialog@@IAEXXZ 10012a10 f   LexiconDialog.obj
 0001:00011f30       ?OnDeletebutton@CLexiconDialog@@IAEXXZ 10012f30 f   LexiconDialog.obj
 0001:00012110       ?OnSavebutton@CLexiconDialog@@IAEXXZ 10013110 f   LexiconDialog.obj
 0001:00012410       ?OnLoadbutton@CLexiconDialog@@IAEXXZ 10013410 f   LexiconDialog.obj
 0001:00012710       ?OnDumpbutton@CLexiconDialog@@IAEXXZ 10013710 f   LexiconDialog.obj
 0001:000129c0       _mallocLock                100139c0 f   mmalloc.obj
 0001:000129f0       _reallocLock               100139f0 f   mmalloc.obj
 0001:00012a90       _freeLock                  10013a90 f   mmalloc.obj
 0001:00012ae0       _OP_CreateThread           10013ae0 f   opthread.obj
 0001:00012b20       _OP_GetThreadPriority      10013b20 f   opthread.obj
 0001:00012b40       _OP_SetThreadPriority      10013b40 f   opthread.obj
 0001:00012b70       _OP_ExitThread             10013b70 f   opthread.obj
 0001:00012b90       _OP_WaitForThreadTermination 10013b90 f   opthread.obj
 0001:00012be0       _OP_CreateMutex            10013be0 f   opthread.obj
 0001:00012c20       _OP_DestroyMutex           10013c20 f   opthread.obj
 0001:00012c50       _OP_LockMutex              10013c50 f   opthread.obj
 0001:00012c70       _OP_UnlockMutex            10013c70 f   opthread.obj
 0001:00012c90       _OP_CreateEvent            10013c90 f   opthread.obj
 0001:00012cc0       _OP_DestroyEvent           10013cc0 f   opthread.obj
 0001:00012ce0       _OP_SetEvent               10013ce0 f   opthread.obj
 0001:00012d00       _OP_ResetEvent             10013d00 f   opthread.obj
 0001:00012d20       _OP_WaitForEvent           10013d20 f   opthread.obj
 0001:00012d50       _OP_Sleep                  10013d50 f   opthread.obj
 0001:00012d70       _ThreadLock                10013d70 f   opthread.obj
 0001:00012e40       _ThreadUnlock              10013e40 f   opthread.obj
 0001:00012ee0       _create_pipe               10013ee0 f   pipe.obj
 0001:00013150       _write_pipe                10014150 f   pipe.obj
 0001:000139a0       _read_pipe                 100149a0 f   pipe.obj
 0001:00014380       _pause_pipe                10015380 f   pipe.obj
 0001:00014400       _resume_pipe               10015400 f   pipe.obj
 0001:00014480       _exit_pipe                 10015480 f   pipe.obj
 0001:00014500       _reset_pipe                10015500 f   pipe.obj
 0001:00014570       _destroy_pipe              10015570 f   pipe.obj
 0001:00014620       _pipe_count                10015620 f   pipe.obj
 0001:00014660       _LockPipe                  10015660 f   pipe.obj
 0001:00014680       _UnlockPipe                10015680 f   pipe.obj
 0001:000146a0       _SWFlushPipe               100156a0 f   pipe.obj
 0001:00014720       _PlayTones                 10015720 f   playtone.obj
 0001:00014b20       _save_index                10015b20 f   services.obj
 0001:00014c20       _check_index               10015c20 f   services.obj
 0001:00014d70       _adjust_index              10015d70 f   services.obj
 0001:00014e00       _adjust_allo               10015e00 f   services.obj
 0001:00014e70       _set_index_allo            10015e70 f   services.obj
 0001:00014ee0       _free_index                10015ee0 f   services.obj
 0001:00014f60       _send_index                10015f60 f   services.obj
 0001:00014f70       _start_flush               10015f70 f   services.obj
 0001:00014f80       _reset_spc                 10015f80 f   services.obj
 0001:00014f90       _default_lang              10015f90 f   services.obj
 0001:00015130       _flush_done                10016130 f   services.obj
 0001:00015160       _kernel_disable            10016160 f   services.obj
 0001:00015180       _kernel_enable             10016180 f   services.obj
 0001:00015190       _wait_semaphore            10016190 f   services.obj
 0001:000151a0       _signal_semaphore          100161a0 f   services.obj
 0001:000151b0       _set_gpio                  100161b0 f   services.obj
 0001:000151c0       _clr_gpio                  100161c0 f   services.obj
 0001:000151d0       _sleep                     100161d0 f   services.obj
 0001:000151f0       _putseq                    100161f0 f   services.obj
 0001:00015210       _EncodeDectalkVolume       10016210 f   services.obj
 0001:00015240       _DecodeDectalkVolume       10016240 f   services.obj
 0001:000152d0       _StereoVolumeControl       100162d0 f   services.obj
 0001:00015420       _SetStereoVolume           10016420 f   services.obj
 0001:00015490       _spcget                    10016490 f   spc.obj
 0001:00015570       _spcwrite                  10016570 f   spc.obj
 0001:000155e0       _spcfree                   100165e0 f   spc.obj
 0001:00015610       _sync_main@4               10016610 f   sync.obj
 0001:00015b80       ?CreateObject@CTranslateDialog@@SGPAVCObject@@XZ 10016b80 f   TranslateDialog.obj
 0001:00015c00       ?_GetBaseClass@CTranslateDialog@@KGPAUCRuntimeClass@@XZ 10016c00 f   TranslateDialog.obj
 0001:00015c20       ?GetRuntimeClass@CTranslateDialog@@UBEPAUCRuntimeClass@@XZ 10016c20 f   TranslateDialog.obj
 0001:00015c40       ??0CTranslateDialog@@QAE@XZ 10016c40 f   TranslateDialog.obj
 0001:00015c70       ??_GCTranslateDialog@@UAEPAXI@Z 10016c70 f i TranslateDialog.obj
 0001:00015c70       ??_ECTranslateDialog@@UAEPAXI@Z 10016c70 f i TranslateDialog.obj
 0001:00015cb0       ??1CTranslateDialog@@UAE@XZ 10016cb0 f   TranslateDialog.obj
 0001:00015ce0       ?SetCMode@CTranslateDialog@@QAEXPAVCMode@@@Z 10016ce0 f   TranslateDialog.obj
 0001:00015d10       ?SetSpeak@CTranslateDialog@@QAEXPAVCDialogSpeak@@@Z 10016d10 f   TranslateDialog.obj
 0001:00015d40       ?DoDataExchange@CTranslateDialog@@MAEXPAVCDataExchange@@@Z 10016d40 f   TranslateDialog.obj
 0001:00015d70       ?_GetBaseMessageMap@CTranslateDialog@@KGPBUAFX_MSGMAP@@XZ 10016d70 f   TranslateDialog.obj
 0001:00015d90       ?GetMessageMap@CTranslateDialog@@MBEPBUAFX_MSGMAP@@XZ 10016d90 f   TranslateDialog.obj
 0001:00015db0       _usa_init                  10016db0 f   Usa_init.obj
 0001:00015f00       ?CreateObject@CVoiceDef@@SGPAVCObject@@XZ 10016f00 f   VoiceDef.obj
 0001:00015f80       ??0CVoiceDef@@QAE@XZ       10016f80 f i VoiceDef.obj
 0001:00016000       ??_GCVoiceDef@@UAEPAXI@Z   10017000 f i VoiceDef.obj
 0001:00016000       ??_ECVoiceDef@@UAEPAXI@Z   10017000 f i VoiceDef.obj
 0001:00016040       ?_GetBaseClass@CVoiceDef@@KGPAUCRuntimeClass@@XZ 10017040 f   VoiceDef.obj
 0001:00016060       ?GetRuntimeClass@CVoiceDef@@UBEPAUCRuntimeClass@@XZ 10017060 f   VoiceDef.obj
 0001:000160c0       ??0AFX_CLASSINIT@@QAE@PAUCRuntimeClass@@@Z 100170c0 f i VoiceDef.obj
 0001:000160f0       ??5@YGAAVCArchive@@AAV0@AAPAVCVoiceDef@@@Z 100170f0 f   VoiceDef.obj
 0001:00016120       ?Serialize@CVoiceDef@@UAEXAAVCArchive@@@Z 10017120 f   VoiceDef.obj
 0001:000163c0       ?GetVoice@CVoiceDef@@QAEXPAUSPDEFS_TAG@@@Z 100173c0 f   VoiceDef.obj
 0001:000163f0       ?SetVoice@CVoiceDef@@QAEXPAUSPDEFS_TAG@@@Z 100173f0 f   VoiceDef.obj
 0001:00016420       ?SetLimits@CVoiceDef@@QAEXPAUSPDEFS_TAG@@0@Z 10017420 f   VoiceDef.obj
 0001:00016470       ?SetName@CVoiceDef@@QAEXAAVCString@@@Z 10017470 f   VoiceDef.obj
 0001:000164a0       ?GetName@CVoiceDef@@QAEXAAVCString@@@Z 100174a0 f   VoiceDef.obj
 0001:000164d0       ?MessageBoxOK@CVoiceDef@@QAEXXZ 100174d0 f   VoiceDef.obj
 0001:000164f0       ??0CVoiceDef@@QAE@VCString@@PAUSPDEFS_TAG@@11@Z 100174f0 f   VoiceDef.obj
 0001:000165c0       ?Load@CVoiceDef@@QAEHPBD@Z 100175c0 f   VoiceDef.obj
 0001:000166c0       ?Store@CVoiceDef@@QAEHPBD@Z 100176c0 f   VoiceDef.obj
 0001:000167f0       _d2pole_cf45               100177f0 f   vtm.obj
 0001:00016920       _d2pole_cf123              10017920 f   vtm.obj
 0001:00016a60       _d2pole_pf                 10017a60 f   vtm.obj
 0001:00016ba0       _Notch_fc                  10017ba0 f   vtm.obj
 0001:00016c30       _speech_waveform_generator 10017c30 f   vtm.obj
 0001:00018f10       _read_speaker_definition   10019f10 f   vtm.obj
 0001:00019480       _InitializeVTM             1001a480 f   vtm.obj
 0001:00019630       _SetSampleRate             1001a630 f   vtm.obj
 0001:00019750       _getmax                    1001a750 f i vtm.obj
 0001:00019790       _checkmax                  1001a790 f i vtm.obj
 0001:000197d0       _setzeroabc                1001a7d0 f   vtm.obj
 0001:00019860       _vtm_main@4                1001a860 f   vtmiont.obj
 0001:0001a0f0       _OutputData                1001b0f0 f   vtmiont.obj
 0001:0001a380       _EmptyVtmPipe              1001b380 f   vtmiont.obj
 0001:0001a550       _SendVisualNotification    1001b550 f   vtmiont.obj
 0001:0001a6b0       _LibMain@12                1001b6b0 f   dtlkstat:ttsapi.obj
 0001:0001a6d0       _ReleaseLicenseRef         1001b6d0 f   dtlkstat:ttsapi.obj
 0001:0001a6e0       _TextToSpeechStartupEx     1001b6e0 f   dtlkstat:ttsapi.obj
 0001:0001b3a0       _TextToSpeechStartup       1001c3a0 f   dtlkstat:ttsapi.obj
 0001:0001b3e0       _DefaultTTSCallbackRoutine 1001c3e0 f   dtlkstat:ttsapi.obj
 0001:0001b5c0       _TextToSpeechShutdown      1001c5c0 f   dtlkstat:ttsapi.obj
 0001:0001bf70       _TextToSpeechSpeak         1001cf70 f   dtlkstat:ttsapi.obj
 0001:0001bfc0       _TextToSpeechSpeakEx       1001cfc0 f   dtlkstat:ttsapi.obj
 0001:0001c320       _TextToSpeechPause         1001d320 f   dtlkstat:ttsapi.obj
 0001:0001c350       _TextToSpeechResume        1001d350 f   dtlkstat:ttsapi.obj
 0001:0001c380       _TextToSpeechOpenWaveOutFile 1001d380 f   dtlkstat:ttsapi.obj
 0001:0001c640       _TextToSpeechCloseWaveOutFile 1001d640 f   dtlkstat:ttsapi.obj
 0001:0001c7f0       _TextToSpeechGetStatus     1001d7f0 f   dtlkstat:ttsapi.obj
 0001:0001c980       _TextToSpeechReset         1001d980 f   dtlkstat:ttsapi.obj
 0001:0001d730       _TextToSpeechSync          1001e730 f   dtlkstat:ttsapi.obj
 0001:0001d840       _TextToSpeechGetRate       1001e840 f   dtlkstat:ttsapi.obj
 0001:0001d8a0       _TextToSpeechSetRate       1001e8a0 f   dtlkstat:ttsapi.obj
 0001:0001d8f0       _TextToSpeechGetSpeaker    1001e8f0 f   dtlkstat:ttsapi.obj
 0001:0001d940       _TextToSpeechSetSpeaker    1001e940 f   dtlkstat:ttsapi.obj
 0001:0001d990       _TextToSpeechGetLanguage   1001e990 f   dtlkstat:ttsapi.obj
 0001:0001d9d0       _TextToSpeechSetLanguage   1001e9d0 f   dtlkstat:ttsapi.obj
 0001:0001da10       _TextToSpeechGetCaps       1001ea10 f   dtlkstat:ttsapi.obj
 0001:0001daa0       _TextToSpeechLoadUserDictionary 1001eaa0 f   dtlkstat:ttsapi.obj
 0001:0001db60       _TextToSpeechUnloadUserDictionary 1001eb60 f   dtlkstat:ttsapi.obj
 0001:0001dc00       _TextToSpeechOpenInMemory  1001ec00 f   dtlkstat:ttsapi.obj
 0001:0001ddd0       _TextToSpeechCloseInMemory 1001edd0 f   dtlkstat:ttsapi.obj
 0001:0001df00       _TextToSpeechAddBuffer     1001ef00 f   dtlkstat:ttsapi.obj
 0001:0001e100       _TextToSpeechReturnBuffer  1001f100 f   dtlkstat:ttsapi.obj
 0001:0001e1c0       _TextToSpeechOpenLogFile   1001f1c0 f   dtlkstat:ttsapi.obj
 0001:0001e310       _TextToSpeechCloseLogFile  1001f310 f   dtlkstat:ttsapi.obj
 0001:0001e420       _QueueToMemory             1001f420 f   dtlkstat:ttsapi.obj
 0001:0001e980       _SendBuffer                1001f980 f   dtlkstat:ttsapi.obj
 0001:0001ed50       _ReturnRemainingBuffers    1001fd50 f   dtlkstat:ttsapi.obj
 0001:0001ef40       _PutIndexMarkInBuffer      1001ff40 f   dtlkstat:ttsapi.obj
 0001:0001f070       _PutPhonemeInBuffer        10020070 f   dtlkstat:ttsapi.obj
 0001:0001f660       _TextToSpeechErrorHandler  10020660 f   dtlkstat:ttsapi.obj
 0001:0001f6e0       _WriteAudioToFile          100206e0 f   dtlkstat:ttsapi.obj
 0001:0001f820       _LinearToMuLaw             10020820 f   dtlkstat:ttsapi.obj
 0001:0001f8c0       _WaitForLtsFlush           100208c0 f   dtlkstat:ttsapi.obj
 0001:00020350       _PlayAudioCallbackRoutine  10021350 f   dtlkstat:ttsapi.obj
 0001:00020470       _Report_TTS_Status         10021470 f   dtlkstat:ttsapi.obj
 0001:00020580       _DrainPipes                10021580 f   dtlkstat:ttsapi.obj
 0001:000205d0       _TextToSpeechVersion       100215d0 f   dtlkstat:ttsapi.obj
 0001:00020620       _TextToSpeechControlPanel  10021620 f   dtlkstat:ttsapi.obj
 0001:00020630       _TextToSpeechGetLastError  10021630 f   dtlkstat:ttsapi.obj
 0001:00020650       _TextToSpeechTyping        10021650 f   dtlkstat:ttsapi.obj
 0001:00020680       _TextToSpeechReserved1     10021680 f   dtlkstat:ttsapi.obj
 0001:00020890       _TextToSpeechReserved2     10021890 f   dtlkstat:ttsapi.obj
 0001:000208e0       _TextToSpeechVersionEx     100218e0 f   dtlkstat:ttsapi.obj
 0001:000209b0       _TextToSpeechStartLang     100219b0 f   dtlkstat:ttsapi.obj
 0001:000209d0       _TextToSpeechCloseLang     100219d0 f   dtlkstat:ttsapi.obj
 0001:000209f0       _TextToSpeechSelectLang    100219f0 f   dtlkstat:ttsapi.obj
 0001:00020a10       _TextToSpeechGetFeatures   10021a10 f   dtlkstat:ttsapi.obj
 0001:00020a30       _TextToSpeechEnumLangs     10021a30 f   dtlkstat:ttsapi.obj
 0001:00020b30       _TextToSpeechReserved3     10021b30 f   dtlkstat:ttsapi.obj
 0001:00020c90       _TextToSpeechGetPhVdefParams 10021c90 f   dtlkstat:ttsapi.obj
 0001:00020cb0       _TextToSpeechGetSpeakerParams 10021cb0 f   dtlkstat:ttsapi.obj
 0001:00020ce0       _TextToSpeechSetSpeakerParams 10021ce0 f   dtlkstat:ttsapi.obj
 0001:00020d00       _TextToSpeechDictionaryHit 10021d00 f   dtlkstat:ttsapi.obj
 0001:00020d40       _TextToSpeechDumpDictionary 10021d40 f   dtlkstat:ttsapi.obj
 0001:00020d70       _TextToSpeechUserDictionaryHit 10021d70 f   dtlkstat:ttsapi.obj
 0001:00020db0       _TextToSpeechDumpUserDictionary 10021db0 f   dtlkstat:ttsapi.obj
 0001:00020de0       _TextToSpeechAddUserEntry  10021de0 f   dtlkstat:ttsapi.obj
 0001:00020e10       _TextToSpeechDeleteUserEntry 10021e10 f   dtlkstat:ttsapi.obj
 0001:00020e40       _TextToSpeechChangeUserPhoneme 10021e40 f   dtlkstat:ttsapi.obj
 0001:00020e80       _TextToSpeechSaveUserDictionary 10021e80 f   dtlkstat:ttsapi.obj
 0001:00020eb0       _TextToSpeechConvertToPhonemes 10021eb0 f   dtlkstat:ttsapi.obj
 0001:00020fd0       _TextToSpeechTuning        10021fd0 f   dtlkstat:ttsapi.obj
 0001:000211a0       _TextToSpeechOpenSapi5Output 100221a0 f   dtlkstat:ttsapi.obj
 0001:000211c0       _TextToSpeechCloseSapi5Output 100221c0 f   dtlkstat:ttsapi.obj
 0001:000211e0       _TextToSpeechSetVolume     100221e0 f   dtlkstat:ttsapi.obj
 0001:00021260       _TextToSpeechGetVolume     10022260 f   dtlkstat:ttsapi.obj
 0001:000212d0       _TextToSpeechVisualMarks   100222d0 f   dtlkstat:ttsapi.obj
 0001:000212f0       _kltask                    100222f0 f   dtlkstat:ph_task.obj
 0001:00022100       _speak_now                 10023100 f   dtlkstat:ph_task.obj
 0001:00022340       _deadstop                  10023340 f   dtlkstat:ph_task.obj
 0001:00022370       _readphone                 10023370 f   dtlkstat:ph_task.obj
 0001:00022720       _mstofr                    10023720 f   dtlkstat:ph_task.obj
 0001:00022750       _GetCurrentPitch           10023750 f   dtlkstat:ph_task.obj
 0001:00022790       _GetPhVdefParams           10023790 f   dtlkstat:ph_task.obj
 0001:000228e0       _GetSpeakerParams          100238e0 f   dtlkstat:ph_task.obj
 0001:000235e0       _SetSpeakerParams          100245e0 f   dtlkstat:ph_task.obj
 0001:00023ac0       _WINstart_thread           10024ac0 f   dtlkstat:Dbgwins.obj
 0001:00023b00       _WINmain                   10024b00 f   dtlkstat:Dbgwins.obj
 0001:00023be0       _initialize_window         10024be0 f   dtlkstat:Dbgwins.obj
 0001:00023cd0       _unitialize_window         10024cd0 f   dtlkstat:Dbgwins.obj
 0001:00023cf0       _do_window                 10024cf0 f   dtlkstat:Dbgwins.obj
 0001:00023d30       _debug_window@16           10024d30 f   dtlkstat:Dbgwins.obj
 0001:00023e00       _WINprint                  10024e00 f   dtlkstat:Dbgwins.obj
 0001:00023f10       _PaintClient               10024f10 f   dtlkstat:Dbgwins.obj
 0001:000240c0       _Timer                     100250c0 f   dtlkstat:Dbgwins.obj
 0001:00024100       _VScroll                   10025100 f   dtlkstat:Dbgwins.obj
 0001:000242d0       _SetVScroll                100252d0 f   dtlkstat:Dbgwins.obj
 0001:00024330       _PrintFile                 10025330 f   dtlkstat:Dbgwins.obj
 0001:000243e0       _GetFileName               100253e0 f   dtlkstat:Dbgwins.obj
 0001:000244e0       _SaveFile                  100254e0 f   dtlkstat:Dbgwins.obj
 0001:000245a0       _ClearDisp                 100255a0 f   dtlkstat:Dbgwins.obj
 0001:000245d0       _KPress                    100255d0 f   dtlkstat:Dbgwins.obj
 0001:000247c0       _WINprintf                 100257c0 f   dtlkstat:Dbgwins.obj
 0001:000249e0       _cmd_main@4                100259e0 f   dtlkstat:cm_main.obj
 0001:00024ac0       _lts_main@4                10025ac0 f   dtlkstat:lsw_main.obj
 0001:00024ec0       _IsFileAccessible          10025ec0 f   dtlkstat:lsw_main.obj
 0001:00024ef0       _FindFileOnPath            10025ef0 f   dtlkstat:lsw_main.obj
 0001:00024f40       _FindFileInCurrentDirectory 10025f40 f   dtlkstat:lsw_main.obj
 0001:00025030       _GetDictionaryNames        10026030 f   dtlkstat:lsw_main.obj
 0001:00025340       _LTSLibMain                10026340 f   dtlkstat:lsw_main.obj
 0001:00025360       _ph_main@4                 10026360 f   dtlkstat:ph_main.obj
 0001:00025670       _FreePHInstanceData        10026670 f   dtlkstat:ph_main.obj
 0001:000256f0       _unload_dictionary         100266f0 f   dtlkstat:loaddict.obj
 0001:00025790       _load_dictionary           10026790 f   dtlkstat:loaddict.obj
 0001:00025c10       _cmd_init                  10026c10 f   dtlkstat:Cmd_init.obj
 0001:00025c90       _FreeCMDThreadMemory       10026c90 f   dtlkstat:Cmd_init.obj
 0001:00025d20       _lsa_util_pcmp             10026d20 f   dtlkstat:lsa_util.obj
 0001:00025da0       _lsa_util_stress_fr        10026da0 f   dtlkstat:lsa_util.obj
 0001:00025e30       _lsa_util_stress_gr        10026e30 f   dtlkstat:lsa_util.obj
 0001:00025f80       _lsa_util_stress_it        10026f80 f   dtlkstat:lsa_util.obj
 0001:00026060       _lsa_util_stress_ja        10027060 f   dtlkstat:lsa_util.obj
 0001:000260d0       _lsa_util_stress_sl        100270d0 f   dtlkstat:lsa_util.obj
 0001:00026430       _lsa_util_stress_sp        10027430 f   dtlkstat:lsa_util.obj
 0001:00026620       _lsa_util_init_lang        10027620 f   dtlkstat:lsa_util.obj
 0001:000266d0       _lsa_util_id_name          100276d0 f   dtlkstat:lsa_util.obj
 0001:00026b50       _lsa_util_print_ntype      10027b50 f   dtlkstat:lsa_util.obj
 0001:00026b80       _lsa_util_force_english    10027b80 f   dtlkstat:lsa_util.obj
 0001:00026dc0       _ls_util_dump_cword        10027dc0 f   dtlkstat:lsa_util.obj
 0001:00026e90       _ls_util_dump_llp_rlp      10027e90 f   dtlkstat:lsa_util.obj
 0001:00026f60       _ls_util_dump_lsp_endp     10027f60 f   dtlkstat:lsa_util.obj
 0001:00027070       _ls_util_is_dot            10028070 f   dtlkstat:lsa_util.obj
 0001:000270a0       _ls_util_is_name           100280a0 f   dtlkstat:lsa_util.obj
 0001:00027170       _ls_util_is_ordinal        10028170 f   dtlkstat:lsa_util.obj
 0001:00027290       _ls_util_is_year           10028290 f   dtlkstat:lsa_util.obj
 0001:00027340       _ls_util_copyword          10028340 f   dtlkstat:lsa_util.obj
 0001:00027390       _ls_util_send_phone_list   10028390 f   dtlkstat:lsa_util.obj
 0001:000273e0       _ls_util_send_phone        100283e0 f   dtlkstat:lsa_util.obj
 0001:00027570       _ls_util_is_might          10028570 f   dtlkstat:lsa_util.obj
 0001:000275f0       _ls_util_is_index          100285f0 f   dtlkstat:lsa_util.obj
 0001:00027680       _ls_util_is_white          10028680 f   dtlkstat:lsa_util.obj
 0001:000276e0       _ls_util_read_item         100286e0 f   dtlkstat:lsa_util.obj
 0001:00027770       _ls_util_next_item         10028770 f   dtlkstat:lsa_util.obj
 0001:00027c30       _ls_util_write_item        10028c30 f   dtlkstat:lsa_util.obj
 0001:00027ca0       _ls_util_lookup            10028ca0 f   dtlkstat:lsa_util.obj
 0001:00027e60       _ls_util_pluralize         10028e60 f   dtlkstat:lsa_util.obj
 0001:00027f00       _ls_util_is_vowel          10028f00 f   dtlkstat:lsa_util.obj
 0001:00027f40       _ls_util_lts_init          10028f40 f   dtlkstat:lsa_util.obj
 0001:00027f90       _f_fprintf                 10028f90 f   dtlkstat:lsa_util.obj
 0001:00027fe0       _ls_util_write_pipe        10028fe0 f   dtlkstat:lsa_util.obj
 0001:000289f0       _ls_util_is_aword          100299f0 f   dtlkstat:lsa_util.obj
 0001:00028a60       _phinit                    10029a60 f   dtlkstat:phinit.obj
 0001:00028c70       _ls_dict_blook             10029c70 f   dtlkstat:ls_dict.obj
 0001:000291f0       _ls_dict_find_word         1002a1f0 f   dtlkstat:ls_dict.obj
 0001:00029700       _ls_dict_dlook             1002a700 f   dtlkstat:ls_dict.obj
 0001:00029b50       _ls_dict_where_to_look     1002ab50 f   dtlkstat:ls_dict.obj
 0001:00029cd0       _ls_dict_ufind_word        1002acd0 f   dtlkstat:ls_dict.obj
 0001:00029d90       _ls_dict_user_dict_look    1002ad90 f   dtlkstat:ls_dict.obj
 0001:00029fb0       _ls_dict_where_to_ulook    1002afb0 f   dtlkstat:ls_dict.obj
 0001:0002a050       _DictionaryHit             1002b050 f   dtlkstat:ls_dict.obj
 0001:0002a240       _DumpDictionary            1002b240 f   dtlkstat:ls_dict.obj
 0001:0002a4d0       _UserDictionaryHit         1002b4d0 f   dtlkstat:ls_dict.obj
 0001:0002a6e0       _DumpUserDictionary        1002b6e0 f   dtlkstat:ls_dict.obj
 0001:0002a8c0       _UserDictionaryHead        1002b8c0 f   dtlkstat:ls_dict.obj
 0001:0002a8e0       _GetUserEntrySize          1002b8e0 f   dtlkstat:ls_dict.obj
 0001:0002a930       _AddUserEntry              1002b930 f   dtlkstat:ls_dict.obj
 0001:0002ad30       _DeleteUserEntry           1002bd30 f   dtlkstat:ls_dict.obj
 0001:0002af60       _ChangeUserPhoneme         1002bf60 f   dtlkstat:ls_dict.obj
 0001:0002b020       _GetNumUserEntries         1002c020 f   dtlkstat:ls_dict.obj
 0001:0002b050       _GetUserEntry              1002c050 f   dtlkstat:ls_dict.obj
 0001:0002b190       _SaveUserDictionary        1002c190 f   dtlkstat:ls_dict.obj
 0001:0002b2a0       _logclaus                  1002c2a0 f   dtlkstat:phlog.obj
 0001:0002b460       _logitem                   1002c460 f   dtlkstat:phlog.obj
 0001:0002b8b0       _dologphoneme              1002c8b0 f   dtlkstat:phlog.obj
 0001:0002bf40       _PrintLangBit              1002cf40 f   dtlkstat:phlog.obj
 0001:0002c190       _setparam                  1002d190 f   dtlkstat:ph_vset.obj
 0001:0002c2d0       _usevoice                  1002d2d0 f   dtlkstat:ph_vset.obj
 0001:0002c410       _saveval                   1002d410 f   dtlkstat:ph_vset.obj
 0001:0002c460       _setspdef                  1002d460 f   dtlkstat:ph_vset.obj
 0001:0002c8b0       _phclause                  1002d8b0 f   dtlkstat:ph_claus.obj
 0001:0002cc80       _init_phclause             1002dc80 f   dtlkstat:ph_claus.obj
 0001:0002d250       _ph_fuddify                1002e250 f   dtlkstat:ph_claus.obj
 0001:0002d340       _saysyllable               1002e340 f   dtlkstat:ph_syl.obj
 0001:0002d5f0       _syl_find_vowel            1002e5f0 f   dtlkstat:ph_syl.obj
 0001:0002d7f0       _syl_find_cons             1002e7f0 f   dtlkstat:ph_syl.obj
 0001:0002d970       _logsyllable               1002e970 f   dtlkstat:ph_syl.obj
 0001:0002e370       _cm_pars_loop              1002f370 f   dtlkstat:cm_pars.obj
 0001:0002e8a0       _cm_pars_proc_char         1002f8a0 f   dtlkstat:cm_pars.obj
 0001:0002ea90       _cm_pars_new_state         1002fa90 f   dtlkstat:cm_pars.obj
 0001:0002eb10       _cm_pars_icommand          1002fb10 f   dtlkstat:cm_pars.obj
 0001:0002eba0       _cm_pars_getseq            1002fba0 f   dtlkstat:cm_pars.obj
 0001:0002f2a0       _OutputCharacter           100302a0 f   dtlkstat:cm_pars.obj
 0001:0002f310       _cm_util_initialize        10030310 f   dtlkstat:cm_util.obj
 0001:0002f5a0       _cm_util_flush_init        100305a0 f   dtlkstat:cm_util.obj
 0001:0002f710       _cm_util_init_type         10030710 f   dtlkstat:cm_util.obj
 0001:0002f740       _cm_util_dtpc_tones        10030740 f   dtlkstat:cm_util.obj
 0001:0002f7d0       _cm_util_dtpc_tones_reset  100307d0 f   dtlkstat:cm_util.obj
 0001:0002f7f0       _cm_util_type_out          100307f0 f   dtlkstat:cm_util.obj
 0001:0002f910       _cm_util_string_match      10030910 f   dtlkstat:cm_util.obj
 0001:0002f9f0       _cm_util_write_pipe        100309f0 f   dtlkstat:cm_util.obj
 0001:0002fab0       _cm_cmd_phoneme            10030ab0 f   dtlkstat:cm_copt.obj
 0001:0002fc00       _cm_cmd_log                10030c00 f   dtlkstat:cm_copt.obj
 0001:0002fee0       _OpenLogFile               10030ee0 f   dtlkstat:cm_copt.obj
 0001:0002ffd0       _CloseLogFile              10030fd0 f   dtlkstat:cm_copt.obj
 0001:000300b0       _cm_cmd_break              100310b0 f   dtlkstat:cm_copt.obj
 0001:00030160       _cm_cmd_say                10031160 f   dtlkstat:cm_copt.obj
 0001:00030270       _cm_cmd_error              10031270 f   dtlkstat:cm_copt.obj
 0001:00030330       _cm_cmd_pause              10031330 f   dtlkstat:cm_copt.obj
 0001:000303d0       _cm_cmd_resume             100313d0 f   dtlkstat:cm_copt.obj
 0001:00030410       _cm_cmd_flush              10031410 f   dtlkstat:cm_copt.obj
 0001:000305a0       _cm_cmd_sync               100315a0 f   dtlkstat:cm_copt.obj
 0001:00030650       _cm_cmd_enable             10031650 f   dtlkstat:cm_copt.obj
 0001:000306f0       _cm_cmd_punct              100316f0 f   dtlkstat:cm_copt.obj
 0001:000307a0       _cm_cmd_skip               100317a0 f   dtlkstat:cm_copt.obj
 0001:00030880       _cm_cmd_timeout            10031880 f   dtlkstat:cm_copt.obj
 0001:000308e0       _cm_cmd_cpu_rate           100318e0 f   dtlkstat:cm_copt.obj
 0001:00030900       _cm_cmd_setv               10031900 f   dtlkstat:cm_copt.obj
 0001:00030960       _cm_cmd_loadv              10031960 f   dtlkstat:cm_copt.obj
 0001:00030a40       _cm_cmd_code_page          10031a40 f   dtlkstat:cm_copt.obj
 0001:00030a60       _cm_cmd_vs                 10031a60 f   dtlkstat:cm_copt.obj
 0001:00030aa0       _cm_cmd_volume             10031aa0 f   dtlkstat:cm_copt.obj
 0001:00030c80       _cm_cmd_language           10031c80 f   dtlkstat:cm_copt.obj
 0001:00030e70       _cm_cmd_remove             10031e70 f   dtlkstat:cm_copt.obj
 0001:00030ed0       _cm_cmd_mode               10031ed0 f   dtlkstat:cm_copt.obj
 0001:000310e0       _cm_cmd_pronounce          100320e0 f   dtlkstat:cm_copt.obj
 0001:00031200       _cm_cmd_rate               10032200 f   dtlkstat:cm_copt.obj
 0001:00031250       _cm_cmd_name               10032250 f   dtlkstat:cm_copt.obj
 0001:00031310       _cm_cmd_latin              10032310 f   dtlkstat:cm_copt.obj
 0001:00031360       _cm_cmd_comma              10032360 f   dtlkstat:cm_copt.obj
 0001:000313b0       _cm_cmd_period             100323b0 f   dtlkstat:cm_copt.obj
 0001:00031400       _cm_cmd_mark               10032400 f   dtlkstat:cm_copt.obj
 0001:00031740       _cm_cmd_define             10032740 f   dtlkstat:cm_copt.obj
 0001:00031840       _cm_cmd_plang              10032840 f   dtlkstat:cm_copt.obj
 0001:00031a90       _cm_cmd_stress             10032a90 f   dtlkstat:cm_copt.obj
 0001:00031ae0       _cm_cmd_tone               10032ae0 f   dtlkstat:cm_copt.obj
 0001:00031b90       _cm_cmd_dial               10032b90 f   dtlkstat:cm_copt.obj
 0001:00031e90       _cm_cmd_digitized          10032e90 f   dtlkstat:cm_copt.obj
 0001:00031eb0       _cm_cmd_debug              10032eb0 f   dtlkstat:cm_copt.obj
 0001:00031f00       _cm_cmd_gender             10032f00 f   dtlkstat:cm_copt.obj
 0001:00031fa0       _ls_task_main              10032fa0 f   dtlkstat:lsa_task.obj
 0001:00032580       _ls_task_parse_number      10033580 f   dtlkstat:lsa_task.obj
 0001:000328d0       _ls_task_wlookup           100338d0 f   dtlkstat:lsa_task.obj
 0001:000329f0       _ls_task_lookahead         100339f0 f   dtlkstat:lsa_task.obj
 0001:00032a40       _ls_task_do_right_punct    10033a40 f   dtlkstat:lsa_task.obj
 0001:00032e90       _ls_task_readword          10033e90 f   dtlkstat:lsa_task.obj
 0001:00033120       _ls_task_spell_word        10034120 f   dtlkstat:lsa_task.obj
 0001:000331c0       _ls_task_read_next_word    100341c0 f   dtlkstat:lsa_task.obj
 0001:00033290       _ls_task_set_what_state    10034290 f   dtlkstat:lsa_task.obj
 0001:000333c0       _ls_task_find_end_of_word  100343c0 f   dtlkstat:lsa_task.obj
 0001:00033400       _ls_task_fix_german_vowels 10034400 f   dtlkstat:lsa_task.obj
 0001:000335f0       _ls_task_spell_mode        100345f0 f   dtlkstat:lsa_task.obj
 0001:00033670       _ls_task_minidic_search    10034670 f   dtlkstat:lsa_task.obj
 0001:000336f0       _ls_task_math_mode         100346f0 f   dtlkstat:lsa_task.obj
 0001:00033740       _ls_task_dictionary_search 10034740 f   dtlkstat:lsa_task.obj
 0001:000338f0       _ls_task_strip_left_punctuation 100348f0 f   dtlkstat:lsa_task.obj
 0001:00033990       _ls_task_strip_right_punctuation 10034990 f   dtlkstat:lsa_task.obj
 0001:00033ae0       _ls_task_spell_all_punct   10034ae0 f   dtlkstat:lsa_task.obj
 0001:00033b70       _ls_task_dictionary_after_punct 10034b70 f   dtlkstat:lsa_task.obj
 0001:00033c80       _ls_task_spell_vs_speak    10034c80 f   dtlkstat:lsa_task.obj
 0001:00033d30       _ls_task_single_letter_spell_rules 10034d30 f   dtlkstat:lsa_task.obj
 0001:00033fd0       _ls_task_remove_case       10034fd0 f   dtlkstat:lsa_task.obj
 0001:00034010       _ls_task_Dr_St_process     10035010 f   dtlkstat:lsa_task.obj
 0001:00034290       _ls_task_set_sign_flag     10035290 f   dtlkstat:lsa_task.obj
 0001:00034380       _ls_task_currency_processing 10035380 f   dtlkstat:lsa_task.obj
 0001:00034880       _ls_task_date_processing   10035880 f   dtlkstat:lsa_task.obj
 0001:00034a10       _ls_task_frac_processing   10035a10 f   dtlkstat:lsa_task.obj
 0001:00034a70       _ls_task_plain_number_processing 10035a70 f   dtlkstat:lsa_task.obj
 0001:00034f40       _ls_task_part_number       10035f40 f   dtlkstat:lsa_task.obj
 0001:00035030       _ls_task_process_word      10036030 f   dtlkstat:lsa_task.obj
 0001:00035330       _ls_task_lookup_first_verbs 10036330 f   dtlkstat:lsa_task.obj
 0001:00035490       _ls_task_prelookup         10036490 f   dtlkstat:lsa_task.obj
 0001:00035580       _cm_cmd_match_comm         10036580 f   dtlkstat:cm_cmd.obj
 0001:00035970       _cm_cmd_do_command         10036970 f   dtlkstat:cm_cmd.obj
 0001:00035a80       _cm_cmd_build_param        10036a80 f   dtlkstat:cm_cmd.obj
 0001:00036390       _cm_cmd_reset_comm         10037390 f   dtlkstat:cm_cmd.obj
 0001:000364a0       _cm_cmd_error_comm         100374a0 f   dtlkstat:cm_cmd.obj
 0001:000366a0       _ls_suff_suffix_find       100376a0 f   dtlkstat:ls_suff.obj
 0001:00036ac0       _ls_suff_append_pron       10037ac0 f   dtlkstat:ls_suff.obj
 0001:00036b80       _ls_suff_print_fc          10037b80 f   dtlkstat:ls_suff.obj
 0001:00036e80       _ls_homo_homo              10037e80 f   dtlkstat:ls_homo.obj
 0001:000374b0       _ls_homo_sapi_homo         100384b0 f   dtlkstat:ls_homo.obj
 0001:000376f0       _phdraw                    100386f0 f   dtlkstat:ph_draw.obj
 0001:00038470       _h_modulation              10039470 f   dtlkstat:ph_draw.obj
 0001:00038680       _pht0draw                  10039680 f   dtlkstat:ph_drwt0.obj
 0001:0003ba60       _us_gettar                 1003ca60 f   dtlkstat:ph_setar.obj
 0001:0003c2c0       _uk_gettar                 1003d2c0 f   dtlkstat:ph_setar.obj
 0001:0003cb30       _sp_gettar                 1003db30 f   dtlkstat:ph_setar.obj
 0001:0003d2c0       _la_gettar                 1003e2c0 f   dtlkstat:ph_setar.obj
 0001:0003da50       _gr_gettar                 1003ea50 f   dtlkstat:ph_setar.obj
 0001:0003e300       _fr_gettar                 1003f300 f   dtlkstat:ph_setar.obj
 0001:0003e990       _phsettar                  1003f990 f   dtlkstat:ph_setar.obj
 0001:0003f5a0       _gettar                    100405a0 f i dtlkstat:ph_setar.obj
 0001:00048a20       _getbegtar                 10049a20 f   dtlkstat:ph_setar.obj
 0001:00049da0       _getendtar                 1004ada0 f   dtlkstat:ph_setar.obj
 0001:0004a880       _place                     1004b880 f i dtlkstat:ph_setar.obj
 0001:0004a8b0       _begtyp                    1004b8b0 f i dtlkstat:ph_setar.obj
 0001:0004a8e0       _endtyp                    1004b8e0 f i dtlkstat:ph_setar.obj
 0001:0004a910       _ptram                     1004b910 f i dtlkstat:ph_setar.obj
 0001:0004a940       _burdr                     1004b940 f i dtlkstat:ph_setar.obj
 0001:0004a970       _plocu                     1004b970 f i dtlkstat:ph_setar.obj
 0001:0004a9a0       _phinton                   1004b9a0 f   dtlkstat:ph_inton.obj
 0001:0004c4e0       _phtiming                  1004d4e0 f   dtlkstat:ph_timng.obj
 0001:0004da80       _prdurs                    1004ea80 f   dtlkstat:ph_timng.obj
 0001:0004da90       _prphdurs                  1004ea90 f   dtlkstat:ph_timng.obj
 0001:0004daa0       _min_timing                1004eaa0 f   dtlkstat:ph_timng.obj
 0001:0004dba0       _inh_timing                1004eba0 f   dtlkstat:ph_timng.obj
 0001:0004dca0       _phalloph                  1004eca0 f   dtlkstat:ph_aloph.obj
 0001:0004ee90       _prphonol                  1004fe90 f   dtlkstat:ph_aloph.obj
 0001:0004efa0       _phcluster                 1004ffa0 f   dtlkstat:ph_sort.obj
 0001:0004f200       _phsort                    10050200 f   dtlkstat:ph_sort.obj
 0001:00050fc0       _phone_feature             10051fc0 f i dtlkstat:ph_sort.obj
 0001:00050ff0       _cm_phon_lookup_asc        10051ff0 f   dtlkstat:cm_phon.obj
 0001:00051090       _cm_phon_lookup_language   10052090 f   dtlkstat:cm_phon.obj
 0001:00051130       _cm_phon_lookup_arpa       10052130 f   dtlkstat:cm_phon.obj
 0001:000513a0       _cm_phon_param_check       100523a0 f   dtlkstat:cm_phon.obj
 0001:00051630       _cm_phon_flush             10052630 f   dtlkstat:cm_phon.obj
 0001:00051830       _cm_phon_match             10052830 f   dtlkstat:cm_phon.obj
 0001:00051c70       _cm_text_get_word          10052c70 f   dtlkstat:cm_text.obj
 0001:00051e00       _cm_text_getclause         10052e00 f   dtlkstat:cm_text.obj
 0001:00053f90       _par_copy_index_list       10054f90 f i dtlkstat:cm_text.obj
 0001:00053fd0       _par_copy_index            10054fd0 f i dtlkstat:cm_text.obj
 0001:00054010       _par_is_index_set          10055010 f i dtlkstat:cm_text.obj
 0001:00054070       _cm_cmd_play               10055070 f   dtlkstat:cmd_wav.obj
 0001:00054760       _ls_rule_lts               10055760 f   dtlkstat:lsa_rule.obj
 0001:00054da0       _ls_rule_lts_out           10055da0 f   dtlkstat:lsa_rule.obj
 0001:00054ef0       _ls_rule_delete_geminate_pairs 10055ef0 f   dtlkstat:lsa_rule.obj
 0001:00055030       _ls_rule_add_graph         10056030 f   dtlkstat:lsa_rule.obj
 0001:00055270       _ls_rule_rule_match        10056270 f   dtlkstat:lsa_rule.obj
 0001:00055460       _ls_rule_env_match         10056460 f   dtlkstat:lsa_rule.obj
 0001:00055850       _ls_rule_add_phone         10056850 f   dtlkstat:lsa_rule.obj
 0001:000558e0       _ls_rule_do_lts            100568e0 f   dtlkstat:lsa_rule.obj
 0001:000559d0       _ls_rule_show_phone        100569d0 f   dtlkstat:lsa_rule.obj
 0001:000559f0       _ls_rule_phone_alloc       100569f0 f   dtlkstat:lsa_rule.obj
 0001:00055a40       _ls_rule_phone_free        10056a40 f   dtlkstat:lsa_rule.obj
 0001:00055a70       _ls_spel_say_it            10056a70 f   dtlkstat:ls_spel.obj
 0001:00055b70       _ls_spel_spell             10056b70 f   dtlkstat:ls_spel.obj
 0001:00055ca0       _ls_spel_spell_speed       10056ca0 f   dtlkstat:ls_spel.obj
 0001:00055d50       _ls_math_do_math           10056d50 f   dtlkstat:ls_math.obj
 0001:00055dc0       _ls_math_flush_ascky       10056dc0 f   dtlkstat:ls_math.obj
 0001:00055e40       _ls_proc_do_sign           10056e40 f   dtlkstat:ls_proc.obj
 0001:00055ef0       _ls_proc_do_part_number    10056ef0 f   dtlkstat:ls_proc.obj
 0001:000560e0       _ls_proc_is_a_part         100570e0 f   dtlkstat:ls_proc.obj
 0001:00056120       _ls_proc_do_2_digits       10057120 f   dtlkstat:ls_proc.obj
 0001:000561d0       _ls_proc_do_3_digits       100571d0 f   dtlkstat:ls_proc.obj
 0001:00056270       _ls_proc_do_4_digits       10057270 f   dtlkstat:ls_proc.obj
 0001:00056370       _ls_proc_do_digit_group    10057370 f   dtlkstat:ls_proc.obj
 0001:00056500       _ls_proc_do_number         10057500 f   dtlkstat:ls_proc.obj
 0001:00056dd0       _ls_proc_non_zero          10057dd0 f   dtlkstat:ls_proc.obj
 0001:00056e10       _ls_proc_is_date           10057e10 f   dtlkstat:ls_proc.obj
 0001:000570a0       _ls_proc_do_date           100580a0 f   dtlkstat:ls_proc.obj
 0001:00057340       _ls_proc_is_frac           10058340 f   dtlkstat:ls_proc.obj
 0001:00057490       _ls_proc_do_frac           10058490 f   dtlkstat:ls_proc.obj
 0001:000575e0       _ls_proc_is_time           100585e0 f   dtlkstat:ls_proc.obj
 0001:000577c0       _ls_proc_is_am_pm          100587c0 f   dtlkstat:ls_proc.obj
 0001:00057840       _ls_proc_do_time           10058840 f   dtlkstat:ls_proc.obj
 0001:000579a0       _ERROR_func1               100589a0 f   dtlkstat:par_pars.obj
 0001:000579e0       _ERROR_func2               100589e0 f   dtlkstat:par_pars.obj
 0001:000579f0       _par_process_input         100589f0 f   dtlkstat:par_pars.obj
 0001:000588c0       _par_get_return_level      100598c0 f i dtlkstat:par_pars.obj
 0001:00058910       _par_set_return_level      10059910 f i dtlkstat:par_pars.obj
 0001:00058960       _par_match_rule            10059960 f   dtlkstat:par_pars.obj
 0001:00058f80       _par_delete_string         10059f80 f   dtlkstat:par_pars.obj
 0001:00059070       _par_replace_string        1005a070 f   dtlkstat:par_pars.obj
 0001:000591f0       _par_compound_break        1005a1f0 f   dtlkstat:par_pars.obj
 0001:000592b0       _par_break_down_word       1005a2b0 f   dtlkstat:par_pars.obj
 0001:000594f0       _par_find_word_in_dict     1005a4f0 f   dtlkstat:par_pars.obj
 0001:00059730       _par_insert_string         1005a730 f   dtlkstat:par_pars.obj
 0001:00059920       _par_insert_string_after   1005a920 f   dtlkstat:par_pars.obj
 0001:000599b0       _par_insert_string_before  1005a9b0 f   dtlkstat:par_pars.obj
 0001:00059ab0       _par_save_string           1005aab0 f   dtlkstat:par_pars.obj
 0001:00059b30       _par_dom_dict_search       1005ab30 f   dtlkstat:par_pars.obj
 0001:00059d90       _par_look_ahead_dictionary 1005ad90 f   dtlkstat:par_pars.obj
 0001:00059e10       _par_search_for_word       1005ae10 f   dtlkstat:par_pars.obj
 0001:0005a090       _par_check_word_string     1005b090 f   dtlkstat:par_pars.obj
 0001:0005a190       _par_status_string         1005b190 f   dtlkstat:par_pars.obj
 0001:0005a1f0       _par_build_string_from_rule 1005b1f0 f   dtlkstat:par_pars.obj
 0001:0005a530       _par_match_string          1005b530 f   dtlkstat:par_pars.obj
 0001:0005a880       _par_copy_string_data      1005b880 f   dtlkstat:par_pars.obj
 0001:0005a8f0       _par_convert_number        1005b8f0 f   dtlkstat:par_pars.obj
 0001:0005a960       _par_convert_number_new2   1005b960 f   dtlkstat:par_pars.obj
 0001:0005a9c0       _par_get_int_length        1005b9c0 f   dtlkstat:par_pars.obj
 0001:0005aa10       _par_look_ahead            1005ba10 f   dtlkstat:par_pars.obj
 0001:0005ad60       _par_copy_word_to_output   1005bd60 f   dtlkstat:par_pars.obj
 0001:0005ae60       _par_skip_white_space      1005be60 f   dtlkstat:par_pars.obj
 0001:0005afc0       _par_print_rule_error      1005bfc0 f   dtlkstat:par_pars.obj
 0001:0005b050       _par_match_standard        1005c050 f   dtlkstat:par_pars.obj
 0001:0005b540       _par_match_digits          1005c540 f   dtlkstat:par_pars.obj
 0001:0005b9c0       _par_match_sets_with_ranges 1005c9c0 f   dtlkstat:par_pars.obj
 0001:0005be10       _par_match_set             1005ce10 f   dtlkstat:par_pars.obj
 0001:0005c080       _par_dict_lookup           1005d080 f   dtlkstat:par_dict.obj
 0001:0005c4c0       _par_dict_find_word        1005d4c0 f   dtlkstat:par_dict.obj
 0001:0005c5f0       _par_dict_ufind_word       1005d5f0 f   dtlkstat:par_dict.obj
 0001:0005c680       _par_dict_dlook            1005d680 f   dtlkstat:par_dict.obj
 0001:0005c7e0       _par_dict_udlook           1005d7e0 f   dtlkstat:par_dict.obj
 0001:0005c8d0       _par_dict_where_to_look    1005d8d0 f   dtlkstat:par_dict.obj
 0001:0005c990       _par_dict_where_to_ulook   1005d990 f   dtlkstat:par_dict.obj
 0001:0005ca30       _ls_adju_cluster           1005da30 f   dtlkstat:Lsa_adju.obj
 0001:0005cbe0       _ls_adju_allo2             1005dbe0 f   dtlkstat:Lsa_adju.obj
 0001:0005d350       _ls_adju_sylables          1005e350 f   dtlkstat:Lsa_adju.obj
 0001:0005d5f0       _ls_adju_is_cons           1005e5f0 f   dtlkstat:Lsa_adju.obj
 0001:0005d620       _ls_adju_is_voc            1005e620 f   dtlkstat:Lsa_adju.obj
 0001:0005d650       _ls_adju_stress            1005e650 f   dtlkstat:Lsa_adju.obj
 0001:0005dcf0       _ls_adju_unstressed        1005ecf0 f   dtlkstat:Lsa_adju.obj
 0001:0005dd50       _ls_adju_suffixscan        1005ed50 f   dtlkstat:Lsa_adju.obj
 0001:0005de80       _ls_adju_prefixscan        1005ee80 f   dtlkstat:Lsa_adju.obj
 0001:0005e150       _ls_adju_bestdefault       1005f150 f   dtlkstat:Lsa_adju.obj
 0001:0005e250       _ls_adju_best2syl          1005f250 f   dtlkstat:Lsa_adju.obj
 0001:0005e300       _ls_adju_final_fixes       1005f300 f   dtlkstat:Lsa_adju.obj
 0001:0005e520       _ls_adju_allo1             1005f520 f   dtlkstat:Lsa_adju.obj
 0001:0005e6a0       _ls_adju_delgemphone       1005f6a0 f   dtlkstat:Lsa_adju.obj
 0001:0005e700       _ls_adju_is_obs            1005f700 f   dtlkstat:Lsa_adju.obj
 0001:0005e730       _ls_adju_ins_phone         1005f730 f   dtlkstat:Lsa_adju.obj
 0001:0005e7d0       _ls_adju_del_phone         1005f7d0 f   dtlkstat:Lsa_adju.obj
 0001:0005e812       _timeGetTime@0             1005f812 f   winmm:WINMM.dll
 0001:0005e818       _mmioRead@12               1005f818 f   winmm:WINMM.dll
 0001:0005e81e       _mmioClose@8               1005f81e f   winmm:WINMM.dll
 0001:0005e824       _mmioAscend@12             1005f824 f   winmm:WINMM.dll
 0001:0005e82a       _mmioDescend@16            1005f82a f   winmm:WINMM.dll
 0001:0005e830       _mmioOpenA@12              1005f830 f   winmm:WINMM.dll
 0001:0005e836       ??2@YAPAXIHPBDH@Z          1005f836 f   mfc42d:MFC42D.DLL
 0001:0005e83c       ??3CObject@@SGXPAXPBDH@Z   1005f83c f   mfc42d:MFC42D.DLL
 0001:0005e842       ??2CObject@@SGPAXIPBDH@Z   1005f842 f   mfc42d:MFC42D.DLL
 0001:0005e848       ?OnWizardFinish@CPropertyPage@@UAEHXZ 1005f848 f   mfc42d:MFC42D.DLL
 0001:0005e84e       ?OnWizardNext@CPropertyPage@@UAEJXZ 1005f84e f   mfc42d:MFC42D.DLL
 0001:0005e854       ?OnWizardBack@CPropertyPage@@UAEJXZ 1005f854 f   mfc42d:MFC42D.DLL
 0001:0005e85a       ?OnQueryCancel@CPropertyPage@@UAEHXZ 1005f85a f   mfc42d:MFC42D.DLL
 0001:0005e860       ?OnKillActive@CPropertyPage@@UAEHXZ 1005f860 f   mfc42d:MFC42D.DLL
 0001:0005e866       ?OnSetActive@CPropertyPage@@UAEHXZ 1005f866 f   mfc42d:MFC42D.DLL
 0001:0005e86c       ?OnReset@CPropertyPage@@UAEXXZ 1005f86c f   mfc42d:MFC42D.DLL
 0001:0005e872       ?OnApply@CPropertyPage@@UAEHXZ 1005f872 f   mfc42d:MFC42D.DLL
 0001:0005e878       ?PreInitDialog@CDialog@@MAEXXZ 1005f878 f   mfc42d:MFC42D.DLL
 0001:0005e87e       ?OnCancel@CPropertyPage@@UAEXXZ 1005f87e f   mfc42d:MFC42D.DLL
 0001:0005e884       ?OnOK@CPropertyPage@@UAEXXZ 1005f884 f   mfc42d:MFC42D.DLL
 0001:0005e88a       ?OnSetFont@CDialog@@UAEXPAVCFont@@@Z 1005f88a f   mfc42d:MFC42D.DLL
 0001:0005e890       ?DoModal@CDialog@@UAEHXZ   1005f890 f   mfc42d:MFC42D.DLL
 0001:0005e896       ?SetOccDialogInfo@CDialog@@MAEHPAU_AFX_OCC_DIALOG_INFO@@@Z 1005f896 f   mfc42d:MFC42D.DLL
 0001:0005e89c       ?IsFrameWnd@CWnd@@UBEHXZ   1005f89c f   mfc42d:MFC42D.DLL
 0001:0005e8a2       ?CheckAutoCenter@CDialog@@UAEHXZ 1005f8a2 f   mfc42d:MFC42D.DLL
 0001:0005e8a8       ?OnChildNotify@CWnd@@MAEHIIJPAJ@Z 1005f8a8 f   mfc42d:MFC42D.DLL
 0001:0005e8ae       ?PostNcDestroy@CWnd@@MAEXXZ 1005f8ae f   mfc42d:MFC42D.DLL
 0001:0005e8b4       ?DefWindowProcA@CWnd@@MAEJIIJ@Z 1005f8b4 f   mfc42d:MFC42D.DLL
 0001:0005e8ba       ?OnWndMsg@CWnd@@MAEHIIJPAJ@Z 1005f8ba f   mfc42d:MFC42D.DLL
 0001:0005e8c0       ?WindowProc@CWnd@@MAEJIIJ@Z 1005f8c0 f   mfc42d:MFC42D.DLL
 0001:0005e8c6       ?OnAmbientProperty@CWnd@@UAEHPAVCOleControlSite@@JPAUtagVARIANT@@@Z 1005f8c6 f   mfc42d:MFC42D.DLL
 0001:0005e8cc       ?PreTranslateMessage@CPropertyPage@@MAEHPAUtagMSG@@@Z 1005f8cc f   mfc42d:MFC42D.DLL
 0001:0005e8d2       ?EndModalState@CWnd@@UAEXXZ 1005f8d2 f   mfc42d:MFC42D.DLL
 0001:0005e8d8       ?BeginModalState@CWnd@@UAEXXZ 1005f8d8 f   mfc42d:MFC42D.DLL
 0001:0005e8de       ?GetSuperWndProcAddr@CWnd@@MAEPAP6GJPAUHWND__@@IIJ@ZXZ 1005f8de f   mfc42d:MFC42D.DLL
 0001:0005e8e4       ?OnNotify@CPropertyPage@@MAEHIJPAJ@Z 1005f8e4 f   mfc42d:MFC42D.DLL
 0001:0005e8ea       ?OnCommand@CWnd@@MAEHIJ@Z  1005f8ea f   mfc42d:MFC42D.DLL
 0001:0005e8f0       ?EndModalLoop@CWnd@@UAEXH@Z 1005f8f0 f   mfc42d:MFC42D.DLL
 0001:0005e8f6       ?ContinueModal@CWnd@@UAEHXZ 1005f8f6 f   mfc42d:MFC42D.DLL
 0001:0005e8fc       ?WinHelpA@CWnd@@UAEXKI@Z   1005f8fc f   mfc42d:MFC42D.DLL
 0001:0005e902       ?GetScrollBarCtrl@CWnd@@UBEPAVCScrollBar@@H@Z 1005f902 f   mfc42d:MFC42D.DLL
 0001:0005e908       ?OnToolHitTest@CWnd@@UBEHVCPoint@@PAUtagTOOLINFOA@@@Z 1005f908 f   mfc42d:MFC42D.DLL
 0001:0005e90e       ?CalcWindowRect@CWnd@@UAEXPAUtagRECT@@I@Z 1005f90e f   mfc42d:MFC42D.DLL
 0001:0005e914       ?PreCreateWindow@CWnd@@UAEHAAUtagCREATESTRUCTA@@@Z 1005f914 f   mfc42d:MFC42D.DLL
 0001:0005e91a       ?DestroyWindow@CWnd@@UAEHXZ 1005f91a f   mfc42d:MFC42D.DLL
 0001:0005e920       ?PreSubclassWindow@CWnd@@UAEXXZ 1005f920 f   mfc42d:MFC42D.DLL
 0001:0005e926       ?GetConnectionHook@CCmdTarget@@MAEPAUIConnectionPoint@@ABU_GUID@@@Z 1005f926 f   mfc42d:MFC42D.DLL
 0001:0005e92c       ?GetExtraConnectionPoints@CCmdTarget@@MAEHPAVCPtrArray@@@Z 1005f92c f   mfc42d:MFC42D.DLL
 0001:0005e932       ?GetInterfaceHook@CCmdTarget@@UAEPAUIUnknown@@PBX@Z 1005f932 f   mfc42d:MFC42D.DLL
 0001:0005e938       ?OnCreateAggregates@CCmdTarget@@UAEHXZ 1005f938 f   mfc42d:MFC42D.DLL
 0001:0005e93e       ?GetEventSinkMap@CCmdTarget@@MBEPBUAFX_EVENTSINKMAP@@XZ 1005f93e f   mfc42d:MFC42D.DLL
 0001:0005e944       ?GetInterfaceMap@CCmdTarget@@MBEPBUAFX_INTERFACEMAP@@XZ 1005f944 f   mfc42d:MFC42D.DLL
 0001:0005e94a       ?GetConnectionMap@CCmdTarget@@MBEPBUAFX_CONNECTIONMAP@@XZ 1005f94a f   mfc42d:MFC42D.DLL
 0001:0005e950       ?GetDispatchMap@CCmdTarget@@MBEPBUAFX_DISPMAP@@XZ 1005f950 f   mfc42d:MFC42D.DLL
 0001:0005e956       ?GetCommandMap@CCmdTarget@@MBEPBUAFX_OLECMDMAP@@XZ 1005f956 f   mfc42d:MFC42D.DLL
 0001:0005e95c       ?GetTypeLib@CCmdTarget@@UAEJKPAPAUITypeLib@@@Z 1005f95c f   mfc42d:MFC42D.DLL
 0001:0005e962       ?GetTypeLibCache@CCmdTarget@@UAEPAVCTypeLibCache@@XZ 1005f962 f   mfc42d:MFC42D.DLL
 0001:0005e968       ?GetTypeInfoCount@CCmdTarget@@UAEIXZ 1005f968 f   mfc42d:MFC42D.DLL
 0001:0005e96e       ?GetDispatchIID@CCmdTarget@@UAEHPAU_GUID@@@Z 1005f96e f   mfc42d:MFC42D.DLL
 0001:0005e974       ?IsInvokeAllowed@CCmdTarget@@UAEHJ@Z 1005f974 f   mfc42d:MFC42D.DLL
 0001:0005e97a       ?OnFinalRelease@CWnd@@UAEXXZ 1005f97a f   mfc42d:MFC42D.DLL
 0001:0005e980       ?OnCmdMsg@CDialog@@UAEHIHPAXPAUAFX_CMDHANDLERINFO@@@Z 1005f980 f   mfc42d:MFC42D.DLL
 0001:0005e986       ?Dump@CPropertyPage@@UBEXAAVCDumpContext@@@Z 1005f986 f   mfc42d:MFC42D.DLL
 0001:0005e98c       ?AssertValid@CPropertyPage@@UBEXXZ 1005f98c f   mfc42d:MFC42D.DLL
 0001:0005e992       ?Serialize@CObject@@UAEXAAVCArchive@@@Z 1005f992 f   mfc42d:MFC42D.DLL
 0001:0005e998       ??1CString@@QAE@XZ         1005f998 f   mfc42d:MFC42D.DLL
 0001:0005e99e       ??1CPropertyPage@@UAE@XZ   1005f99e f   mfc42d:MFC42D.DLL
 0001:0005e9a4       ??4CString@@QAEABV0@PBD@Z  1005f9a4 f   mfc42d:MFC42D.DLL
 0001:0005e9aa       ??0CString@@QAE@XZ         1005f9aa f   mfc42d:MFC42D.DLL
 0001:0005e9b0       ??0CPropertyPage@@QAE@II@Z 1005f9b0 f   mfc42d:MFC42D.DLL
 0001:0005e9b6       ??3CObject@@SGXPAX@Z       1005f9b6 f   mfc42d:MFC42D.DLL
 0001:0005e9bc       ?DDX_Text@@YGXPAVCDataExchange@@HAAVCString@@@Z 1005f9bc f   mfc42d:MFC42D.DLL
[...]
 0003:0003a978       _la_ptram                  100ac978     dtlkstat:ph_romi.obj
 0003:0003a9c8       _la_malamp                 100ac9c8     dtlkstat:ph_romi.obj
 0003:0003ae7c       _la_femamp                 100ace7c     dtlkstat:ph_romi.obj
 0003:0003b330       _la_plocu                  100ad330     dtlkstat:ph_romi.obj
 0003:0003b468       _la_maleloc                100ad468     dtlkstat:ph_romi.obj
 0003:0003ba0c       _la_femloc                 100ada0c     dtlkstat:ph_romi.obj
 0003:0003bfb0       _la_f0glstp                100adfb0     dtlkstat:ph_romi.obj
 0003:0003bfc0       _la_f0_phrase_position     100adfc0     dtlkstat:ph_romi.obj
 0003:0003bfd0       _la_f0_stress_level        100adfd0     dtlkstat:ph_romi.obj
 0003:0003bfe0       _gr_inhdr                  100adfe0     dtlkstat:ph_romi.obj
 0003:0003c05c       _gr_mindur                 100ae05c     dtlkstat:ph_romi.obj
 0003:0003c0d8       _gr_burdr                  100ae0d8     dtlkstat:ph_romi.obj
 0003:0003c154       _gr_f0segtars              100ae154     dtlkstat:ph_romi.obj
 0003:0003c1d0       _gr_begtyp                 100ae1d0     dtlkstat:ph_romi.obj
 0003:0003c24c       _gr_endtyp                 100ae24c     dtlkstat:ph_romi.obj
 0003:0003c2c8       _gr_place                  100ae2c8     dtlkstat:ph_romi.obj
 0003:0003c344       _gr_featb                  100ae344     dtlkstat:ph_romi.obj
 0003:0003c410       _gr_maltar                 100ae410     dtlkstat:ph_romi.obj
 0003:0003c768       _gr_femtar                 100ae768     dtlkstat:ph_romi.obj
 0003:0003cac0       _gr_maldip                 100aeac0     dtlkstat:ph_romi.obj
 0003:0003cba4       _gr_femdip                 100aeba4     dtlkstat:ph_romi.obj
 0003:0003cc20       _gr_ptram                  100aec20     dtlkstat:ph_romi.obj
 0003:0003cc9c       _gr_malamp                 100aec9c     dtlkstat:ph_romi.obj
 0003:0003d150       _gr_femamp                 100af150     dtlkstat:ph_romi.obj
 0003:0003d604       _gr_plocu                  100af604     dtlkstat:ph_romi.obj
 0003:0003d7ec       _gr_maleloc                100af7ec     dtlkstat:ph_romi.obj
 0003:0003de44       _gr_femloc                 100afe44     dtlkstat:ph_romi.obj
 0003:0003e49c       _gr_f0glstp                100b049c     dtlkstat:ph_romi.obj
 0003:0003e4ac       _gr_f0_phrase_position     100b04ac     dtlkstat:ph_romi.obj
 0003:0003e4bc       _gr_f0_stress_level        100b04bc     dtlkstat:ph_romi.obj
 0003:0003e4cc       _fr_featb                  100b04cc     dtlkstat:ph_romi.obj
 0003:0003e5c4       _fr_inhdr                  100b05c4     dtlkstat:ph_romi.obj
 0003:0003e618       _fr_mindur                 100b0618     dtlkstat:ph_romi.obj
 0003:0003e66c       _fr_burdr                  100b066c     dtlkstat:ph_romi.obj
 0003:0003e6c0       _fr_begtyp                 100b06c0     dtlkstat:ph_romi.obj
 0003:0003e714       _fr_endtyp                 100b0714     dtlkstat:ph_romi.obj
 0003:0003e768       _Cibles_MALE               100b0768     dtlkstat:ph_romi.obj
 0003:0003ecfc       _Cibles_FEMALE             100b0cfc     dtlkstat:ph_romi.obj
 0003:0003f290       _fr_maleloc                100b1290     dtlkstat:ph_romi.obj
 0003:0003f618       _fr_femloc                 100b1618     dtlkstat:ph_romi.obj
 0003:0003f9a0       _fr_malamp                 100b19a0     dtlkstat:ph_romi.obj
 0003:0003fca4       _fr_ptram                  100b1ca4     dtlkstat:ph_romi.obj
 0003:0003fcf8       _fr_plocu                  100b1cf8     dtlkstat:ph_romi.obj
 0003:0003fdf0       _fr_place                  100b1df0     dtlkstat:ph_romi.obj
 0003:0003fe44       _getcosine                 100b1e44     dtlkstat:ph_romi.obj
 0003:0003fec4       _lineartilt                100b1ec4     dtlkstat:ph_romi.obj
 0003:0003ff04       _notetab                   100b1f04     dtlkstat:ph_romi.obj
 0003:0003ff50       _partyp                    100b1f50     dtlkstat:ph_romi.obj
 0003:0003ff60       _divtab                    100b1f60     dtlkstat:ph_romi.obj
 0003:0003ffc4       _parini                    100b1fc4     dtlkstat:ph_romi.obj
 0003:0003ffe4       _bounftab                  100b1fe4     dtlkstat:ph_romi.obj
 0003:0003fffc       _all_featb                 100b1ffc     dtlkstat:ph_romi.obj
 0003:0004007c       _all_place                 100b207c     dtlkstat:ph_romi.obj
 0003:000400fc       _all_begtyp                100b20fc     dtlkstat:ph_romi.obj
 0003:0004017c       _all_endtyp                100b217c     dtlkstat:ph_romi.obj
 0003:000401fc       _all_ptram                 100b21fc     dtlkstat:ph_romi.obj
 0003:0004027c       _all_burdr                 100b227c     dtlkstat:ph_romi.obj
 0003:000402fc       _all_plocu                 100b22fc     dtlkstat:ph_romi.obj
 0003:0004037c       _char_type_table           100b237c     dtlkstat:par_pars.obj
 0003:000403bc       _perform_action_funcs      100b23bc     dtlkstat:par_pars.obj
 0003:0004043c       _acna_lswtab               100b243c     dtlkstat:lsa_rtbi.obj
 0003:000445e0       _acna_lsbtab               100b65e0     dtlkstat:lsa_rtbi.obj
 0003:00049f58       _spell_it                  100bbf58     dtlkstat:ls_speli.obj
 0003:0004a200       _num_rule_sections         100bc200     dtlkstat:par_rule.obj
 0003:0004a204       _rule_sections             100bc204     dtlkstat:par_rule.obj
 0003:0004a210       _num_rules                 100bc210     dtlkstat:par_rule.obj
 0003:0004a214       _rule_index_table          100bc214     dtlkstat:par_rule.obj
 0003:0004a528       _rule_data_table           100bc528     dtlkstat:par_rule.obj
 0003:0004c8f8       _dict_point                100be8f8     dtlkstat:par_rule.obj
 0003:0004c9c8       _dict_index_table          100be9c8     dtlkstat:par_rule.obj
 0003:0004cfc8       _dict_data_table           100befc8     dtlkstat:par_rule.obj
 0003:0004deec       _noun_character_mapping_table 100bfeec     dtlkstat:par_rule.obj
 0003:0004e2fc       __pRawDllMain              100c02fc     mfcs42d:dllmodul.obj
 0003:0004e300       ??_R0?AVCNoTrackObject@@@8 100c0300     mfcs42d:dllmodul.obj
 0003:0004e320       ??_R0?AVAFX_MODULE_STATE@@@8 100c0320     mfcs42d:dllmodul.obj
 0003:0004e340       ??_R0?AV_AFX_DLL_MODULE_STATE@@@8 100c0340     mfcs42d:dllmodul.obj
 0003:0004e368       ?GUID_ATLVer30@ATL@@3U_GUID@@A 100c0368     mfcs42d:stdafx.obj
 0003:0004e380       ??_R0?AVtype_info@@@8      100c0380     msvcrtd:ti_inst.obj
 0003:0004e398       ?theApp@@3VCDECtalkApp@@A  100c0398     dtlkttsc.obj
 0003:0004e460       ?ghInstance@@3PAUHINSTANCE__@@A 100c0460     dtlkttsc.obj
 0003:0004e464       ?gEngObjectCount@@3KA      100c0464     dtlkttsc.obj
 0003:0004e468       ?gEngLockCount@@3KA        100c0468     dtlkttsc.obj
 0003:0004e46c       ?_init_CVoiceDef@@3UAFX_CLASSINIT@@A 100c046c     VoiceDef.obj
 0003:0004e510       _gnInstanceCounter         100c0510     dtlkstat:ttsapi.obj
 0003:0004e518       _tl_gnInstanceCounter      100c0518     dtlkstat:ttsapi.obj
 0003:0004e524       _gpufdic_index             100c0524     dtlkstat:ttsapi.obj
 0003:0004e528       _gpufdic_data              100c0528     dtlkstat:ttsapi.obj
 0003:0004e52c       _gufdic_entries            100c052c     dtlkstat:ttsapi.obj
 0003:0004e530       _gufdic_bytes              100c0530     dtlkstat:ttsapi.obj
 0003:0004e534       _gufdicMapObject           100c0534     dtlkstat:ttsapi.obj
 0003:0004e538       _gufdicFileHandle          100c0538     dtlkstat:ttsapi.obj
 0003:0004e53c       _gufdicMapStartAddr        100c053c     dtlkstat:ttsapi.obj
 0003:0004e540       _gpufordic_index           100c0540     dtlkstat:ttsapi.obj
 0003:0004e544       _gpufordic_data            100c0544     dtlkstat:ttsapi.obj
 0003:0004e548       _gufordic_entries          100c0548     dtlkstat:ttsapi.obj
 0003:0004e54c       _gufordic_bytes            100c054c     dtlkstat:ttsapi.obj
 0003:0004e550       _gufordicMapObject         100c0550     dtlkstat:ttsapi.obj
 0003:0004e554       _gufordicFileHandle        100c0554     dtlkstat:ttsapi.obj
 0003:0004e558       _gufordicMapStartAddr      100c0558     dtlkstat:ttsapi.obj
 0003:0004e55c       _fpODS_File                100c055c     dtlkstat:ttsapi.obj
 0003:0004ea8c       _WinLines                  100c0a8c     dtlkstat:Dbgwins.obj
 0003:0004ea90       _updated                   100c0a90     dtlkstat:Dbgwins.obj
 0003:0004ea94       _in_winmain                100c0a94     dtlkstat:Dbgwins.obj
 0003:0004ea98       _Thread_Alive              100c0a98     dtlkstat:Dbgwins.obj
 0003:0004eaa8       _val_tune                  100c0aa8     dtlkstat:ph_vdefi.obj
 0003:0004eaec       _pnone                     100c0aec     dtlkstat:lsa_coni.obj
 0003:0004eaf0       _oarcnt                    100c0af0     dtlkstat:ph_drwt0.obj
 0003:0004eaf4       _ramp_targf0               100c0af4     dtlkstat:ph_inton.obj
 0003:0004eaf8       _sp_femdip                 100c0af8     dtlkstat:ph_romi.obj
 0003:0004eafc       _la_femdip                 100c0afc     dtlkstat:ph_romi.obj
 0003:0004eb00       _noun_num_character_in_mapping 100c0b00     dtlkstat:par_rule.obj
 0003:0004eb04       _noun_number_of_conjunctions 100c0b04     dtlkstat:par_rule.obj
 0003:0004eb08       _noun_conjunction          100c0b08     dtlkstat:par_rule.obj
 0003:0004eb0c       _noun_index_table          100c0b0c     dtlkstat:par_rule.obj
 0003:0004eb10       _noun_data_table           100c0b10     dtlkstat:par_rule.obj
 0003:0004eb14       __afxForceEXCLUDE          100c0b14     mfcs42d:nolib.obj
 0003:0004fbbc       __afxForceUSRDLL           100c1bbc     mfcs42d:dllmodul.obj
 0003:0004fbc0       ?ATL_CREATE_OBJECT@CComApartment@ATL@@2IA 100c1bc0     mfcs42d:stdafx.obj
 0003:0004fbc8       ?m_libid@CComModule@ATL@@2U_GUID@@A 100c1bc8     mfcs42d:stdafx.obj
 0003:0004fbd8       ?_pModule@ATL@@3PAVCComModule@1@A 100c1bd8     mfcs42d:stdafx.obj
 0003:0004fbdc       __afxForceSTDAFX           100c1bdc     mfcs42d:stdafx.obj
 0003:0004fbe4       _ranadd                    100c1be4     <common>
 0003:0004fbe8       _noisec                    100c1be8     <common>
 0003:0004fbec       _ranmul                    100c1bec     <common>
 0003:0004fbf0       _radius                    100c1bf0     <common>
 0003:0004fbf2       _impulse_width_increment   100c1bf2     <common>
 0003:0004fbf4       _ramp_impulse_width        100c1bf4     <common>
 0003:0004fbf6       _temp_var                  100c1bf6     <common>
 0003:0004fbf8       _impulse_width             100c1bf8     <common>
 0003:0004fbfa       _targf0_increment          100c1bfa     <common>
 0003:0004fbfc       _diff_impulse_width        100c1bfc     <common>
 0003:0004fbfe       _test_targf0               100c1bfe     <common>
 0003:0004fc00       _vowel_portion             100c1c00     <common>
 0003:0004fc02       _ramp_delayf0              100c1c02     <common>
 0003:0004fc04       _diff_targf0               100c1c04     <common>
 0003:0004fc06       _phontemp                  100c1c06     <common>
 0003:0004fc08       _ii                        100c1c08     <common>
 0003:0004fc20       _name                      100c1c20     <common>
 0003:0004fc60       _name_size                 100c1c60     <common>
 0003:0004fc64       _i                         100c1c64     <common>
 0003:0004fc80       _WpfStrBuffer              100c1c80     <common>
 0003:0008e480       _DbgWindow                 10100480     <common>
 0003:0008e484       _DispLine                  10100484     <common>
 0003:0008e488       _CurrentLine               10100488     <common>
 0003:0008e490       _LanguageParamsArray       10100490     <common>
 0003:0008e498       __adjust_fdiv              10100498     <common>
 0003:0008e49c       ___onexitend               1010049c     <common>
 0003:0008e4a0       ___onexitbegin             101004a0     <common>

 entry point at        0001:0005f3d0

 Static symbols

 0001:00016080       _$E267                     10017080 f   VoiceDef.obj
 0001:000160a0       _$E266                     100170a0 f   VoiceDef.obj
 0001:00015970       _WaitForAudioSampleToPlay  10016970 f   sync.obj
 0001:000154f0       _spc_size                  100164f0 f   spc.obj
 0001:000153b0       _ModifyVolume              100163b0 f   services.obj
 0001:00014ac0       _Tone                      10015ac0 f   playtone.obj
 0001:0000da40       _$E270                     1000ea40 f   dtlkttsc.obj
 0001:0000da60       _$E267                     1000ea60 f   dtlkttsc.obj
 0001:0000da80       _$E269                     1000ea80 f   dtlkttsc.obj
 0001:0000daa0       _$E268                     1000eaa0 f   dtlkttsc.obj
 0001:00001cf0       _InitializeAudioParams     10002cf0 f   audqueue.obj
 0001:000022e0       _LinearToMuLaw             100032e0 f   audqueue.obj
 0001:00002380       _ResetAudioQueue           10003380 f   audqueue.obj
 0001:000024b0       _DestroyAudioObjects       100034b0 f   audqueue.obj
 0001:00002630       _TimerThreadMain@4         10003630 f   audqueue.obj
 0001:00054510       _wave_file_open            10055510 f   dtlkstat:cmd_wav.obj
 0001:0004ffb0       _get_stress_of_conson      10050fb0 f   dtlkstat:ph_sort.obj
 0001:00050180       _init_med_final            10051180 f   dtlkstat:ph_sort.obj
 0001:000502e0       _find_syll_to_stress       100512e0 f   dtlkstat:ph_sort.obj
 0001:00050410       _get_next_bound_type       10051410 f   dtlkstat:ph_sort.obj
 0001:000504f0       _move_stdangle             100514f0 f   dtlkstat:ph_sort.obj
 0001:00050970       _interp_user_f0            10051970 f   dtlkstat:ph_sort.obj
 0001:00050b50       _is_wboundary              10051b50 f   dtlkstat:ph_sort.obj
 0001:00050b80       _insertphone               10051b80 f   dtlkstat:ph_sort.obj
 0001:00050cc0       _raise_last_stress         10051cc0 f   dtlkstat:ph_sort.obj
 0001:00050d20       _zap_weaker_bound          10051d20 f   dtlkstat:ph_sort.obj
 0001:00050db0       _delete_symbol             10051db0 f   dtlkstat:ph_sort.obj
 0001:00050eb0       _make_phone                10051eb0 f   dtlkstat:ph_sort.obj
 0001:00050f60       _add_feature               10051f60 f   dtlkstat:ph_sort.obj
 0001:0004ec80       _remaining_stresses_til    1004fc80 f   dtlkstat:ph_aloph.obj
 0001:0004ed60       _promote_last_2            1004fd60 f   dtlkstat:ph_aloph.obj
 0001:0004eea0       _make_out_phonol           1004fea0 f   dtlkstat:ph_aloph.obj
 0001:0004d900       _init_timing               1004e900 f   dtlkstat:ph_timng.obj
 0001:0004c390       _make_f0_command           1004d390 f   dtlkstat:ph_inton.obj
 0001:0003f600       _us_forw_smooth_rules      10040600 f   dtlkstat:ph_setar.obj
 0001:0003ffa0       _us_back_smooth_rules      10040fa0 f   dtlkstat:ph_setar.obj
 0001:00040a30       _us_special_rules          10041a30 f   dtlkstat:ph_setar.obj
 0001:00040f80       _uk_forw_smooth_rules      10041f80 f   dtlkstat:ph_setar.obj
 0001:00041920       _uk_back_smooth_rules      10042920 f   dtlkstat:ph_setar.obj
 0001:000423b0       _uk_special_rules          100433b0 f   dtlkstat:ph_setar.obj
 0001:000428d0       _sp_forw_smooth_rules      100438d0 f   dtlkstat:ph_setar.obj
 0001:00043270       _sp_back_smooth_rules      10044270 f   dtlkstat:ph_setar.obj
 0001:00043c70       _sp_special_rules          10044c70 f   dtlkstat:ph_setar.obj
 0001:000440e0       _la_forw_smooth_rules      100450e0 f   dtlkstat:ph_setar.obj
 0001:00044a80       _la_back_smooth_rules      10045a80 f   dtlkstat:ph_setar.obj
 0001:00045480       _la_special_rules          10046480 f   dtlkstat:ph_setar.obj
 0001:000458b0       _gr_forw_smooth_rules      100468b0 f   dtlkstat:ph_setar.obj
 0001:000460b0       _gr_back_smooth_rules      100470b0 f   dtlkstat:ph_setar.obj
 0001:000469b0       _gr_special_rules          100479b0 f   dtlkstat:ph_setar.obj
 0001:00046e30       _fr_forw_smooth_rules      10047e30 f   dtlkstat:ph_setar.obj
 0001:00047770       _fr_back_smooth_rules      10048770 f   dtlkstat:ph_setar.obj
 0001:000481e0       _fr_special_rules          100491e0 f   dtlkstat:ph_setar.obj
 0001:00048460       _setloc                    10049460 f   dtlkstat:ph_setar.obj
 0001:000489a0       _vv_coartic_across_c       100499a0 f   dtlkstat:ph_setar.obj
 0001:00048b90       _us_special_coartic        10049b90 f   dtlkstat:ph_setar.obj
 0001:00048ee0       _sp_special_coartic        10049ee0 f   dtlkstat:ph_setar.obj
 0001:00049000       _span_spec_coart           1004a000 f   dtlkstat:ph_setar.obj
 0001:000494c0       _la_special_coartic        1004a4c0 f   dtlkstat:ph_setar.obj
 0001:000495e0       _la_spec_coart             1004a5e0 f   dtlkstat:ph_setar.obj
 0001:00049aa0       _gr_special_coartic        1004aaa0 f   dtlkstat:ph_setar.obj
 0001:00049f40       _make_dip                  1004af40 f   dtlkstat:ph_setar.obj
 0001:0004a440       _shrdur                    1004b440 f   dtlkstat:ph_setar.obj
 0001:0004a540       _init_variables            1004b540 f   dtlkstat:ph_setar.obj
 0001:0003b240       _set_user_target           1003c240 f   dtlkstat:ph_drwt0.obj
 0001:0003b440       _set_tglst                 1003c440 f   dtlkstat:ph_drwt0.obj
 0001:0003b700       _filter_commands           1003c700 f   dtlkstat:ph_drwt0.obj
 0001:0003b7c0       _filter_seg_commands       1003c7c0 f   dtlkstat:ph_drwt0.obj
 0001:0003b8a0       _linear_interp             1003c8a0 f   dtlkstat:ph_drwt0.obj
 0001:0002fe50       _OpenDbgLogFile            10030e50 f   dtlkstat:cm_copt.obj
 0001:0002fea0       _CloseDbgLogFile           10030ea0 f   dtlkstat:cm_copt.obj
 0001:0002ddd0       _ph_syllab                 1002edd0 f   dtlkstat:ph_syl.obj
 0001:0002e110       _syl_find_affix            1002f110 f   dtlkstat:ph_syl.obj
 0001:0002e220       _syl_clause_init           1002f220 f   dtlkstat:ph_syl.obj
 0001:0002e2b0       _speak_syllable            1002f2b0 f   dtlkstat:ph_syl.obj
 0001:0002cc20       _init_clause               1002dc20 f   dtlkstat:ph_claus.obj
 0001:0002cd70       _init_pars                 1002dd70 f   dtlkstat:ph_claus.obj
 0001:0002cdc0       _exit_if_done              1002ddc0 f   dtlkstat:ph_claus.obj
 0001:0002ce60       _send_pars                 1002de60 f   dtlkstat:ph_claus.obj
 0001:0001b500       _StartDecTalkSystemThread  1001c500 f   dtlkstat:ttsapi.obj
 0001:0001b650       _DeleteTextToSpeechObjects 1001c650 f   dtlkstat:ttsapi.obj
 0001:0001d550       _WaitForTextQueuingToComplete 1001e550 f   dtlkstat:ttsapi.obj
 0001:0001e900       _GetBuffer                 1001f900 f   dtlkstat:ttsapi.obj
 0001:0001f1a0       _SetSpeaker                100201a0 f   dtlkstat:ttsapi.obj
 0001:0001f1f0       _TextToSpeechThreadMain@4  100201f0 f   dtlkstat:ttsapi.obj
 0001:0001f270       _InitTextToSpeechWindow    10020270 f   dtlkstat:ttsapi.obj
 0001:0001f370       _TextToSpeechWndProc@16    10020370 f   dtlkstat:ttsapi.obj
 0001:0001f410       _Process_TTS_Message       10020410 f   dtlkstat:ttsapi.obj
 0001:0001fa40       _FixMemoryLockup           10020a40 f   dtlkstat:ttsapi.obj
 0001:0001fd80       _WaitForEmptyPipes         10020d80 f   dtlkstat:ttsapi.obj
 0001:0005ecc0       _$E375                     1005fcc0 f   mfcs42d:dllmodul.obj
 0001:0005ecd0       _$E372                     1005fcd0 f   mfcs42d:dllmodul.obj
 0001:0005ed60       _$E374                     1005fd60 f   mfcs42d:dllmodul.obj
 0001:0005ed80       _$E373                     1005fd80 f   mfcs42d:dllmodul.obj
 0001:0005f220       MORE32                     10060220 f   msvcrtd:ullshr.obj
 0001:0005f22a       RETZERO                    1006022a f   msvcrtd:ullshr.obj
 0001:0005f1e0       _$$$00001                  100601e0 f   msvcrtd:chkstk.obj
 0001:0005f1ec       probepages                 100601ec f   msvcrtd:chkstk.obj
 0001:0005f200       lastpage                   10060200 f   msvcrtd:chkstk.obj
 0001:0005f1b0       MORE32                     100601b0 f   msvcrtd:llshl.obj
 0001:0005f1ba       RETZERO                    100601ba f   msvcrtd:llshl.obj
