***** External Functions *****
1    AppSearch                                          isrt.obl(Driver.obs)
2    AskOptions                                         isrt.obl(AskOptions.obs)
3    AskYesNo                                           isrt.obl(AskYesNo.obs)
4    CCPSearch                                          isrt.obl(Driver.obs)
5    ChangeDirectory                                    isrt.obl(Files.obs)
6    CloseFile                                          isrt.obl(Files.obs)
7    CmdGetHwndDlg                                      isrt.obl(CustomDlg.obs)
8    ComponentCompareSizeRequired                       isrt.obl(component.obs)
9    ComponentErrorInfo                                 isrt.obl(component.obs)
10   ComponentFilterLanguage                            isrt.obl(component.obs)
11   ComponentFilterOS                                  isrt.obl(component.obs)
12   ComponentGetData                                   isrt.obl(component.obs)
13   ComponentGetTotalCost                              isrt.obl(component.obs)
14   ComponentIsItemSelected                            isrt.obl(component.obs)
15   ComponentListItems                                 isrt.obl(component.obs)
16   ComponentReinstall                                 isrt.obl(component.obs)
17   ComponentRemoveAll                                 isrt.obl(component.obs)
18   ComponentSaveTarget                                isrt.obl(component.obs)
19   ComponentSelectItem                                isrt.obl(component.obs)
20   ComponentSetData                                   isrt.obl(component.obs)
21   ComponentSetTarget                                 isrt.obl(component.obs)
22   ComponentSetupTypeEnum                             isrt.obl(component.obs)
23   ComponentSetupTypeGetData                          isrt.obl(component.obs)
24   ComponentSetupTypeSet                              isrt.obl(component.obs)
25   ComponentTransferData                              isrt.obl(component.obs)
26   ComponentTreeInit                                  isrt.obl(Dialogs.obs)
27   CreateDir                                          isrt.obl(Files.obs)
28   CreateFile                                         isrt.obl(Files.obs)
29   CreateInstallationInfo                             isrt.obl(Registry.obs)
30   CreateRegistrySet                                  isrt.obl(component.obs)
31   CtrlGetCurSel                                      isrt.obl(CustomDlg.obs)
32   CtrlGetNotificationCode                            isrt.obl(CustomDlg.obs)
33   CtrlGetState                                       isrt.obl(CustomDlg.obs)
34   CtrlGetSubCommand                                  isrt.obl(CustomDlg.obs)
35   CtrlGetText                                        isrt.obl(CustomDlg.obs)
36   CtrlPGroups                                        isrt.obl(CustomDlg.obs)
37   CtrlSelectText                                     isrt.obl(CustomDlg.obs)
38   CtrlSetCurSel                                      isrt.obl(CustomDlg.obs)
39   CtrlSetList                                        isrt.obl(CustomDlg.obs)
40   CtrlSetMLEText                                     isrt.obl(CustomDlg.obs)
41   CtrlSetState                                       isrt.obl(CustomDlg.obs)
42   CtrlSetText                                        isrt.obl(CustomDlg.obs)
43   DefineDialog                                       isrt.obl(CustomDlg.obs)
44   DeleteFile                                         isrt.obl(Files.obs)
45   DialogSetDefaultFont                               isrt.obl(Dialogs.obs)
46   DialogSetFont                                      isrt.obl(Dialogs.obs)
47   DialogSetInfo                                      isrt.obl(Dialogs.obs)
48   Disable                                            isrt.obl(Enable.obs)
49   DiskSizeToStr                                      isrt.obl(SDINT.obs)
50   Divide                                             isrt.obl(Misc.obs)
51   DllSizeOf                                          isrt.obl(Str.obs)
52   Do                                                 isrt.obl(Misc.obs)
53   DoInstall                                          isrt.obl(component.obs)
54   Enable                                             isrt.obl(Enable.obs)
55   EndDialog                                          isrt.obl(CustomDlg.obs)
56   EnterDisk                                          isrt.obl(EnterDisk.obs)
57   ExistsDir                                          isrt.obl(Files.obs)
58   ExistsDisk                                         isrt.obl(Files.obs)
59   ExitInstall                                        isrt.obl(Driver.obs)
60   EzDefineDialog                                     isrt.obl(CustomDlg.obs)
61   FinalConstruct                                     ifx.obl(Events.obs)
62   FinalRelease                                       ifx.obl(Events.obs)
63   FindFile                                           isrt.obl(Files.obs)
64   FormatMessage                                      isrt.obl(Misc.obs)
65   GDI32.CreateRectRgn                                isrt.obl(AskDestPath.obs)
66   GDI32.GetDeviceCaps                                isrt.obl(AskDestPath.obs)
67   GetBillboard                                       isrt.obl(SysVars.obs)
68   GetCommonFiles                                     isrt.obl(SysVars.obs)
69   GetDialogTitle                                     isrt.obl(Dialogs.obs)
70   GetDir                                             isrt.obl(Str.obs)
71   GetDisk                                            isrt.obl(Str.obs)
72   GetDiskSpace                                       isrt.obl(GSI.obs)
73   GetDiskSpaceEx                                     isrt.obl(GSI.obs)
74   GetErrorMsg                                        isrt.obl(Dialogs.obs)
75   GetErrorTitle                                      isrt.obl(Dialogs.obs)
76   GetExtents                                         isrt.obl(GSI.obs)
77   GetFolderNameList                                  isrt.obl(Shell.obs)
78   GetFolderPrograms                                  isrt.obl(SysVars.obs)
79   GetISRes                                           isrt.obl(SysVars.obs)
80   GetLog                                             isrt.obl(SysVars.obs)
81   GetMaintenance                                     isrt.obl(SysVars.obs)
82   GetOpenFileMode                                    isrt.obl(Files.obs)
83   GetProductGUID                                     isrt.obl(SysVars.obs)
84   GetProfString                                      isrt.obl(Profile.obs)
85   GetProgramFiles                                    isrt.obl(SysVars.obs)
86   GetSelectedLanguage                                isrt.obl(SysVars.obs)
87   GetSelectedTreeComponent                           isrt.obl(CmptView.obs)
88   GetSupportDir                                      isrt.obl(SysVars.obs)
89   GetSystemInfo                                      isrt.obl(GSI.obs)
90   GetWinDir                                          isrt.obl(SysVars.obs)
91   GetWinSysDir                                       isrt.obl(SysVars.obs)
92   GetWindowHandle                                    isrt.obl(Misc.obs)
93   HIWORD                                             isrt.obl(Misc.obs)
94   HexStrToNum                                        isrt.obl(Str.obs)
95   ISDeterminePlatform                                isrt.obl(OsInfo.obs)
96   ISMIF32.InstallStatusMIF                           isrt.obl(MIF.obs)
97   ISRT.ComponentViewSetInfoEx                        isrt.obl(Dialogs.obs)
98   ISRT.EnableHourGlass                               isrt.obl(Enable.obs)
99   ISRT.EnumFoldersItems                              isrt.obl(Shell.obs)
100  ISRT.GetCPUType                                    isrt.obl(GSI.obs)
101  ISRT.GetFontSub                                    isrt.obl(Dialogs.obs)
102  ISRT.GetHandle                                     Setup.Obs
103  ISRT.GetPorts                                      isrt.obl(GSI.obs)
104  ISRT.IsEmpty                                       Setup.Obs
105  ISRT.IsNTAdmin                                     isrt.obl(Is.obs)
106  ISRT.IsObject                                      Setup.Obs
107  ISRT.LangLoadString                                isrt.obl(SDINT.obs)
108  ISRT.LnchAppAndWait                                isrt.obl(Extend.obs)
109  ISRT.MessageBeepP                                  Setup.Obs
110  ISRT.PathCompactPathPixel                          isrt.obl(CustomDlg.obs)
111  ISRT.PathGetDir                                    isrt.obl(Str.obs)
112  ISRT.PathGetDrive                                  isrt.obl(Str.obs)
113  ISRT.PathGetFile                                   isrt.obl(Str.obs)
114  ISRT.PathGetFileExt                                isrt.obl(Str.obs)
115  ISRT.PathGetFileName                               isrt.obl(Str.obs)
116  ISRT.PathGetLongFromShort                          isrt.obl(Str.obs)
117  ISRT.PathGetPath                                   isrt.obl(Str.obs)
118  ISRT.PathGetSpecialFolder                          isrt.obl(SysVars.obs)
119  ISRT.PathIsValidSyntax                             isrt.obl(Is.obs)
120  ISRT._AppSearch                                    Setup.Obs
121  ISRT._BrowseForFolder                              isrt.obl(SelectDir.obs)
122  ISRT._CCPSearch                                    Setup.Obs
123  ISRT._CleanupInet                                  isrt.obl(MIO.obs)
124  ISRT._CloseFile                                    isrt.obl(Files.obs)
125  ISRT._CmdGetHwndDlg                                isrt.obl(CustomDlg.obs)
126  ISRT._ComponentCompareSizeRequired                 isrt.obl(component.obs)
127  ISRT._ComponentErrorInfo                           isrt.obl(component.obs)
128  ISRT._ComponentFilterLanguage                      isrt.obl(component.obs)
129  ISRT._ComponentFilterOS                            isrt.obl(component.obs)
130  ISRT._ComponentGetData                             isrt.obl(component.obs)
131  ISRT._ComponentGetTotalCost                        isrt.obl(component.obs)
132  ISRT._ComponentIsItemSelected                      isrt.obl(component.obs)
133  ISRT._ComponentListItems                           isrt.obl(component.obs)
134  ISRT._ComponentReinstall                           isrt.obl(component.obs)
135  ISRT._ComponentRemoveAll                           isrt.obl(component.obs)
136  ISRT._ComponentSaveTarget                          isrt.obl(component.obs)
137  ISRT._ComponentSelectItem                          isrt.obl(component.obs)
138  ISRT._ComponentSetData                             isrt.obl(component.obs)
139  ISRT._ComponentSetupTypeEnum                       isrt.obl(component.obs)
140  ISRT._ComponentSetupTypeGetData                    isrt.obl(component.obs)
141  ISRT._ComponentSetupTypeSet                        isrt.obl(component.obs)
142  ISRT._ComponentTransferData                        isrt.obl(component.obs)
143  ISRT._CreateDir                                    isrt.obl(Files.obs)
144  ISRT._CreateRegistrySet                            isrt.obl(component.obs)
145  ISRT._CtrlGetNotificationCode                      isrt.obl(CustomDlg.obs)
146  ISRT._CtrlGetSubCommand                            isrt.obl(CustomDlg.obs)
147  ISRT._DefineDialog                                 isrt.obl(CustomDlg.obs)
148  ISRT._DialogSetFont                                isrt.obl(Dialogs.obs)
149  ISRT._DisableStatus                                isrt.obl(Enable.obs)
150  ISRT._Divide                                       isrt.obl(Misc.obs)
151  ISRT._DoInstall                                    isrt.obl(component.obs)
152  ISRT._DoSprintf                                    isrt.obl(MsgBox.obs)
153  ISRT._EnableDialogCache                            isrt.obl(Enable.obs)
154  ISRT._EnablePrevDialog                             isrt.obl(AskDestPath.obs)
155  ISRT._EnableStatus                                 isrt.obl(Enable.obs)
156  ISRT._EndDialog                                    isrt.obl(CustomDlg.obs)
157  ISRT._ExistsDir                                    isrt.obl(Files.obs)
158  ISRT._ExistsDisk                                   isrt.obl(Files.obs)
159  ISRT._ExistsFile                                   isrt.obl(Files.obs)
160  ISRT._ExitInstall                                  Setup.Obs
161  ISRT._GetDiskSpaceEx                               isrt.obl(GSI.obs)
162  ISRT._GetGlobalMemorySize                          isrt.obl(GSI.obs)
163  ISRT._GetSelectedTreeComponent                     isrt.obl(CmptView.obs)
164  ISRT._GetSupportDir                                isrt.obl(SysVars.obs)
165  ISRT._InetEndofTransfer                            isrt.obl(iftw.obs)
166  ISRT._InetGetLastError                             isrt.obl(iftw.obs)
167  ISRT._InetGetNextDisk                              isrt.obl(iftw.obs)
168  ISRT._InitInstall                                  Setup.Obs
169  ISRT._ListAddItem                                  isrt.obl(scrlist.obs)
170  ISRT._ListAddString                                isrt.obl(scrlist.obs)
171  ISRT._ListCount                                    isrt.obl(scrlist.obs)
172  ISRT._ListCreate                                   isrt.obl(scrlist.obs)
173  ISRT._ListCurrentString                            isrt.obl(scrlist.obs)
174  ISRT._ListDeleteString                             isrt.obl(scrlist.obs)
175  ISRT._ListDestroy                                  isrt.obl(scrlist.obs)
176  ISRT._ListFindString                               isrt.obl(scrlist.obs)
177  ISRT._ListGetFirstItem                             isrt.obl(scrlist.obs)
178  ISRT._ListGetFirstString                           isrt.obl(scrlist.obs)
179  ISRT._ListGetNextItem                              isrt.obl(scrlist.obs)
180  ISRT._ListGetNextString                            isrt.obl(scrlist.obs)
181  ISRT._ListGetType                                  isrt.obl(scrlist.obs)
182  ISRT._ListReadFromFile                             isrt.obl(scrlist.obs)
183  ISRT._ListSetIndex                                 isrt.obl(scrlist.obs)
184  ISRT._OpenFile                                     isrt.obl(Files.obs)
185  ISRT._Rebooted                                     Setup.Obs
186  ISRT._RegCreateKey                                 isrt.obl(Registry.obs)
187  ISRT._RegDeleteValue                               isrt.obl(Registry.obs)
188  ISRT._RegQueryKeyBinaryValue                       isrt.obl(Registry.obs)
189  ISRT._RegQueryKeyValue                             isrt.obl(Registry.obs)
190  ISRT._RegSetKeyBinaryValue                         isrt.obl(Registry.obs)
191  ISRT._RegSetKeyValue                               isrt.obl(Registry.obs)
192  ISRT._ReleaseDialog                                isrt.obl(CustomDlg.obs)
193  ISRT._SdShowMsg                                    isrt.obl(SDSMSG.obs)
194  ISRT._SetAltMainImage                              isrt.obl(Dialogs.obs)
195  ISRT._SetDisplayEffect                             isrt.obl(ui.obs)
196  ISRT._SetPaletteFile                               isrt.obl(MIO.obs)
197  ISRT._SetTitle                                     isrt.obl(ui.obs)
198  ISRT._SetupInet                                    isrt.obl(MIO.obs)
199  ISRT._ShowObjWizardPages                           isrt.obl(Objects.obs)
200  ISRT._ShowWizardPages                              Setup.Obs
201  ISRT._StatusUpdate                                 isrt.obl(ui.obs)
202  ISRT._TreeViewCreate                               isrt.obl(CmptView.obs)
203  ISRT._WaitOnDialog                                 isrt.obl(CustomDlg.obs)
204  ISRT._WriteLine                                    isrt.obl(Files.obs)
205  ISRT.__CreateObjectContext                         isrt.obl(ISRTInit.obs)
206  ISRT.__GetCmdLineOptions                           isrt.obl(ISRTInit.obs)
207  ISRT.__GetContextGUID                              isrt.obl(ISRTInit.obs)
208  ISRT.__GetFileRegistrar                            isrt.obl(ISRTInit.obs)
209  ISRT.__GetInfo                                     isrt.obl(ISRTInit.obs)
210  ISRT.__GetLog                                      isrt.obl(SysVars.obs)
211  ISRT.__GetLogDB                                    isrt.obl(ISRTInit.obs)
212  ISRT.__GetMainWindow                               Setup.Obs
213  ISRT.__GetMaintenanceMode                          isrt.obl(SysVars.obs)
214  ISRT.__GetObjects                                  isrt.obl(ISRTInit.obs)
215  ISRT.__GetProductGuid                              isrt.obl(SysVars.obs)
216  ISRT.__GetProgress                                 Setup.Obs
217  ISRT.__GetReboot                                   isrt.obl(ISRTInit.obs)
218  ISRT.__GetTextSub                                  isrt.obl(ISRTInit.obs)
219  ISRT.__GetUser                                     isrt.obl(MIO.obs)
220  ISRT.__ISRTGetPropertyBag                          ifx.obl(PersistPropertyBag.obs)
221  ISRT.__ISRTReleasePropertyBag                      ifx.obl(PersistPropertyBag.obs)
222  ISRT.__LoadString                                  isrt.obl(LoadStr.obs)
223  ISRT.__ReleaseObjectContext                        isrt.obl(ISRTInit.obs)
224  ISRT.__RestoreMainLog                              isrt.obl(ISRTInit.obs)
225  ISRT.__SetComponentLog                             isrt.obl(ISRTInit.obs)
226  IfxFilterComponents                                ifx.obl(MoveData.obs)
227  IfxFinalConstruct                                  ifx.obl(EventsMIO.obs)
228  IfxFinalRelease                                    ifx.obl(EventsMIO.obs)
229  IfxInitProperties                                  ifx.obl(PersistPropertyBag.obs)
230  IfxMoveFileData                                    ifx.obl(MoveData.obs)
231  IfxOnAbortInstall                                  ifx.obl(Events.obs)
232  IfxOnAppSearch                                     ifx.obl(Events.obs)
233  IfxOnCCPSearch                                     ifx.obl(Events.obs)
234  IfxOnCanceling                                     ifx.obl(Events.obs)
235  IfxOnDisk1Installed                                ifx.obl(EventsMIO.obs)
236  IfxOnDisk1Installing                               ifx.obl(EventsMIO.obs)
237  IfxOnExitInstall                                   ifx.obl(EventsMIO.obs)
238  IfxOnFileError                                     ifx.obl(Exceptions.obs)
239  IfxOnFileLocked                                    ifx.obl(Exceptions.obs)
240  IfxOnFileReadOnly                                  ifx.obl(Exceptions.obs)
241  IfxOnHelp                                          ifx.obl(Events.obs)
242  IfxOnInitInstall                                   ifx.obl(EventsMIO.obs)
243  IfxOnInternetError                                 ifx.obl(Exceptions.obs)
244  IfxOnMD5Error                                      ifx.obl(Exceptions.obs)
245  IfxOnNextDisk                                      ifx.obl(Exceptions.obs)
246  IfxOnRebooted                                      ifx.obl(Events.obs)
247  IfxOnRemovingSharedFile                            ifx.obl(Exceptions.obs)
248  IfxOnShowWizardPages                               ifx.obl(UserInterfaceMIO.obs)
249  IfxOnTransferred                                   ifx.obl(Events.obs)
250  IfxOnTransferring                                  ifx.obl(EventsMIO.obs)
251  IfxOnUnhandledException                            ifx.obl(Events.obs)
252  IfxReadProperties                                  ifx.obl(PersistPropertyBag.obs)
253  IfxRunAfterReboot                                  ifx.obl(Driver.obs)
254  IfxWriteProperties                                 ifx.obl(PersistPropertyBag.obs)
255  InetEndofTransfer                                  isrt.obl(iftw.obs)
256  InetErrorDisplayMode                               isrt.obl(iftw.obs)
257  InetGetLastError                                   isrt.obl(iftw.obs)
258  InetNextDisk                                       isrt.obl(iftw.obs)
259  InitInstall                                        isrt.obl(Driver.obs)
260  InitProperties                                     ifx.obl(PersistPropertyBag.obs)
261  Is                                                 isrt.obl(Is.obs)
262  IsInetInstall                                      isrt.obl(iftw.obs)
263  KERNEL.GetModuleHandle                             Setup.Obs
264  KERNEL32.CloseHandle                               isrt.obl(AskDestPath.obs)
265  KERNEL32.CreateFileA                               isrt.obl(AskDestPath.obs)
266  KERNEL32.DeleteFileA                               isrt.obl(AskDestPath.obs)
267  KERNEL32.FindClose                                 isrt.obl(AskDestPath.obs)
268  KERNEL32.FindFirstFileA                            isrt.obl(AskDestPath.obs)
269  KERNEL32.FindNextFileA                             isrt.obl(AskDestPath.obs)
270  KERNEL32.FormatMessageA                            isrt.obl(AskDestPath.obs)
271  KERNEL32.GetDriveType                              isrt.obl(AskDestPath.obs)
272  KERNEL32.GetFileAttributesA                        isrt.obl(AskDestPath.obs)
273  KERNEL32.GetLocalTime                              isrt.obl(AskDestPath.obs)
274  KERNEL32.GetLocaleInfo                             isrt.obl(AskDestPath.obs)
275  KERNEL32.GetPrivateProfileString                   isrt.obl(AskDestPath.obs)
276  KERNEL32.GetPrivateProfileStringA                  isrt.obl(AskDestPath.obs)
277  KERNEL32.GetProfileStringA                         isrt.obl(AskDestPath.obs)
278  KERNEL32.GetShortPathNameA                         isrt.obl(AskDestPath.obs)
279  KERNEL32.GetSystemDefaultLCID                      isrt.obl(AskDestPath.obs)
280  KERNEL32.GetUserDefaultLangID                      isrt.obl(AskDestPath.obs)
281  KERNEL32.GetVersion                                isrt.obl(AskDestPath.obs)
282  KERNEL32.GetVersionEx                              isrt.obl(AskDestPath.obs)
283  KERNEL32.GetVolumeInformation                      isrt.obl(AskDestPath.obs)
284  KERNEL32.GetWindowsDirectory                       isrt.obl(AskDestPath.obs)
285  KERNEL32.SetCurrentDirectoryA                      isrt.obl(AskDestPath.obs)
286  KERNEL32.SetFileAttributesA                        isrt.obl(AskDestPath.obs)
287  KERNEL32.WritePrivateProfileString                 isrt.obl(AskDestPath.obs)
288  KERNEL32.WritePrivateProfileStringA                isrt.obl(AskDestPath.obs)
289  KERNEL32.WriteProfileStringA                       isrt.obl(AskDestPath.obs)
290  KERNEL32.lstrlen                                   isrt.obl(AskDestPath.obs)
291  LOWORD                                             isrt.obl(Misc.obs)
292  LaunchApp                                          isrt.obl(Extend.obs)
293  LaunchAppAndWait                                   isrt.obl(Extend.obs)
294  ListAddItem                                        isrt.obl(scrlist.obs)
295  ListAddString                                      isrt.obl(scrlist.obs)
296  ListCount                                          isrt.obl(scrlist.obs)
297  ListCreate                                         isrt.obl(scrlist.obs)
298  ListCurrentString                                  isrt.obl(scrlist.obs)
299  ListDeleteString                                   isrt.obl(scrlist.obs)
300  ListDestroy                                        isrt.obl(scrlist.obs)
301  ListFindString                                     isrt.obl(scrlist.obs)
302  ListGetFirstItem                                   isrt.obl(scrlist.obs)
303  ListGetFirstString                                 isrt.obl(scrlist.obs)
304  ListGetNextItem                                    isrt.obl(scrlist.obs)
305  ListGetNextString                                  isrt.obl(scrlist.obs)
306  ListGetType                                        isrt.obl(scrlist.obs)
307  ListReadFromFile                                   isrt.obl(scrlist.obs)
308  ListSetIndex                                       isrt.obl(scrlist.obs)
309  LongPathFromShortPath                              isrt.obl(Str.obs)
310  LongPathToQuote                                    isrt.obl(Str.obs)
311  LongPathToShortPath                                isrt.obl(Str.obs)
312  MAKELONG                                           isrt.obl(Misc.obs)
313  MIFCreateMIFFile                                   isrt.obl(MIF.obs)
314  MIFDeleteMIFFile                                   isrt.obl(MIF.obs)
315  MIFInitialize                                      isrt.obl(MIF.obs)
316  MIFSetInformation                                  isrt.obl(MIF.obs)
317  MIFUnInitialize                                    isrt.obl(MIF.obs)
318  MIFWasSetInformationCalled                         isrt.obl(MIF.obs)
319  MIOShutdown                                        isrt.obl(MIO.obs)
320  MIOStartup                                         isrt.obl(MIO.obs)
321  MaintenanceStart                                   isrt.obl(Registry.obs)
322  MessageBeep                                        isrt.obl(Misc.obs)
323  MessageBox                                         isrt.obl(MsgBox.obs)
324  OnAbort                                            ifx.obl(Events.obs)
325  OnAppSearch                                        ifx.obl(Events.obs)
326  OnBegin                                            Setup.Obs
327  OnCCPSearch                                        ifx.obl(Events.obs)
328  OnCanceling                                        ifx.obl(EventsMIO.obs)
329  OnComponentError                                   ifx.obl(Exceptions.obs)
330  OnEnd                                              Setup.Obs
331  OnFileError                                        ifx.obl(Exceptions.obs)
332  OnFileLocked                                       Setup.Obs
333  OnFileReadOnly                                     ifx.obl(Exceptions.obs)
334  OnFirstUIAfter                                     Setup.Obs
335  OnFirstUIBefore                                    Setup.Obs
336  OnHelp                                             ifx.obl(Events.obs)
337  OnInternetError                                    ifx.obl(Exceptions.obs)
338  OnMD5Error                                         ifx.obl(Exceptions.obs)
339  OnMaintUIAfter                                     Setup.Obs
340  OnMaintUIBefore                                    Setup.Obs
341  OnMoved                                            ifx.obl(Events.obs)
342  OnMoving                                           Setup.Obs
343  OnNextDisk                                         ifx.obl(Exceptions.obs)
344  OnRebooted                                         ifx.obl(Events.obs)
345  OnRemovingSharedFile                               ifx.obl(Exceptions.obs)
346  OnSelfRegistrationError                            ifx.obl(Events.obs)
347  OnUnhandledException                               ifx.obl(Events.obs)
348  OpenFileMode                                       isrt.obl(Files.obs)
349  ParsePath                                          isrt.obl(Str.obs)
350  ProgDefGroupType                                   isrt.obl(Shell.obs)
351  ProgGetGroupType                                   isrt.obl(Shell.obs)
352  PthFixPath                                         isrt.obl(Pth.obs)
353  PthIsAbsPath                                       isrt.obl(Pth.obs)
354  ReadProperties                                     ifx.obl(PersistPropertyBag.obs)
355  Rebooted                                           isrt.obl(Driver.obs)
356  RegDBDeleteValue                                   isrt.obl(Registry.obs)
357  RegDBInit                                          isrt.obl(Registry.obs)
358  RegDBQueryValue                                    isrt.obl(Registry.obs)
359  RegDBSetDefaultRoot                                isrt.obl(Registry.obs)
360  RegDBSetItem                                       isrt.obl(Registry.obs)
361  RegDBSetKeyValueEx                                 isrt.obl(Registry.obs)
362  RegDBSetValue                                      isrt.obl(Registry.obs)
363  ReleaseDialog                                      isrt.obl(CustomDlg.obs)
364  SdAskDestPath                                      isrt.obl(SDADPATH.obs)
365  SdCloseDlg                                         isrt.obl(SDINT.obs)
366  SdComponentDlgCheckSpace                           isrt.obl(SDINT.obs)
367  SdComponentTree                                    isrt.obl(SDCOMTREE.obs)
368  SdDlgToTop                                         isrt.obl(SDINT.obs)
369  SdDoStdButton                                      isrt.obl(SDINT.obs)
370  SdEnablement                                       isrt.obl(SDINT.obs)
371  SdError                                            isrt.obl(SDINT.obs)
372  SdExceptions                                       isrt.obl(SdExceptions.obs)
373  SdFinish                                           isrt.obl(SDFINISH.obs)
374  SdFinishEx                                         isrt.obl(SdFinishEx.obs)
375  SdFinishReboot                                     isrt.obl(SDFINBOT.obs)
376  SdGeneralInit                                      isrt.obl(SDINT.obs)
377  SdGetUserCompanyInfo                               isrt.obl(SDINT.obs)
378  SdInit                                             isrt.obl(SDINT.obs)
379  SdIsShellExplorer                                  isrt.obl(SDINT.obs)
380  SdIsStdButton                                      isrt.obl(SDINT.obs)
381  SdLicense                                          isrt.obl(SDLIC.obs)
382  SdLoadString                                       isrt.obl(SDINT.obs)
383  SdMakeName                                         isrt.obl(SDINT.obs)
384  SdPlugInProductName                                isrt.obl(SDINT.obs)
385  SdProductName                                      isrt.obl(SDPRODCT.obs)
386  SdRegisterUser                                     isrt.obl(SDREGU.obs)
387  SdRemoveEndSpace                                   isrt.obl(SDINT.obs)
388  SdSelectFolder                                     isrt.obl(SDSFDR.obs)
389  SdSetDlgTitle                                      isrt.obl(SDINT.obs)
390  SdSetStatic                                        isrt.obl(SDINT.obs)
391  SdSetupTypeEx                                      isrt.obl(Sdstypex.obs)
392  SdShowInfoList                                     isrt.obl(SDSINFOL.obs)
393  SdShowMsg                                          isrt.obl(SDSMSG.obs)
394  SdStartCopy                                        isrt.obl(SDSCOPY.obs)
395  SdUnInit                                           isrt.obl(SDINT.obs)
396  SdVerifyFolder                                     isrt.obl(SDINT.obs)
397  SdWelcome                                          isrt.obl(SDWEL.obs)
398  SdWelcomeMaint                                     isrt.obl(SdWelcomeMaint.obs)
399  SelectDir                                          isrt.obl(SelectDir.obs)
400  SelectDirNoLog                                     isrt.obl(SelectDir.obs)
401  SendMessage                                        isrt.obl(Misc.obs)
402  SetCmdLine                                         isrt.obl(SysVars.obs)
403  SetDialogTitle                                     isrt.obl(Dialogs.obs)
404  SetDisplayEffect                                   isrt.obl(ui.obs)
405  SetFolderDesktop                                   isrt.obl(SysVars.obs)
406  SetFolderPrograms                                  isrt.obl(SysVars.obs)
407  SetFolderStartMenu                                 isrt.obl(SysVars.obs)
408  SetFolderStartup                                   isrt.obl(SysVars.obs)
409  SetInstallationInfo                                isrt.obl(Registry.obs)
410  SetStatusWindow                                    isrt.obl(ui.obs)
411  SetTitle                                           isrt.obl(ui.obs)
412  ShowObjWizardPages                                 isrt.obl(Objects.obs)
413  ShowWizardPages                                    isrt.obl(Driver.obs)
414  SilentCreateFile                                   isrt.obl(Silent.obs)
415  SilentDoGeneralInfo                                isrt.obl(Silent.obs)
416  SilentFailed                                       isrt.obl(Silent.obs)
417  SilentFinish                                       isrt.obl(Silent.obs)
418  SilentGetMode                                      isrt.obl(Silent.obs)
419  SilentInit                                         isrt.obl(Silent.obs)
420  SilentLogWriteData                                 isrt.obl(Silent.obs)
421  SilentReadData                                     isrt.obl(Silent.obs)
422  SilentSetInfo                                      isrt.obl(Silent.obs)
423  SilentSetMode                                      isrt.obl(Silent.obs)
424  SilentWriteData                                    isrt.obl(Silent.obs)
425  Sprintf                                            isrt.obl(Str.obs)
426  SprintfBox                                         isrt.obl(MsgBox.obs)
427  StatusUpdate                                       isrt.obl(ui.obs)
428  StrGetTokens                                       isrt.obl(Str.obs)
429  StrLength                                          isrt.obl(Str.obs)
430  StrRemoveLastSlash                                 isrt.obl(Str.obs)
431  StrRemoveSpaces                                    isrt.obl(Str.obs)
432  StrToUpper                                         isrt.obl(Str.obs)
433  SysVarsInit                                        isrt.obl(SysVars.obs)
434  SysVarsUnInit                                      isrt.obl(SysVars.obs)
435  System                                             isrt.obl(Misc.obs)
436  TreeViewCreate                                     isrt.obl(CmptView.obs)
437  USER.EnableWindow                                  Setup.Obs
438  USER.GetClassName                                  Setup.Obs
439  USER.GetClientRect                                 Setup.Obs
440  USER.GetDC                                         Setup.Obs
441  USER.GetDlgItem                                    Setup.Obs
442  USER.GetFocus                                      Setup.Obs
443  USER.GetWindowLong                                 Setup.Obs
444  USER.GetWindowRect                                 Setup.Obs
445  USER.IsIconic                                      Setup.Obs
446  USER.IsWindow                                      Setup.Obs
447  USER.IsWindowVisible                               isrt.obl(AskDestPath.obs)
448  USER.LoadString                                    Setup.Obs
449  USER.MoveWindow                                    Setup.Obs
450  USER.ReleaseDC                                     Setup.Obs
451  USER.SendMessageA                                  isrt.obl(AskDestPath.obs)
452  USER.SetFocus                                      Setup.Obs
453  USER.SetForegroundWindow                           isrt.obl(AskDestPath.obs)
454  USER.SetWindowPos                                  Setup.Obs
455  USER.SetWindowText                                 Setup.Obs
456  USER.ShowWindow                                    Setup.Obs
457  USER32.CharUpperBuffA                              isrt.obl(AskDestPath.obs)
458  USER32.DrawText                                    isrt.obl(AskDestPath.obs)
459  USER32.GetSystemMetrics                            isrt.obl(AskDestPath.obs)
460  USER32.GetWindowText                               isrt.obl(AskDestPath.obs)
461  USER32.GetWindowTextLength                         isrt.obl(AskDestPath.obs)
462  USER32.InvalidateRect                              isrt.obl(AskDestPath.obs)
463  USER32.MessageBoxA                                 isrt.obl(AskDestPath.obs)
464  USER32.ScreenToClient                              isrt.obl(AskDestPath.obs)
465  USER32.SendMessageA                                isrt.obl(AskDestPath.obs)
466  USER32.SetWindowLong                               isrt.obl(AskDestPath.obs)
467  USER32.SetWindowRgn                                isrt.obl(AskDestPath.obs)
468  VarRestore                                         isrt.obl(SysVars.obs)
469  VarSave                                            isrt.obl(SysVars.obs)
470  WaitOnDialog                                       isrt.obl(CustomDlg.obs)
471  WriteLine                                          isrt.obl(Files.obs)
472  WriteProfString                                    isrt.obl(Profile.obs)
473  WriteProperties                                    ifx.obl(PersistPropertyBag.obs)
474  _HandleException                                   isrt.obl(exceptions.obs)
475  _WinSubEnableControl                               isrt.obl(WINSUB.obs)
476  _WinSubEnableWindow                                isrt.obl(WINSUB.obs)
477  _WinSubFocusControl                                isrt.obl(WINSUB.obs)
478  _WinSubFocusWindow                                 isrt.obl(WINSUB.obs)
479  _WinSubGetChildWindow                              isrt.obl(WINSUB.obs)
480  _WinSubIsWindow                                    isrt.obl(WINSUB.obs)
481  __DefaultExitHandler                               isrt.obl(handlers.obs)
482  __ISRTDoExit                                       isrt.obl(Misc.obs)
483  __ISRTInit                                         isrt.obl(ISRTInit.obs)
484  __ISRTRestoreMainLog                               isrt.obl(ISRTInit.obs)
485  __ISRTSetComponentLog                              isrt.obl(ISRTInit.obs)
486  __ISRTUnInit                                       isrt.obl(ISRTInit.obs)
487  __LoadIScriptString                                isrt.obl(LoadStr.obs)
488  program                                            ifx.obl(Driver.obs)
489  sfc.SRSetRestorePoint                              Setup.Obs


***** External Variables *****
1    BATCH_INSTALL                                      Setup.Obs
2    CMDLINE                                            isrt.obl(DebugSymbols.obs)
3    COMMONFILES                                        isrt.obl(DebugSymbols.obs)
4    DISK1TARGET                                        Setup.Obs
5    ERRORFILENAME                                      Setup.Obs
6    Err                                                Setup.Obs
7    FILETIME                                           isrt.obl(AskDestPath.obs)
8    FIND_DATA                                          isrt.obl(AskDestPath.obs)
9    FOLDER_DESKTOP                                     isrt.obl(DebugSymbols.obs)
10   FOLDER_PROGRAMS                                    isrt.obl(DebugSymbols.obs)
11   FOLDER_STARTMENU                                   isrt.obl(DebugSymbols.obs)
12   FOLDER_STARTUP                                     isrt.obl(DebugSymbols.obs)
13   FileRegistrar                                      Setup.Obs
14   ISRES                                              isrt.obl(DebugSymbols.obs)
15   ISUSER                                             isrt.obl(DebugSymbols.obs)
16   ISVERSION                                          isrt.obl(DebugSymbols.obs)
17   InetSRCDIR                                         Setup.Obs
18   LAST_RESULT                                        Setup.Obs
19   LogDB                                              Setup.Obs
20   MAINTENANCE                                        isrt.obl(DebugSymbols.obs)
21   MEDIA                                              Setup.Obs
22   MODE                                               isrt.obl(DebugSymbols.obs)
23   MainWindow                                         Setup.Obs
24   NOTHING                                            Setup.Obs
25   OSINFO_PLATFORM_INFO                               Setup.Obs
26   OSVERSIONINFO                                      isrt.obl(AskDestPath.obs)
27   OSVERSIONINFOEX                                    isrt.obl(AskDestPath.obs)
28   Objects                                            Setup.Obs
29   PRODUCT_GUID                                       isrt.obl(DebugSymbols.obs)
30   PROGRAMFILES                                       isrt.obl(DebugSymbols.obs)
31   RECT                                               isrt.obl(AskDestPath.obs)
32   Reboot                                             Setup.Obs
33   SELECTED_LANGUAGE                                  isrt.obl(DebugSymbols.obs)
34   SHELL_OBJECT_FOLDER                                Setup.Obs
35   SRCDIR                                             Setup.Obs
36   SRCDISK                                            isrt.obl(DebugSymbols.obs)
37   SUPPORTDIR                                         isrt.obl(DebugSymbols.obs)
38   SYSTEMTIME                                         isrt.obl(AskDestPath.obs)
39   SetupInfo                                          Setup.Obs
40   StatusDlg                                          Setup.Obs
41   TARGETDIR                                          Setup.Obs
42   TARGETDISK                                         isrt.obl(DebugSymbols.obs)
43   TextSub                                            Setup.Obs
44   UNINST                                             Setup.Obs
45   UNINSTALL_STRING                                   Setup.Obs
46   WINDIR                                             isrt.obl(DebugSymbols.obs)
47   WINDISK                                            isrt.obl(DebugSymbols.obs)
48   WINSYSDIR                                          isrt.obl(DebugSymbols.obs)
49   WINSYSDISK                                         isrt.obl(DebugSymbols.obs)
50   _INT64                                             Setup.Obs
51   _RESTOREINFO_                                      Setup.Obs
52   _RESTOREPTINFO                                     Setup.Obs
53   _SMGRSTATUS                                        Setup.Obs
54   _SMGSTATUS_                                        Setup.Obs
55   _WIN9X                                             Setup.Obs
56   _WINNT                                             Setup.Obs
57   __SYSTEMINFORMATION                                Setup.Obs
58   __hContext                                         isrt.obl(AskYesNo.obs)
59   __objGlobalTextSub                                 Setup.Obs
60   __szGUID                                           isrt.obl(ISRTInit.obs)
61   bBackButton                                        Setup.Obs
62   bCancelButton                                      Setup.Obs
63   bEnterDiskBeep                                     isrt.obl(AskDestPath.obs)
64   bFinishButton                                      Setup.Obs
65   bIFXLFNoToAll                                      Setup.Obs
66   bIFXLFOnRebootToAll                                Setup.Obs
67   bIFXLFYesToAll                                     Setup.Obs
68   bIFXMD5IgnoreToAll                                 Setup.Obs
69   bIFXRONoToAll                                      Setup.Obs
70   bIFXROYesToAll                                     Setup.Obs
71   bIFXSFNoToAll                                      Setup.Obs
72   bIFXSFYesToAll                                     Setup.Obs
73   bIfxPCHInitialized                                 Setup.Obs
74   bIfxPCHOn                                          Setup.Obs
75   bInstall16                                         Setup.Obs
76   bNextButton                                        Setup.Obs
77   bSdInit                                            Setup.Obs
78   bViewCmptKunits                                    Setup.Obs
79   bViewCmptUseDecimal                                Setup.Obs
80   g_bSuppressMissingStringWarning                    isrt.obl(Enable.obs)
81   nIFXROKey                                          ifx.obl(EventsMIO.obs)
82   nIFXSFKey                                          ifx.obl(EventsMIO.obs)
83   nIfxPCHType                                        Setup.Obs
84   szAppKey                                           Setup.Obs
85   szInstallDeinstKey                                 Setup.Obs
86   szSdProduct                                        Setup.Obs
87   szSdStr_NotEnoughSpace                             Setup.Obs
